[ 50%] Built target jtc_node
[100%] Built target moveit_drive
-- Install configuration: ""
-- Execute custom install script
-- Up-to-date symlink: /home/hareesh/risk/install/kuka_arm_pkg/lib/kuka_arm_pkg/jtc_node
-- Up-to-date symlink: /home/hareesh/risk/install/kuka_arm_pkg/lib/kuka_arm_pkg/moveit_drive
-- Up-to-date symlink: /home/hareesh/risk/install/kuka_arm_pkg/share/kuka_arm_pkg/src/cam_coord.py
-- Up-to-date symlink: /home/hareesh/risk/install/kuka_arm_pkg/share/kuka_arm_pkg/src/gazebo_camera_node.py
-- Up-to-date symlink: /home/hareesh/risk/install/kuka_arm_pkg/share/kuka_arm_pkg/src/joint_trajectory_controller.cpp
-- Up-to-date symlink: /home/hareesh/risk/install/kuka_arm_pkg/share/kuka_arm_pkg/src/motion_drive_moveit.cpp
-- Up-to-date symlink: /home/hareesh/risk/install/kuka_arm_pkg/share/kuka_arm_pkg/src/pick_and_place.py
-- Up-to-date symlink: /home/hareesh/risk/install/kuka_arm_pkg/share/kuka_arm_pkg/src/ros2_grasp_library/.git/HEAD
-- Up-to-date symlink: /home/hareesh/risk/install/kuka_arm_pkg/share/kuka_arm_pkg/src/ros2_grasp_library/.git/config
-- Up-to-date symlink: /home/hareesh/risk/install/kuka_arm_pkg/share/kuka_arm_pkg/src/ros2_grasp_library/.git/description
-- Up-to-date symlink: /home/hareesh/risk/install/kuka_arm_pkg/share/kuka_arm_pkg/src/ros2_grasp_library/.git/hooks/applypatch-msg.sample
-- Up-to-date symlink: /home/hareesh/risk/install/kuka_arm_pkg/share/kuka_arm_pkg/src/ros2_grasp_library/.git/hooks/commit-msg.sample
-- Up-to-date symlink: /home/hareesh/risk/install/kuka_arm_pkg/share/kuka_arm_pkg/src/ros2_grasp_library/.git/hooks/fsmonitor-watchman.sample
-- Up-to-date symlink: /home/hareesh/risk/install/kuka_arm_pkg/share/kuka_arm_pkg/src/ros2_grasp_library/.git/hooks/post-update.sample
-- Up-to-date symlink: /home/hareesh/risk/install/kuka_arm_pkg/share/kuka_arm_pkg/src/ros2_grasp_library/.git/hooks/pre-applypatch.sample
-- Up-to-date symlink: /home/hareesh/risk/install/kuka_arm_pkg/share/kuka_arm_pkg/src/ros2_grasp_library/.git/hooks/pre-commit.sample
-- Up-to-date symlink: /home/hareesh/risk/install/kuka_arm_pkg/share/kuka_arm_pkg/src/ros2_grasp_library/.git/hooks/pre-merge-commit.sample
-- Up-to-date symlink: /home/hareesh/risk/install/kuka_arm_pkg/share/kuka_arm_pkg/src/ros2_grasp_library/.git/hooks/pre-push.sample
-- Up-to-date symlink: /home/hareesh/risk/install/kuka_arm_pkg/share/kuka_arm_pkg/src/ros2_grasp_library/.git/hooks/pre-rebase.sample
-- Up-to-date symlink: /home/hareesh/risk/install/kuka_arm_pkg/share/kuka_arm_pkg/src/ros2_grasp_library/.git/hooks/pre-receive.sample
-- Up-to-date symlink: /home/hareesh/risk/install/kuka_arm_pkg/share/kuka_arm_pkg/src/ros2_grasp_library/.git/hooks/prepare-commit-msg.sample
-- Up-to-date symlink: /home/hareesh/risk/install/kuka_arm_pkg/share/kuka_arm_pkg/src/ros2_grasp_library/.git/hooks/push-to-checkout.sample
-- Up-to-date symlink: /home/hareesh/risk/install/kuka_arm_pkg/share/kuka_arm_pkg/src/ros2_grasp_library/.git/hooks/update.sample
-- Up-to-date symlink: /home/hareesh/risk/install/kuka_arm_pkg/share/kuka_arm_pkg/src/ros2_grasp_library/.git/index
-- Up-to-date symlink: /home/hareesh/risk/install/kuka_arm_pkg/share/kuka_arm_pkg/src/ros2_grasp_library/.git/info/exclude
-- Up-to-date symlink: /home/hareesh/risk/install/kuka_arm_pkg/share/kuka_arm_pkg/src/ros2_grasp_library/.git/logs/HEAD
-- Up-to-date symlink: /home/hareesh/risk/install/kuka_arm_pkg/share/kuka_arm_pkg/src/ros2_grasp_library/.git/logs/refs/heads/master
-- Up-to-date symlink: /home/hareesh/risk/install/kuka_arm_pkg/share/kuka_arm_pkg/src/ros2_grasp_library/.git/logs/refs/remotes/origin/HEAD
-- Up-to-date symlink: /home/hareesh/risk/install/kuka_arm_pkg/share/kuka_arm_pkg/src/ros2_grasp_library/.git/objects/pack/pack-0e8454a81f4f81247613e1a1afa2be40e1ea9d9e.idx
-- Up-to-date symlink: /home/hareesh/risk/install/kuka_arm_pkg/share/kuka_arm_pkg/src/ros2_grasp_library/.git/objects/pack/pack-0e8454a81f4f81247613e1a1afa2be40e1ea9d9e.pack
-- Up-to-date symlink: /home/hareesh/risk/install/kuka_arm_pkg/share/kuka_arm_pkg/src/ros2_grasp_library/.git/packed-refs
-- Up-to-date symlink: /home/hareesh/risk/install/kuka_arm_pkg/share/kuka_arm_pkg/src/ros2_grasp_library/.git/refs/heads/master
-- Up-to-date symlink: /home/hareesh/risk/install/kuka_arm_pkg/share/kuka_arm_pkg/src/ros2_grasp_library/.git/refs/remotes/origin/HEAD
-- Up-to-date symlink: /home/hareesh/risk/install/kuka_arm_pkg/share/kuka_arm_pkg/src/ros2_grasp_library/.gitignore
-- Up-to-date symlink: /home/hareesh/risk/install/kuka_arm_pkg/share/kuka_arm_pkg/src/ros2_grasp_library/CHANGELOG.rst
-- Up-to-date symlink: /home/hareesh/risk/install/kuka_arm_pkg/share/kuka_arm_pkg/src/ros2_grasp_library/LICENSE
-- Up-to-date symlink: /home/hareesh/risk/install/kuka_arm_pkg/share/kuka_arm_pkg/src/ros2_grasp_library/README.md
-- Up-to-date symlink: /home/hareesh/risk/install/kuka_arm_pkg/share/kuka_arm_pkg/src/ros2_grasp_library/docker/Dockerfile
-- Up-to-date symlink: /home/hareesh/risk/install/kuka_arm_pkg/share/kuka_arm_pkg/src/ros2_grasp_library/docker/README.md
-- Up-to-date symlink: /home/hareesh/risk/install/kuka_arm_pkg/share/kuka_arm_pkg/src/ros2_grasp_library/docker/script/00_ros2_install.sh
-- Up-to-date symlink: /home/hareesh/risk/install/kuka_arm_pkg/share/kuka_arm_pkg/src/ros2_grasp_library/docker/script/10_eigen_install.sh
-- Up-to-date symlink: /home/hareesh/risk/install/kuka_arm_pkg/share/kuka_arm_pkg/src/ros2_grasp_library/docker/script/11_libpcl_install.sh
-- Up-to-date symlink: /home/hareesh/risk/install/kuka_arm_pkg/share/kuka_arm_pkg/src/ros2_grasp_library/docker/script/12_opencv_install.sh
-- Up-to-date symlink: /home/hareesh/risk/install/kuka_arm_pkg/share/kuka_arm_pkg/src/ros2_grasp_library/docker/script/13_openvino_install.sh
-- Up-to-date symlink: /home/hareesh/risk/install/kuka_arm_pkg/share/kuka_arm_pkg/src/ros2_grasp_library/docker/script/20_librealsense_install.sh
-- Up-to-date symlink: /home/hareesh/risk/install/kuka_arm_pkg/share/kuka_arm_pkg/src/ros2_grasp_library/docker/script/30_gpg_install.sh
-- Up-to-date symlink: /home/hareesh/risk/install/kuka_arm_pkg/share/kuka_arm_pkg/src/ros2_grasp_library/docker/script/31_gpd_install.sh
-- Up-to-date symlink: /home/hareesh/risk/install/kuka_arm_pkg/share/kuka_arm_pkg/src/ros2_grasp_library/docker/script/32_ur_modern_driver_install.sh
-- Up-to-date symlink: /home/hareesh/risk/install/kuka_arm_pkg/share/kuka_arm_pkg/src/ros2_grasp_library/docker/script/50_ros2_deps.sh
-- Up-to-date symlink: /home/hareesh/risk/install/kuka_arm_pkg/share/kuka_arm_pkg/src/ros2_grasp_library/docker/script/install_ros2_grasp_library.sh
-- Up-to-date symlink: /home/hareesh/risk/install/kuka_arm_pkg/share/kuka_arm_pkg/src/ros2_grasp_library/docker/script/ros_entrypoint.sh
-- Up-to-date symlink: /home/hareesh/risk/install/kuka_arm_pkg/share/kuka_arm_pkg/src/ros2_grasp_library/docker/script/ros_env.sh
-- Up-to-date symlink: /home/hareesh/risk/install/kuka_arm_pkg/share/kuka_arm_pkg/src/ros2_grasp_library/docker/setup_docker_display.sh
-- Up-to-date symlink: /home/hareesh/risk/install/kuka_arm_pkg/share/kuka_arm_pkg/src/ros2_grasp_library/grasp_apps/draw_x/CMakeLists.txt
-- Up-to-date symlink: /home/hareesh/risk/install/kuka_arm_pkg/share/kuka_arm_pkg/src/ros2_grasp_library/grasp_apps/draw_x/README.md
-- Up-to-date symlink: /home/hareesh/risk/install/kuka_arm_pkg/share/kuka_arm_pkg/src/ros2_grasp_library/grasp_apps/draw_x/launch/draw_x.launch.py
-- Up-to-date symlink: /home/hareesh/risk/install/kuka_arm_pkg/share/kuka_arm_pkg/src/ros2_grasp_library/grasp_apps/draw_x/launch/draw_x.yaml
-- Up-to-date symlink: /home/hareesh/risk/install/kuka_arm_pkg/share/kuka_arm_pkg/src/ros2_grasp_library/grasp_apps/draw_x/package.xml
-- Up-to-date symlink: /home/hareesh/risk/install/kuka_arm_pkg/share/kuka_arm_pkg/src/ros2_grasp_library/grasp_apps/draw_x/src/draw_x.cpp
-- Up-to-date symlink: /home/hareesh/risk/install/kuka_arm_pkg/share/kuka_arm_pkg/src/ros2_grasp_library/grasp_apps/fixed_position_pick/CMakeLists.txt
-- Up-to-date symlink: /home/hareesh/risk/install/kuka_arm_pkg/share/kuka_arm_pkg/src/ros2_grasp_library/grasp_apps/fixed_position_pick/README.md
-- Up-to-date symlink: /home/hareesh/risk/install/kuka_arm_pkg/share/kuka_arm_pkg/src/ros2_grasp_library/grasp_apps/fixed_position_pick/launch/fixed_position_pick.launch.py
-- Up-to-date symlink: /home/hareesh/risk/install/kuka_arm_pkg/share/kuka_arm_pkg/src/ros2_grasp_library/grasp_apps/fixed_position_pick/launch/fixed_position_pick.yaml
-- Up-to-date symlink: /home/hareesh/risk/install/kuka_arm_pkg/share/kuka_arm_pkg/src/ros2_grasp_library/grasp_apps/fixed_position_pick/package.xml
-- Up-to-date symlink: /home/hareesh/risk/install/kuka_arm_pkg/share/kuka_arm_pkg/src/ros2_grasp_library/grasp_apps/fixed_position_pick/src/fixed_position_pick.cpp
-- Up-to-date symlink: /home/hareesh/risk/install/kuka_arm_pkg/share/kuka_arm_pkg/src/ros2_grasp_library/grasp_apps/random_pick/CMakeLists.txt
-- Up-to-date symlink: /home/hareesh/risk/install/kuka_arm_pkg/share/kuka_arm_pkg/src/ros2_grasp_library/grasp_apps/random_pick/README.md
-- Up-to-date symlink: /home/hareesh/risk/install/kuka_arm_pkg/share/kuka_arm_pkg/src/ros2_grasp_library/grasp_apps/random_pick/cfg/random_pick.yaml
-- Up-to-date symlink: /home/hareesh/risk/install/kuka_arm_pkg/share/kuka_arm_pkg/src/ros2_grasp_library/grasp_apps/random_pick/package.xml
-- Up-to-date symlink: /home/hareesh/risk/install/kuka_arm_pkg/share/kuka_arm_pkg/src/ros2_grasp_library/grasp_apps/random_pick/rviz2/random_pick.rviz
-- Up-to-date symlink: /home/hareesh/risk/install/kuka_arm_pkg/share/kuka_arm_pkg/src/ros2_grasp_library/grasp_apps/random_pick/src/random_pick.cpp
-- Up-to-date symlink: /home/hareesh/risk/install/kuka_arm_pkg/share/kuka_arm_pkg/src/ros2_grasp_library/grasp_apps/recognize_pick/CMakeLists.txt
-- Up-to-date symlink: /home/hareesh/risk/install/kuka_arm_pkg/share/kuka_arm_pkg/src/ros2_grasp_library/grasp_apps/recognize_pick/README.md
-- Up-to-date symlink: /home/hareesh/risk/install/kuka_arm_pkg/share/kuka_arm_pkg/src/ros2_grasp_library/grasp_apps/recognize_pick/cfg/recognize_pick.yaml
-- Up-to-date symlink: /home/hareesh/risk/install/kuka_arm_pkg/share/kuka_arm_pkg/src/ros2_grasp_library/grasp_apps/recognize_pick/package.xml
-- Up-to-date symlink: /home/hareesh/risk/install/kuka_arm_pkg/share/kuka_arm_pkg/src/ros2_grasp_library/grasp_apps/recognize_pick/rviz2/recognize_pick.rviz
-- Up-to-date symlink: /home/hareesh/risk/install/kuka_arm_pkg/share/kuka_arm_pkg/src/ros2_grasp_library/grasp_apps/recognize_pick/src/place_publisher.cpp
-- Up-to-date symlink: /home/hareesh/risk/install/kuka_arm_pkg/share/kuka_arm_pkg/src/ros2_grasp_library/grasp_apps/recognize_pick/src/recognize_pick.cpp
-- Up-to-date symlink: /home/hareesh/risk/install/kuka_arm_pkg/share/kuka_arm_pkg/src/ros2_grasp_library/grasp_msgs/CMakeLists.txt
-- Up-to-date symlink: /home/hareesh/risk/install/kuka_arm_pkg/share/kuka_arm_pkg/src/ros2_grasp_library/grasp_msgs/msg/CloudIndexed.msg
-- Up-to-date symlink: /home/hareesh/risk/install/kuka_arm_pkg/share/kuka_arm_pkg/src/ros2_grasp_library/grasp_msgs/msg/CloudSamples.msg
-- Up-to-date symlink: /home/hareesh/risk/install/kuka_arm_pkg/share/kuka_arm_pkg/src/ros2_grasp_library/grasp_msgs/msg/CloudSources.msg
-- Up-to-date symlink: /home/hareesh/risk/install/kuka_arm_pkg/share/kuka_arm_pkg/src/ros2_grasp_library/grasp_msgs/msg/GraspConfig.msg
-- Up-to-date symlink: /home/hareesh/risk/install/kuka_arm_pkg/share/kuka_arm_pkg/src/ros2_grasp_library/grasp_msgs/msg/GraspConfigList.msg
-- Up-to-date symlink: /home/hareesh/risk/install/kuka_arm_pkg/share/kuka_arm_pkg/src/ros2_grasp_library/grasp_msgs/msg/SamplesMsg.msg
-- Up-to-date symlink: /home/hareesh/risk/install/kuka_arm_pkg/share/kuka_arm_pkg/src/ros2_grasp_library/grasp_msgs/package.xml
-- Up-to-date symlink: /home/hareesh/risk/install/kuka_arm_pkg/share/kuka_arm_pkg/src/ros2_grasp_library/grasp_ros2/CMakeLists.txt
-- Up-to-date symlink: /home/hareesh/risk/install/kuka_arm_pkg/share/kuka_arm_pkg/src/ros2_grasp_library/grasp_ros2/README.md
-- Up-to-date symlink: /home/hareesh/risk/install/kuka_arm_pkg/share/kuka_arm_pkg/src/ros2_grasp_library/grasp_ros2/cfg/grasp_ros2_params.yaml
-- Up-to-date symlink: /home/hareesh/risk/install/kuka_arm_pkg/share/kuka_arm_pkg/src/ros2_grasp_library/grasp_ros2/cfg/random_pick.yaml
-- Up-to-date symlink: /home/hareesh/risk/install/kuka_arm_pkg/share/kuka_arm_pkg/src/ros2_grasp_library/grasp_ros2/cfg/recognize_pick.yaml
-- Up-to-date symlink: /home/hareesh/risk/install/kuka_arm_pkg/share/kuka_arm_pkg/src/ros2_grasp_library/grasp_ros2/cfg/test_grasp_ros2.yaml
-- Up-to-date symlink: /home/hareesh/risk/install/kuka_arm_pkg/share/kuka_arm_pkg/src/ros2_grasp_library/grasp_ros2/include/grasp_library/ros2/consts.hpp
-- Up-to-date symlink: /home/hareesh/risk/install/kuka_arm_pkg/share/kuka_arm_pkg/src/ros2_grasp_library/grasp_ros2/include/grasp_library/ros2/grasp_detector_base.hpp
-- Up-to-date symlink: /home/hareesh/risk/install/kuka_arm_pkg/share/kuka_arm_pkg/src/ros2_grasp_library/grasp_ros2/include/grasp_library/ros2/grasp_detector_gpd.hpp
-- Up-to-date symlink: /home/hareesh/risk/install/kuka_arm_pkg/share/kuka_arm_pkg/src/ros2_grasp_library/grasp_ros2/include/grasp_library/ros2/grasp_planner.hpp
-- Up-to-date symlink: /home/hareesh/risk/install/kuka_arm_pkg/share/kuka_arm_pkg/src/ros2_grasp_library/grasp_ros2/include/grasp_library/ros2/ros_params.hpp
-- Up-to-date symlink: /home/hareesh/risk/install/kuka_arm_pkg/share/kuka_arm_pkg/src/ros2_grasp_library/grasp_ros2/package.xml
-- Up-to-date symlink: /home/hareesh/risk/install/kuka_arm_pkg/share/kuka_arm_pkg/src/ros2_grasp_library/grasp_ros2/rviz2/grasp.rviz
-- Up-to-date symlink: /home/hareesh/risk/install/kuka_arm_pkg/share/kuka_arm_pkg/src/ros2_grasp_library/grasp_ros2/src/consts.cpp
-- Up-to-date symlink: /home/hareesh/risk/install/kuka_arm_pkg/share/kuka_arm_pkg/src/ros2_grasp_library/grasp_ros2/src/grasp_composition.cpp
-- Up-to-date symlink: /home/hareesh/risk/install/kuka_arm_pkg/share/kuka_arm_pkg/src/ros2_grasp_library/grasp_ros2/src/grasp_detector_gpd.cpp
-- Up-to-date symlink: /home/hareesh/risk/install/kuka_arm_pkg/share/kuka_arm_pkg/src/ros2_grasp_library/grasp_ros2/src/grasp_planner.cpp
-- Up-to-date symlink: /home/hareesh/risk/install/kuka_arm_pkg/share/kuka_arm_pkg/src/ros2_grasp_library/grasp_ros2/src/ros_params.cpp
-- Up-to-date symlink: /home/hareesh/risk/install/kuka_arm_pkg/share/kuka_arm_pkg/src/ros2_grasp_library/grasp_ros2/tests/CMakeLists.txt
-- Up-to-date symlink: /home/hareesh/risk/install/kuka_arm_pkg/share/kuka_arm_pkg/src/ros2_grasp_library/grasp_ros2/tests/resource/table_top.pcd
-- Up-to-date symlink: /home/hareesh/risk/install/kuka_arm_pkg/share/kuka_arm_pkg/src/ros2_grasp_library/grasp_ros2/tests/tgrasp_ros2.cpp
-- Up-to-date symlink: /home/hareesh/risk/install/kuka_arm_pkg/share/kuka_arm_pkg/src/ros2_grasp_library/grasp_ros2/tests/tgrasp_ros2.h.in
-- Up-to-date symlink: /home/hareesh/risk/install/kuka_arm_pkg/share/kuka_arm_pkg/src/ros2_grasp_library/grasp_tutorials/CMakeLists.txt
-- Up-to-date symlink: /home/hareesh/risk/install/kuka_arm_pkg/share/kuka_arm_pkg/src/ros2_grasp_library/grasp_tutorials/README.md
-- Up-to-date symlink: /home/hareesh/risk/install/kuka_arm_pkg/share/kuka_arm_pkg/src/ros2_grasp_library/grasp_tutorials/_static/images/draw_x_v_1.png
-- Up-to-date symlink: /home/hareesh/risk/install/kuka_arm_pkg/share/kuka_arm_pkg/src/ros2_grasp_library/grasp_tutorials/_static/images/ilc_platform.png
-- Up-to-date symlink: /home/hareesh/risk/install/kuka_arm_pkg/share/kuka_arm_pkg/src/ros2_grasp_library/grasp_tutorials/_static/images/moveit_app_zoo_global_view.png
-- Up-to-date symlink: /home/hareesh/risk/install/kuka_arm_pkg/share/kuka_arm_pkg/src/ros2_grasp_library/grasp_tutorials/_static/images/pick_place.png
-- Up-to-date symlink: /home/hareesh/risk/install/kuka_arm_pkg/share/kuka_arm_pkg/src/ros2_grasp_library/grasp_tutorials/_static/images/random_pick.png
-- Up-to-date symlink: /home/hareesh/risk/install/kuka_arm_pkg/share/kuka_arm_pkg/src/ros2_grasp_library/grasp_tutorials/_static/images/random_pick_rviz.png
-- Up-to-date symlink: /home/hareesh/risk/install/kuka_arm_pkg/share/kuka_arm_pkg/src/ros2_grasp_library/grasp_tutorials/_static/images/recognize_pick.png
-- Up-to-date symlink: /home/hareesh/risk/install/kuka_arm_pkg/share/kuka_arm_pkg/src/ros2_grasp_library/grasp_tutorials/_static/images/ros2_grasp_library.png
-- Up-to-date symlink: /home/hareesh/risk/install/kuka_arm_pkg/share/kuka_arm_pkg/src/ros2_grasp_library/grasp_tutorials/_static/images/table.png
-- Up-to-date symlink: /home/hareesh/risk/install/kuka_arm_pkg/share/kuka_arm_pkg/src/ros2_grasp_library/grasp_tutorials/_static/images/ur5_setup_verify_gazebo.png
-- Up-to-date symlink: /home/hareesh/risk/install/kuka_arm_pkg/share/kuka_arm_pkg/src/ros2_grasp_library/grasp_tutorials/_static/images/ur5_setup_verify_rviz.png
-- Up-to-date symlink: /home/hareesh/risk/install/kuka_arm_pkg/share/kuka_arm_pkg/src/ros2_grasp_library/grasp_tutorials/_static/images/workflow.png
-- Up-to-date symlink: /home/hareesh/risk/install/kuka_arm_pkg/share/kuka_arm_pkg/src/ros2_grasp_library/grasp_tutorials/_static/images/workflow.vsdx
-- Up-to-date symlink: /home/hareesh/risk/install/kuka_arm_pkg/share/kuka_arm_pkg/src/ros2_grasp_library/grasp_tutorials/conf.py
-- Up-to-date symlink: /home/hareesh/risk/install/kuka_arm_pkg/share/kuka_arm_pkg/src/ros2_grasp_library/grasp_tutorials/doc/bringup_robot.rst
-- Up-to-date symlink: /home/hareesh/risk/install/kuka_arm_pkg/share/kuka_arm_pkg/src/ros2_grasp_library/grasp_tutorials/doc/draw_x.rst
-- Up-to-date symlink: /home/hareesh/risk/install/kuka_arm_pkg/share/kuka_arm_pkg/src/ros2_grasp_library/grasp_tutorials/doc/fixed_position_pick.rst
-- Up-to-date symlink: /home/hareesh/risk/install/kuka_arm_pkg/share/kuka_arm_pkg/src/ros2_grasp_library/grasp_tutorials/doc/getting_start.rst
-- Up-to-date symlink: /home/hareesh/risk/install/kuka_arm_pkg/share/kuka_arm_pkg/src/ros2_grasp_library/grasp_tutorials/doc/grasp_api.rst
-- Up-to-date symlink: /home/hareesh/risk/install/kuka_arm_pkg/share/kuka_arm_pkg/src/ros2_grasp_library/grasp_tutorials/doc/grasp_planner.rst
-- Up-to-date symlink: /home/hareesh/risk/install/kuka_arm_pkg/share/kuka_arm_pkg/src/ros2_grasp_library/grasp_tutorials/doc/grasp_ros2/img/ros2_grasp_library.png
-- Up-to-date symlink: /home/hareesh/risk/install/kuka_arm_pkg/share/kuka_arm_pkg/src/ros2_grasp_library/grasp_tutorials/doc/grasp_ros2/install_gpd.md
-- Up-to-date symlink: /home/hareesh/risk/install/kuka_arm_pkg/share/kuka_arm_pkg/src/ros2_grasp_library/grasp_tutorials/doc/grasp_ros2/install_openvino.md
-- Up-to-date symlink: /home/hareesh/risk/install/kuka_arm_pkg/share/kuka_arm_pkg/src/ros2_grasp_library/grasp_tutorials/doc/grasp_ros2/tutorials_1_grasp_ros2_with_camera.md
-- Up-to-date symlink: /home/hareesh/risk/install/kuka_arm_pkg/share/kuka_arm_pkg/src/ros2_grasp_library/grasp_tutorials/doc/grasp_ros2/tutorials_2_grasp_ros2_test.md
-- Up-to-date symlink: /home/hareesh/risk/install/kuka_arm_pkg/share/kuka_arm_pkg/src/ros2_grasp_library/grasp_tutorials/doc/grasp_ros2/tutorials_3_grasp_ros2_launch_options.md
-- Up-to-date symlink: /home/hareesh/risk/install/kuka_arm_pkg/share/kuka_arm_pkg/src/ros2_grasp_library/grasp_tutorials/doc/handeye_calibration.rst
-- Up-to-date symlink: /home/hareesh/risk/install/kuka_arm_pkg/share/kuka_arm_pkg/src/ros2_grasp_library/grasp_tutorials/doc/overview.rst
-- Up-to-date symlink: /home/hareesh/risk/install/kuka_arm_pkg/share/kuka_arm_pkg/src/ros2_grasp_library/grasp_tutorials/doc/random_pick.rst
-- Up-to-date symlink: /home/hareesh/risk/install/kuka_arm_pkg/share/kuka_arm_pkg/src/ros2_grasp_library/grasp_tutorials/doc/recognize_pick.rst
-- Up-to-date symlink: /home/hareesh/risk/install/kuka_arm_pkg/share/kuka_arm_pkg/src/ros2_grasp_library/grasp_tutorials/doc/robot_interface.rst
-- Up-to-date symlink: /home/hareesh/risk/install/kuka_arm_pkg/share/kuka_arm_pkg/src/ros2_grasp_library/grasp_tutorials/doc/template.rst
-- Up-to-date symlink: /home/hareesh/risk/install/kuka_arm_pkg/share/kuka_arm_pkg/src/ros2_grasp_library/grasp_tutorials/index.rst
-- Up-to-date symlink: /home/hareesh/risk/install/kuka_arm_pkg/share/kuka_arm_pkg/src/ros2_grasp_library/grasp_tutorials/package.xml
-- Up-to-date symlink: /home/hareesh/risk/install/kuka_arm_pkg/share/kuka_arm_pkg/src/ros2_grasp_library/grasp_utils/handeye_dashboard/README.md
-- Up-to-date symlink: /home/hareesh/risk/install/kuka_arm_pkg/share/kuka_arm_pkg/src/ros2_grasp_library/grasp_utils/handeye_dashboard/config/Default.perspective
-- Up-to-date symlink: /home/hareesh/risk/install/kuka_arm_pkg/share/kuka_arm_pkg/src/ros2_grasp_library/grasp_utils/handeye_dashboard/data/camera-robot.json
-- Up-to-date symlink: /home/hareesh/risk/install/kuka_arm_pkg/share/kuka_arm_pkg/src/ros2_grasp_library/grasp_utils/handeye_dashboard/data/dataset.json
-- Up-to-date symlink: /home/hareesh/risk/install/kuka_arm_pkg/share/kuka_arm_pkg/src/ros2_grasp_library/grasp_utils/handeye_dashboard/doc/images/handeye_calibration_result.png
-- Up-to-date symlink: /home/hareesh/risk/install/kuka_arm_pkg/share/kuka_arm_pkg/src/ros2_grasp_library/grasp_utils/handeye_dashboard/doc/images/handeye_dashboard.png
-- Up-to-date symlink: /home/hareesh/risk/install/kuka_arm_pkg/share/kuka_arm_pkg/src/ros2_grasp_library/grasp_utils/handeye_dashboard/doc/images/handeye_target_detection.png
-- Up-to-date symlink: /home/hareesh/risk/install/kuka_arm_pkg/share/kuka_arm_pkg/src/ros2_grasp_library/grasp_utils/handeye_dashboard/doc/images/robot_state.png
-- Up-to-date symlink: /home/hareesh/risk/install/kuka_arm_pkg/share/kuka_arm_pkg/src/ros2_grasp_library/grasp_utils/handeye_dashboard/images/Intel.png
-- Up-to-date symlink: /home/hareesh/risk/install/kuka_arm_pkg/share/kuka_arm_pkg/src/ros2_grasp_library/grasp_utils/handeye_dashboard/images/UR5.png
-- Up-to-date symlink: /home/hareesh/risk/install/kuka_arm_pkg/share/kuka_arm_pkg/src/ros2_grasp_library/grasp_utils/handeye_dashboard/images/capture.png
-- Up-to-date symlink: /home/hareesh/risk/install/kuka_arm_pkg/share/kuka_arm_pkg/src/ros2_grasp_library/grasp_utils/handeye_dashboard/images/tool-calibration.png
-- Up-to-date symlink: /home/hareesh/risk/install/kuka_arm_pkg/share/kuka_arm_pkg/src/ros2_grasp_library/grasp_utils/handeye_dashboard/launch/handeye_dashboard.launch.py
-- Up-to-date symlink: /home/hareesh/risk/install/kuka_arm_pkg/share/kuka_arm_pkg/src/ros2_grasp_library/grasp_utils/handeye_dashboard/package.xml
-- Up-to-date symlink: /home/hareesh/risk/install/kuka_arm_pkg/share/kuka_arm_pkg/src/ros2_grasp_library/grasp_utils/handeye_dashboard/plugin.xml
-- Up-to-date symlink: /home/hareesh/risk/install/kuka_arm_pkg/share/kuka_arm_pkg/src/ros2_grasp_library/grasp_utils/handeye_dashboard/resource/handeye_dashboard
-- Up-to-date symlink: /home/hareesh/risk/install/kuka_arm_pkg/share/kuka_arm_pkg/src/ros2_grasp_library/grasp_utils/handeye_dashboard/setup.py
-- Up-to-date symlink: /home/hareesh/risk/install/kuka_arm_pkg/share/kuka_arm_pkg/src/ros2_grasp_library/grasp_utils/handeye_dashboard/src/handeye_dashboard/__init__.py
-- Up-to-date symlink: /home/hareesh/risk/install/kuka_arm_pkg/share/kuka_arm_pkg/src/ros2_grasp_library/grasp_utils/handeye_dashboard/src/handeye_dashboard/handeye_calibration.py
-- Up-to-date symlink: /home/hareesh/risk/install/kuka_arm_pkg/share/kuka_arm_pkg/src/ros2_grasp_library/grasp_utils/handeye_dashboard/src/handeye_dashboard/main.py
-- Up-to-date symlink: /home/hareesh/risk/install/kuka_arm_pkg/share/kuka_arm_pkg/src/ros2_grasp_library/grasp_utils/handeye_dashboard/src/handeye_dashboard/plugin.py
-- Up-to-date symlink: /home/hareesh/risk/install/kuka_arm_pkg/share/kuka_arm_pkg/src/ros2_grasp_library/grasp_utils/handeye_target_detection/.clang-format
-- Up-to-date symlink: /home/hareesh/risk/install/kuka_arm_pkg/share/kuka_arm_pkg/src/ros2_grasp_library/grasp_utils/handeye_target_detection/CMakeLists.txt
-- Up-to-date symlink: /home/hareesh/risk/install/kuka_arm_pkg/share/kuka_arm_pkg/src/ros2_grasp_library/grasp_utils/handeye_target_detection/README.md
-- Up-to-date symlink: /home/hareesh/risk/install/kuka_arm_pkg/share/kuka_arm_pkg/src/ros2_grasp_library/grasp_utils/handeye_target_detection/cfg/handeye.rviz
-- Up-to-date symlink: /home/hareesh/risk/install/kuka_arm_pkg/share/kuka_arm_pkg/src/ros2_grasp_library/grasp_utils/handeye_target_detection/data/detected/aruco/3X4_aruco.png
-- Up-to-date symlink: /home/hareesh/risk/install/kuka_arm_pkg/share/kuka_arm_pkg/src/ros2_grasp_library/grasp_utils/handeye_target_detection/data/detected/aruco/5X7_aruco.png
-- Up-to-date symlink: /home/hareesh/risk/install/kuka_arm_pkg/share/kuka_arm_pkg/src/ros2_grasp_library/grasp_utils/handeye_target_detection/data/detected/charuco/charuco.png
-- Up-to-date symlink: /home/hareesh/risk/install/kuka_arm_pkg/share/kuka_arm_pkg/src/ros2_grasp_library/grasp_utils/handeye_target_detection/data/detected/chessboard/chessboard.png
-- Up-to-date symlink: /home/hareesh/risk/install/kuka_arm_pkg/share/kuka_arm_pkg/src/ros2_grasp_library/grasp_utils/handeye_target_detection/data/detected/circlegrid/3X5_circles_grid.png
-- Up-to-date symlink: /home/hareesh/risk/install/kuka_arm_pkg/share/kuka_arm_pkg/src/ros2_grasp_library/grasp_utils/handeye_target_detection/data/detected/circlegrid/4X11_circles_grid.png
-- Up-to-date symlink: /home/hareesh/risk/install/kuka_arm_pkg/share/kuka_arm_pkg/src/ros2_grasp_library/grasp_utils/handeye_target_detection/data/pattern/aruco_3X4_DICT_4X4_50.png
-- Up-to-date symlink: /home/hareesh/risk/install/kuka_arm_pkg/share/kuka_arm_pkg/src/ros2_grasp_library/grasp_utils/handeye_target_detection/data/pattern/aruco_5X7_DICT_6X6_250.png
-- Up-to-date symlink: /home/hareesh/risk/install/kuka_arm_pkg/share/kuka_arm_pkg/src/ros2_grasp_library/grasp_utils/handeye_target_detection/data/pattern/asymmetric_circles_grid_3X5.png
-- Up-to-date symlink: /home/hareesh/risk/install/kuka_arm_pkg/share/kuka_arm_pkg/src/ros2_grasp_library/grasp_utils/handeye_target_detection/data/pattern/asymmetric_circles_grid_4X11.png
-- Up-to-date symlink: /home/hareesh/risk/install/kuka_arm_pkg/share/kuka_arm_pkg/src/ros2_grasp_library/grasp_utils/handeye_target_detection/data/pattern/charuco_5X7_DICT_6X6_250.jpg
-- Up-to-date symlink: /home/hareesh/risk/install/kuka_arm_pkg/share/kuka_arm_pkg/src/ros2_grasp_library/grasp_utils/handeye_target_detection/data/pattern/chessboard_9X6.png
-- Up-to-date symlink: /home/hareesh/risk/install/kuka_arm_pkg/share/kuka_arm_pkg/src/ros2_grasp_library/grasp_utils/handeye_target_detection/include/PoseEstimator.h
-- Up-to-date symlink: /home/hareesh/risk/install/kuka_arm_pkg/share/kuka_arm_pkg/src/ros2_grasp_library/grasp_utils/handeye_target_detection/launch/pose_estimation.launch.py
-- Up-to-date symlink: /home/hareesh/risk/install/kuka_arm_pkg/share/kuka_arm_pkg/src/ros2_grasp_library/grasp_utils/handeye_target_detection/launch/pose_estimation.yaml
-- Up-to-date symlink: /home/hareesh/risk/install/kuka_arm_pkg/share/kuka_arm_pkg/src/ros2_grasp_library/grasp_utils/handeye_target_detection/package.xml
-- Up-to-date symlink: /home/hareesh/risk/install/kuka_arm_pkg/share/kuka_arm_pkg/src/ros2_grasp_library/grasp_utils/handeye_target_detection/src/pose_estimation_node.cpp
-- Up-to-date symlink: /home/hareesh/risk/install/kuka_arm_pkg/share/kuka_arm_pkg/src/ros2_grasp_library/grasp_utils/handeye_target_detection/src/pose_estimator.cpp
-- Up-to-date symlink: /home/hareesh/risk/install/kuka_arm_pkg/share/kuka_arm_pkg/src/ros2_grasp_library/grasp_utils/handeye_tf_service/CMakeLists.txt
-- Up-to-date symlink: /home/hareesh/risk/install/kuka_arm_pkg/share/kuka_arm_pkg/src/ros2_grasp_library/grasp_utils/handeye_tf_service/README.md
-- Up-to-date symlink: /home/hareesh/risk/install/kuka_arm_pkg/share/kuka_arm_pkg/src/ros2_grasp_library/grasp_utils/handeye_tf_service/package.xml
-- Up-to-date symlink: /home/hareesh/risk/install/kuka_arm_pkg/share/kuka_arm_pkg/src/ros2_grasp_library/grasp_utils/handeye_tf_service/src/handeye_tf_server.cpp
-- Up-to-date symlink: /home/hareesh/risk/install/kuka_arm_pkg/share/kuka_arm_pkg/src/ros2_grasp_library/grasp_utils/handeye_tf_service/srv/HandeyeTF.srv
-- Up-to-date symlink: /home/hareesh/risk/install/kuka_arm_pkg/share/kuka_arm_pkg/src/ros2_grasp_library/grasp_utils/robot_interface/CMakeLists.txt
-- Up-to-date symlink: /home/hareesh/risk/install/kuka_arm_pkg/share/kuka_arm_pkg/src/ros2_grasp_library/grasp_utils/robot_interface/Doxyfile
-- Up-to-date symlink: /home/hareesh/risk/install/kuka_arm_pkg/share/kuka_arm_pkg/src/ros2_grasp_library/grasp_utils/robot_interface/README.md
-- Up-to-date symlink: /home/hareesh/risk/install/kuka_arm_pkg/share/kuka_arm_pkg/src/ros2_grasp_library/grasp_utils/robot_interface/include/robot_interface/control_base.hpp
-- Up-to-date symlink: /home/hareesh/risk/install/kuka_arm_pkg/share/kuka_arm_pkg/src/ros2_grasp_library/grasp_utils/robot_interface/include/robot_interface/control_ur.hpp
-- Up-to-date symlink: /home/hareesh/risk/install/kuka_arm_pkg/share/kuka_arm_pkg/src/ros2_grasp_library/grasp_utils/robot_interface/launch/ur_test.launch.py
-- Up-to-date symlink: /home/hareesh/risk/install/kuka_arm_pkg/share/kuka_arm_pkg/src/ros2_grasp_library/grasp_utils/robot_interface/launch/ur_test.yaml
-- Up-to-date symlink: /home/hareesh/risk/install/kuka_arm_pkg/share/kuka_arm_pkg/src/ros2_grasp_library/grasp_utils/robot_interface/package.xml
-- Up-to-date symlink: /home/hareesh/risk/install/kuka_arm_pkg/share/kuka_arm_pkg/src/ros2_grasp_library/grasp_utils/robot_interface/src/control_base.cpp
-- Up-to-date symlink: /home/hareesh/risk/install/kuka_arm_pkg/share/kuka_arm_pkg/src/ros2_grasp_library/grasp_utils/robot_interface/src/control_ur.cpp
-- Up-to-date symlink: /home/hareesh/risk/install/kuka_arm_pkg/share/kuka_arm_pkg/src/ros2_grasp_library/grasp_utils/robot_interface/test/ur_test_move_command.cpp
-- Up-to-date symlink: /home/hareesh/risk/install/kuka_arm_pkg/share/kuka_arm_pkg/src/ros2_grasp_library/grasp_utils/robot_interface/test/ur_test_state_publish.cpp
-- Up-to-date symlink: /home/hareesh/risk/install/kuka_arm_pkg/share/kuka_arm_pkg/src/ros2_grasp_library/moveit_msgs_light/CMakeLists.txt
-- Up-to-date symlink: /home/hareesh/risk/install/kuka_arm_pkg/share/kuka_arm_pkg/src/ros2_grasp_library/moveit_msgs_light/README.md
-- Up-to-date symlink: /home/hareesh/risk/install/kuka_arm_pkg/share/kuka_arm_pkg/src/ros2_grasp_library/moveit_msgs_light/msg/CollisionObject.msg
-- Up-to-date symlink: /home/hareesh/risk/install/kuka_arm_pkg/share/kuka_arm_pkg/src/ros2_grasp_library/moveit_msgs_light/msg/Grasp.msg
-- Up-to-date symlink: /home/hareesh/risk/install/kuka_arm_pkg/share/kuka_arm_pkg/src/ros2_grasp_library/moveit_msgs_light/msg/GripperTranslation.msg
-- Up-to-date symlink: /home/hareesh/risk/install/kuka_arm_pkg/share/kuka_arm_pkg/src/ros2_grasp_library/moveit_msgs_light/msg/MoveItErrorCodes.msg
-- Up-to-date symlink: /home/hareesh/risk/install/kuka_arm_pkg/share/kuka_arm_pkg/src/ros2_grasp_library/moveit_msgs_light/msg/ObjectType.msg
-- Up-to-date symlink: /home/hareesh/risk/install/kuka_arm_pkg/share/kuka_arm_pkg/src/ros2_grasp_library/moveit_msgs_light/msg/PlaceLocation.msg
-- Up-to-date symlink: /home/hareesh/risk/install/kuka_arm_pkg/share/kuka_arm_pkg/src/ros2_grasp_library/moveit_msgs_light/package.xml
-- Up-to-date symlink: /home/hareesh/risk/install/kuka_arm_pkg/share/kuka_arm_pkg/src/ros2_grasp_library/moveit_msgs_light/srv/GraspPlanning.srv
-- Up-to-date symlink: /home/hareesh/risk/install/kuka_arm_pkg/share/kuka_arm_pkg/urdf/camera.urdf.xacro
-- Up-to-date symlink: /home/hareesh/risk/install/kuka_arm_pkg/share/kuka_arm_pkg/urdf/kr210.gazebo.xacro
-- Up-to-date symlink: /home/hareesh/risk/install/kuka_arm_pkg/share/kuka_arm_pkg/urdf/kr210.ros2control.xacro
-- Up-to-date symlink: /home/hareesh/risk/install/kuka_arm_pkg/share/kuka_arm_pkg/urdf/kr210.urdf.xacro
-- Up-to-date symlink: /home/hareesh/risk/install/kuka_arm_pkg/share/kuka_arm_pkg/urdf/kr210_moveit.urdf.xacro
-- Up-to-date symlink: /home/hareesh/risk/install/kuka_arm_pkg/share/kuka_arm_pkg/urdf/target.urdf.xacro
-- Up-to-date symlink: /home/hareesh/risk/install/kuka_arm_pkg/share/kuka_arm_pkg/meshes/gripper/finger_left.dae
-- Up-to-date symlink: /home/hareesh/risk/install/kuka_arm_pkg/share/kuka_arm_pkg/meshes/gripper/finger_left_collision.dae
-- Up-to-date symlink: /home/hareesh/risk/install/kuka_arm_pkg/share/kuka_arm_pkg/meshes/gripper/finger_right.dae
-- Up-to-date symlink: /home/hareesh/risk/install/kuka_arm_pkg/share/kuka_arm_pkg/meshes/gripper/finger_right_collision.dae
-- Up-to-date symlink: /home/hareesh/risk/install/kuka_arm_pkg/share/kuka_arm_pkg/meshes/gripper/gripper_base.dae
-- Up-to-date symlink: /home/hareesh/risk/install/kuka_arm_pkg/share/kuka_arm_pkg/meshes/kr210l150/README.md
-- Up-to-date symlink: /home/hareesh/risk/install/kuka_arm_pkg/share/kuka_arm_pkg/meshes/kr210l150/collision/base_link.stl
-- Up-to-date symlink: /home/hareesh/risk/install/kuka_arm_pkg/share/kuka_arm_pkg/meshes/kr210l150/collision/link_1.stl
-- Up-to-date symlink: /home/hareesh/risk/install/kuka_arm_pkg/share/kuka_arm_pkg/meshes/kr210l150/collision/link_2.stl
-- Up-to-date symlink: /home/hareesh/risk/install/kuka_arm_pkg/share/kuka_arm_pkg/meshes/kr210l150/collision/link_3.stl
-- Up-to-date symlink: /home/hareesh/risk/install/kuka_arm_pkg/share/kuka_arm_pkg/meshes/kr210l150/collision/link_4.stl
-- Up-to-date symlink: /home/hareesh/risk/install/kuka_arm_pkg/share/kuka_arm_pkg/meshes/kr210l150/collision/link_5.stl
-- Up-to-date symlink: /home/hareesh/risk/install/kuka_arm_pkg/share/kuka_arm_pkg/meshes/kr210l150/collision/link_6.stl
-- Up-to-date symlink: /home/hareesh/risk/install/kuka_arm_pkg/share/kuka_arm_pkg/meshes/kr210l150/visual/base_link.dae
-- Up-to-date symlink: /home/hareesh/risk/install/kuka_arm_pkg/share/kuka_arm_pkg/meshes/kr210l150/visual/link_1.dae
-- Up-to-date symlink: /home/hareesh/risk/install/kuka_arm_pkg/share/kuka_arm_pkg/meshes/kr210l150/visual/link_2.dae
-- Up-to-date symlink: /home/hareesh/risk/install/kuka_arm_pkg/share/kuka_arm_pkg/meshes/kr210l150/visual/link_3.dae
-- Up-to-date symlink: /home/hareesh/risk/install/kuka_arm_pkg/share/kuka_arm_pkg/meshes/kr210l150/visual/link_4.dae
-- Up-to-date symlink: /home/hareesh/risk/install/kuka_arm_pkg/share/kuka_arm_pkg/meshes/kr210l150/visual/link_5.dae
-- Up-to-date symlink: /home/hareesh/risk/install/kuka_arm_pkg/share/kuka_arm_pkg/meshes/kr210l150/visual/link_6.dae
-- Up-to-date symlink: /home/hareesh/risk/install/kuka_arm_pkg/share/kuka_arm_pkg/config/kuka_arm.rviz
-- Up-to-date symlink: /home/hareesh/risk/install/kuka_arm_pkg/share/kuka_arm_pkg/config/kuka_arm_controllers.yaml
-- Up-to-date symlink: /home/hareesh/risk/install/kuka_arm_pkg/share/kuka_arm_pkg/launch/1_rviz_kuka_arm.launch.py
-- Up-to-date symlink: /home/hareesh/risk/install/kuka_arm_pkg/share/kuka_arm_pkg/launch/2_gazebo_kuka_arm.launch.py
-- Up-to-date symlink: /home/hareesh/risk/install/kuka_arm_pkg/share/kuka_arm_pkg/launch/3_moveit_kuka_arm.launch.py
-- Up-to-date symlink: /home/hareesh/risk/install/kuka_arm_pkg/share/kuka_arm_pkg/launch/4_moveit_node_controlling.launch.py
-- Up-to-date symlink: /home/hareesh/risk/install/kuka_arm_pkg/share/kuka_arm_pkg/launch/5_world.launch.py
-- Up-to-date symlink: /home/hareesh/risk/install/kuka_arm_pkg/share/kuka_arm_pkg/models/kinematics_bin/kinematics_bin.dae
-- Up-to-date symlink: /home/hareesh/risk/install/kuka_arm_pkg/share/kuka_arm_pkg/models/kinematics_bin/model.config
-- Up-to-date symlink: /home/hareesh/risk/install/kuka_arm_pkg/share/kuka_arm_pkg/models/kinematics_bin/model.sdf
-- Up-to-date symlink: /home/hareesh/risk/install/kuka_arm_pkg/share/kuka_arm_pkg/models/kinematics_shelf/kinematics_shelf.dae
-- Up-to-date symlink: /home/hareesh/risk/install/kuka_arm_pkg/share/kuka_arm_pkg/models/kinematics_shelf/model.config
-- Up-to-date symlink: /home/hareesh/risk/install/kuka_arm_pkg/share/kuka_arm_pkg/models/kinematics_shelf/model.sdf
-- Up-to-date symlink: /home/hareesh/risk/install/kuka_arm_pkg/share/kuka_arm_pkg/worlds/cafe.world
-- Up-to-date symlink: /home/hareesh/risk/install/kuka_arm_pkg/share/kuka_arm_pkg/worlds/pick_and_place.world
-- Up-to-date symlink: /home/hareesh/risk/install/kuka_arm_pkg/share/kuka_arm_pkg/worlds/workspace.world
-- Up-to-date symlink: /home/hareesh/risk/install/kuka_arm_pkg/lib/kuka_arm_pkg/gazebo_camera_node.py
-- Up-to-date symlink: /home/hareesh/risk/install/kuka_arm_pkg/lib/kuka_arm_pkg/cam_coord.py
-- Up-to-date symlink: /home/hareesh/risk/install/kuka_arm_pkg/lib/kuka_arm_pkg/pick_and_place.py
-- Up-to-date symlink: /home/hareesh/risk/install/kuka_arm_pkg/share/ament_index/resource_index/package_run_dependencies/kuka_arm_pkg
-- Up-to-date symlink: /home/hareesh/risk/install/kuka_arm_pkg/share/ament_index/resource_index/parent_prefix_path/kuka_arm_pkg
-- Up-to-date symlink: /home/hareesh/risk/install/kuka_arm_pkg/share/kuka_arm_pkg/environment/ament_prefix_path.sh
-- Up-to-date symlink: /home/hareesh/risk/install/kuka_arm_pkg/share/kuka_arm_pkg/environment/ament_prefix_path.dsv
-- Up-to-date symlink: /home/hareesh/risk/install/kuka_arm_pkg/share/kuka_arm_pkg/environment/path.sh
-- Up-to-date symlink: /home/hareesh/risk/install/kuka_arm_pkg/share/kuka_arm_pkg/environment/path.dsv
-- Up-to-date symlink: /home/hareesh/risk/install/kuka_arm_pkg/share/kuka_arm_pkg/local_setup.bash
-- Up-to-date symlink: /home/hareesh/risk/install/kuka_arm_pkg/share/kuka_arm_pkg/local_setup.sh
-- Up-to-date symlink: /home/hareesh/risk/install/kuka_arm_pkg/share/kuka_arm_pkg/local_setup.zsh
-- Up-to-date symlink: /home/hareesh/risk/install/kuka_arm_pkg/share/kuka_arm_pkg/local_setup.dsv
-- Symlinking: /home/hareesh/risk/install/kuka_arm_pkg/share/kuka_arm_pkg/package.dsv
-- Up-to-date symlink: /home/hareesh/risk/install/kuka_arm_pkg/share/ament_index/resource_index/packages/kuka_arm_pkg
-- Up-to-date symlink: /home/hareesh/risk/install/kuka_arm_pkg/share/kuka_arm_pkg/cmake/kuka_arm_pkgConfig.cmake
-- Up-to-date symlink: /home/hareesh/risk/install/kuka_arm_pkg/share/kuka_arm_pkg/cmake/kuka_arm_pkgConfig-version.cmake
-- Up-to-date symlink: /home/hareesh/risk/install/kuka_arm_pkg/share/kuka_arm_pkg/package.xml
