[0.008s] Invoking command in '/home/hareesh/risk/build/kuka_arm_pkg': CMAKE_PREFIX_PATH=/opt/ros/humble /usr/bin/cmake --build /home/hareesh/risk/build/kuka_arm_pkg -- -j16 -l16
[0.085s] [ 50%] Built target jtc_node
[0.105s] [100%] Built target moveit_drive
[0.111s] Invoked command in '/home/hareesh/risk/build/kuka_arm_pkg' returned '0': CMAKE_PREFIX_PATH=/opt/ros/humble /usr/bin/cmake --build /home/hareesh/risk/build/kuka_arm_pkg -- -j16 -l16
[0.135s] Invoking command in '/home/hareesh/risk/build/kuka_arm_pkg': CMAKE_PREFIX_PATH=/opt/ros/humble /usr/bin/cmake --install /home/hareesh/risk/build/kuka_arm_pkg
[0.139s] -- Install configuration: ""
[0.140s] -- Execute custom install script
[0.140s] -- Up-to-date symlink: /home/hareesh/risk/install/kuka_arm_pkg/lib/kuka_arm_pkg/jtc_node
[0.140s] -- Up-to-date symlink: /home/hareesh/risk/install/kuka_arm_pkg/lib/kuka_arm_pkg/moveit_drive
[0.143s] -- Up-to-date symlink: /home/hareesh/risk/install/kuka_arm_pkg/share/kuka_arm_pkg/src/cam_coord.py
[0.143s] -- Up-to-date symlink: /home/hareesh/risk/install/kuka_arm_pkg/share/kuka_arm_pkg/src/gazebo_camera_node.py
[0.143s] -- Up-to-date symlink: /home/hareesh/risk/install/kuka_arm_pkg/share/kuka_arm_pkg/src/joint_trajectory_controller.cpp
[0.143s] -- Up-to-date symlink: /home/hareesh/risk/install/kuka_arm_pkg/share/kuka_arm_pkg/src/motion_drive_moveit.cpp
[0.143s] -- Up-to-date symlink: /home/hareesh/risk/install/kuka_arm_pkg/share/kuka_arm_pkg/src/pick_and_place.py
[0.143s] -- Up-to-date symlink: /home/hareesh/risk/install/kuka_arm_pkg/share/kuka_arm_pkg/src/ros2_grasp_library/.git/HEAD
[0.143s] -- Up-to-date symlink: /home/hareesh/risk/install/kuka_arm_pkg/share/kuka_arm_pkg/src/ros2_grasp_library/.git/config
[0.143s] -- Up-to-date symlink: /home/hareesh/risk/install/kuka_arm_pkg/share/kuka_arm_pkg/src/ros2_grasp_library/.git/description
[0.143s] -- Up-to-date symlink: /home/hareesh/risk/install/kuka_arm_pkg/share/kuka_arm_pkg/src/ros2_grasp_library/.git/hooks/applypatch-msg.sample
[0.143s] -- Up-to-date symlink: /home/hareesh/risk/install/kuka_arm_pkg/share/kuka_arm_pkg/src/ros2_grasp_library/.git/hooks/commit-msg.sample
[0.143s] -- Up-to-date symlink: /home/hareesh/risk/install/kuka_arm_pkg/share/kuka_arm_pkg/src/ros2_grasp_library/.git/hooks/fsmonitor-watchman.sample
[0.143s] -- Up-to-date symlink: /home/hareesh/risk/install/kuka_arm_pkg/share/kuka_arm_pkg/src/ros2_grasp_library/.git/hooks/post-update.sample
[0.143s] -- Up-to-date symlink: /home/hareesh/risk/install/kuka_arm_pkg/share/kuka_arm_pkg/src/ros2_grasp_library/.git/hooks/pre-applypatch.sample
[0.143s] -- Up-to-date symlink: /home/hareesh/risk/install/kuka_arm_pkg/share/kuka_arm_pkg/src/ros2_grasp_library/.git/hooks/pre-commit.sample
[0.143s] -- Up-to-date symlink: /home/hareesh/risk/install/kuka_arm_pkg/share/kuka_arm_pkg/src/ros2_grasp_library/.git/hooks/pre-merge-commit.sample
[0.143s] -- Up-to-date symlink: /home/hareesh/risk/install/kuka_arm_pkg/share/kuka_arm_pkg/src/ros2_grasp_library/.git/hooks/pre-push.sample
[0.143s] -- Up-to-date symlink: /home/hareesh/risk/install/kuka_arm_pkg/share/kuka_arm_pkg/src/ros2_grasp_library/.git/hooks/pre-rebase.sample
[0.143s] -- Up-to-date symlink: /home/hareesh/risk/install/kuka_arm_pkg/share/kuka_arm_pkg/src/ros2_grasp_library/.git/hooks/pre-receive.sample
[0.143s] -- Up-to-date symlink: /home/hareesh/risk/install/kuka_arm_pkg/share/kuka_arm_pkg/src/ros2_grasp_library/.git/hooks/prepare-commit-msg.sample
[0.143s] -- Up-to-date symlink: /home/hareesh/risk/install/kuka_arm_pkg/share/kuka_arm_pkg/src/ros2_grasp_library/.git/hooks/push-to-checkout.sample
[0.144s] -- Up-to-date symlink: /home/hareesh/risk/install/kuka_arm_pkg/share/kuka_arm_pkg/src/ros2_grasp_library/.git/hooks/update.sample
[0.144s] -- Up-to-date symlink: /home/hareesh/risk/install/kuka_arm_pkg/share/kuka_arm_pkg/src/ros2_grasp_library/.git/index
[0.144s] -- Up-to-date symlink: /home/hareesh/risk/install/kuka_arm_pkg/share/kuka_arm_pkg/src/ros2_grasp_library/.git/info/exclude
[0.144s] -- Up-to-date symlink: /home/hareesh/risk/install/kuka_arm_pkg/share/kuka_arm_pkg/src/ros2_grasp_library/.git/logs/HEAD
[0.144s] -- Up-to-date symlink: /home/hareesh/risk/install/kuka_arm_pkg/share/kuka_arm_pkg/src/ros2_grasp_library/.git/logs/refs/heads/master
[0.144s] -- Up-to-date symlink: /home/hareesh/risk/install/kuka_arm_pkg/share/kuka_arm_pkg/src/ros2_grasp_library/.git/logs/refs/remotes/origin/HEAD
[0.144s] -- Up-to-date symlink: /home/hareesh/risk/install/kuka_arm_pkg/share/kuka_arm_pkg/src/ros2_grasp_library/.git/objects/pack/pack-0e8454a81f4f81247613e1a1afa2be40e1ea9d9e.idx
[0.144s] -- Up-to-date symlink: /home/hareesh/risk/install/kuka_arm_pkg/share/kuka_arm_pkg/src/ros2_grasp_library/.git/objects/pack/pack-0e8454a81f4f81247613e1a1afa2be40e1ea9d9e.pack
[0.144s] -- Up-to-date symlink: /home/hareesh/risk/install/kuka_arm_pkg/share/kuka_arm_pkg/src/ros2_grasp_library/.git/packed-refs
[0.144s] -- Up-to-date symlink: /home/hareesh/risk/install/kuka_arm_pkg/share/kuka_arm_pkg/src/ros2_grasp_library/.git/refs/heads/master
[0.144s] -- Up-to-date symlink: /home/hareesh/risk/install/kuka_arm_pkg/share/kuka_arm_pkg/src/ros2_grasp_library/.git/refs/remotes/origin/HEAD
[0.144s] -- Up-to-date symlink: /home/hareesh/risk/install/kuka_arm_pkg/share/kuka_arm_pkg/src/ros2_grasp_library/.gitignore
[0.144s] -- Up-to-date symlink: /home/hareesh/risk/install/kuka_arm_pkg/share/kuka_arm_pkg/src/ros2_grasp_library/CHANGELOG.rst
[0.144s] -- Up-to-date symlink: /home/hareesh/risk/install/kuka_arm_pkg/share/kuka_arm_pkg/src/ros2_grasp_library/LICENSE
[0.144s] -- Up-to-date symlink: /home/hareesh/risk/install/kuka_arm_pkg/share/kuka_arm_pkg/src/ros2_grasp_library/README.md
[0.144s] -- Up-to-date symlink: /home/hareesh/risk/install/kuka_arm_pkg/share/kuka_arm_pkg/src/ros2_grasp_library/docker/Dockerfile
[0.144s] -- Up-to-date symlink: /home/hareesh/risk/install/kuka_arm_pkg/share/kuka_arm_pkg/src/ros2_grasp_library/docker/README.md
[0.144s] -- Up-to-date symlink: /home/hareesh/risk/install/kuka_arm_pkg/share/kuka_arm_pkg/src/ros2_grasp_library/docker/script/00_ros2_install.sh
[0.144s] -- Up-to-date symlink: /home/hareesh/risk/install/kuka_arm_pkg/share/kuka_arm_pkg/src/ros2_grasp_library/docker/script/10_eigen_install.sh
[0.144s] -- Up-to-date symlink: /home/hareesh/risk/install/kuka_arm_pkg/share/kuka_arm_pkg/src/ros2_grasp_library/docker/script/11_libpcl_install.sh
[0.145s] -- Up-to-date symlink: /home/hareesh/risk/install/kuka_arm_pkg/share/kuka_arm_pkg/src/ros2_grasp_library/docker/script/12_opencv_install.sh
[0.145s] -- Up-to-date symlink: /home/hareesh/risk/install/kuka_arm_pkg/share/kuka_arm_pkg/src/ros2_grasp_library/docker/script/13_openvino_install.sh
[0.145s] -- Up-to-date symlink: /home/hareesh/risk/install/kuka_arm_pkg/share/kuka_arm_pkg/src/ros2_grasp_library/docker/script/20_librealsense_install.sh
[0.145s] -- Up-to-date symlink: /home/hareesh/risk/install/kuka_arm_pkg/share/kuka_arm_pkg/src/ros2_grasp_library/docker/script/30_gpg_install.sh
[0.145s] -- Up-to-date symlink: /home/hareesh/risk/install/kuka_arm_pkg/share/kuka_arm_pkg/src/ros2_grasp_library/docker/script/31_gpd_install.sh
[0.145s] -- Up-to-date symlink: /home/hareesh/risk/install/kuka_arm_pkg/share/kuka_arm_pkg/src/ros2_grasp_library/docker/script/32_ur_modern_driver_install.sh
[0.145s] -- Up-to-date symlink: /home/hareesh/risk/install/kuka_arm_pkg/share/kuka_arm_pkg/src/ros2_grasp_library/docker/script/50_ros2_deps.sh
[0.145s] -- Up-to-date symlink: /home/hareesh/risk/install/kuka_arm_pkg/share/kuka_arm_pkg/src/ros2_grasp_library/docker/script/install_ros2_grasp_library.sh
[0.145s] -- Up-to-date symlink: /home/hareesh/risk/install/kuka_arm_pkg/share/kuka_arm_pkg/src/ros2_grasp_library/docker/script/ros_entrypoint.sh
[0.145s] -- Up-to-date symlink: /home/hareesh/risk/install/kuka_arm_pkg/share/kuka_arm_pkg/src/ros2_grasp_library/docker/script/ros_env.sh
[0.145s] -- Up-to-date symlink: /home/hareesh/risk/install/kuka_arm_pkg/share/kuka_arm_pkg/src/ros2_grasp_library/docker/setup_docker_display.sh
[0.145s] -- Up-to-date symlink: /home/hareesh/risk/install/kuka_arm_pkg/share/kuka_arm_pkg/src/ros2_grasp_library/grasp_apps/draw_x/CMakeLists.txt
[0.145s] -- Up-to-date symlink: /home/hareesh/risk/install/kuka_arm_pkg/share/kuka_arm_pkg/src/ros2_grasp_library/grasp_apps/draw_x/README.md
[0.146s] -- Up-to-date symlink: /home/hareesh/risk/install/kuka_arm_pkg/share/kuka_arm_pkg/src/ros2_grasp_library/grasp_apps/draw_x/launch/draw_x.launch.py
[0.146s] -- Up-to-date symlink: /home/hareesh/risk/install/kuka_arm_pkg/share/kuka_arm_pkg/src/ros2_grasp_library/grasp_apps/draw_x/launch/draw_x.yaml
[0.146s] -- Up-to-date symlink: /home/hareesh/risk/install/kuka_arm_pkg/share/kuka_arm_pkg/src/ros2_grasp_library/grasp_apps/draw_x/package.xml
[0.146s] -- Up-to-date symlink: /home/hareesh/risk/install/kuka_arm_pkg/share/kuka_arm_pkg/src/ros2_grasp_library/grasp_apps/draw_x/src/draw_x.cpp
[0.146s] -- Up-to-date symlink: /home/hareesh/risk/install/kuka_arm_pkg/share/kuka_arm_pkg/src/ros2_grasp_library/grasp_apps/fixed_position_pick/CMakeLists.txt
[0.146s] -- Up-to-date symlink: /home/hareesh/risk/install/kuka_arm_pkg/share/kuka_arm_pkg/src/ros2_grasp_library/grasp_apps/fixed_position_pick/README.md
[0.146s] -- Up-to-date symlink: /home/hareesh/risk/install/kuka_arm_pkg/share/kuka_arm_pkg/src/ros2_grasp_library/grasp_apps/fixed_position_pick/launch/fixed_position_pick.launch.py
[0.146s] -- Up-to-date symlink: /home/hareesh/risk/install/kuka_arm_pkg/share/kuka_arm_pkg/src/ros2_grasp_library/grasp_apps/fixed_position_pick/launch/fixed_position_pick.yaml
[0.146s] -- Up-to-date symlink: /home/hareesh/risk/install/kuka_arm_pkg/share/kuka_arm_pkg/src/ros2_grasp_library/grasp_apps/fixed_position_pick/package.xml
[0.146s] -- Up-to-date symlink: /home/hareesh/risk/install/kuka_arm_pkg/share/kuka_arm_pkg/src/ros2_grasp_library/grasp_apps/fixed_position_pick/src/fixed_position_pick.cpp
[0.146s] -- Up-to-date symlink: /home/hareesh/risk/install/kuka_arm_pkg/share/kuka_arm_pkg/src/ros2_grasp_library/grasp_apps/random_pick/CMakeLists.txt
[0.146s] -- Up-to-date symlink: /home/hareesh/risk/install/kuka_arm_pkg/share/kuka_arm_pkg/src/ros2_grasp_library/grasp_apps/random_pick/README.md
[0.146s] -- Up-to-date symlink: /home/hareesh/risk/install/kuka_arm_pkg/share/kuka_arm_pkg/src/ros2_grasp_library/grasp_apps/random_pick/cfg/random_pick.yaml
[0.146s] -- Up-to-date symlink: /home/hareesh/risk/install/kuka_arm_pkg/share/kuka_arm_pkg/src/ros2_grasp_library/grasp_apps/random_pick/package.xml
[0.146s] -- Up-to-date symlink: /home/hareesh/risk/install/kuka_arm_pkg/share/kuka_arm_pkg/src/ros2_grasp_library/grasp_apps/random_pick/rviz2/random_pick.rviz
[0.146s] -- Up-to-date symlink: /home/hareesh/risk/install/kuka_arm_pkg/share/kuka_arm_pkg/src/ros2_grasp_library/grasp_apps/random_pick/src/random_pick.cpp
[0.146s] -- Up-to-date symlink: /home/hareesh/risk/install/kuka_arm_pkg/share/kuka_arm_pkg/src/ros2_grasp_library/grasp_apps/recognize_pick/CMakeLists.txt
[0.146s] -- Up-to-date symlink: /home/hareesh/risk/install/kuka_arm_pkg/share/kuka_arm_pkg/src/ros2_grasp_library/grasp_apps/recognize_pick/README.md
[0.146s] -- Up-to-date symlink: /home/hareesh/risk/install/kuka_arm_pkg/share/kuka_arm_pkg/src/ros2_grasp_library/grasp_apps/recognize_pick/cfg/recognize_pick.yaml
[0.146s] -- Up-to-date symlink: /home/hareesh/risk/install/kuka_arm_pkg/share/kuka_arm_pkg/src/ros2_grasp_library/grasp_apps/recognize_pick/package.xml
[0.146s] -- Up-to-date symlink: /home/hareesh/risk/install/kuka_arm_pkg/share/kuka_arm_pkg/src/ros2_grasp_library/grasp_apps/recognize_pick/rviz2/recognize_pick.rviz
[0.146s] -- Up-to-date symlink: /home/hareesh/risk/install/kuka_arm_pkg/share/kuka_arm_pkg/src/ros2_grasp_library/grasp_apps/recognize_pick/src/place_publisher.cpp
[0.147s] -- Up-to-date symlink: /home/hareesh/risk/install/kuka_arm_pkg/share/kuka_arm_pkg/src/ros2_grasp_library/grasp_apps/recognize_pick/src/recognize_pick.cpp
[0.147s] -- Up-to-date symlink: /home/hareesh/risk/install/kuka_arm_pkg/share/kuka_arm_pkg/src/ros2_grasp_library/grasp_msgs/CMakeLists.txt
[0.147s] -- Up-to-date symlink: /home/hareesh/risk/install/kuka_arm_pkg/share/kuka_arm_pkg/src/ros2_grasp_library/grasp_msgs/msg/CloudIndexed.msg
[0.147s] -- Up-to-date symlink: /home/hareesh/risk/install/kuka_arm_pkg/share/kuka_arm_pkg/src/ros2_grasp_library/grasp_msgs/msg/CloudSamples.msg
[0.147s] -- Up-to-date symlink: /home/hareesh/risk/install/kuka_arm_pkg/share/kuka_arm_pkg/src/ros2_grasp_library/grasp_msgs/msg/CloudSources.msg
[0.147s] -- Up-to-date symlink: /home/hareesh/risk/install/kuka_arm_pkg/share/kuka_arm_pkg/src/ros2_grasp_library/grasp_msgs/msg/GraspConfig.msg
[0.147s] -- Up-to-date symlink: /home/hareesh/risk/install/kuka_arm_pkg/share/kuka_arm_pkg/src/ros2_grasp_library/grasp_msgs/msg/GraspConfigList.msg
[0.147s] -- Up-to-date symlink: /home/hareesh/risk/install/kuka_arm_pkg/share/kuka_arm_pkg/src/ros2_grasp_library/grasp_msgs/msg/SamplesMsg.msg
[0.147s] -- Up-to-date symlink: /home/hareesh/risk/install/kuka_arm_pkg/share/kuka_arm_pkg/src/ros2_grasp_library/grasp_msgs/package.xml
[0.147s] -- Up-to-date symlink: /home/hareesh/risk/install/kuka_arm_pkg/share/kuka_arm_pkg/src/ros2_grasp_library/grasp_ros2/CMakeLists.txt
[0.147s] -- Up-to-date symlink: /home/hareesh/risk/install/kuka_arm_pkg/share/kuka_arm_pkg/src/ros2_grasp_library/grasp_ros2/README.md
[0.147s] -- Up-to-date symlink: /home/hareesh/risk/install/kuka_arm_pkg/share/kuka_arm_pkg/src/ros2_grasp_library/grasp_ros2/cfg/grasp_ros2_params.yaml
[0.147s] -- Up-to-date symlink: /home/hareesh/risk/install/kuka_arm_pkg/share/kuka_arm_pkg/src/ros2_grasp_library/grasp_ros2/cfg/random_pick.yaml
[0.147s] -- Up-to-date symlink: /home/hareesh/risk/install/kuka_arm_pkg/share/kuka_arm_pkg/src/ros2_grasp_library/grasp_ros2/cfg/recognize_pick.yaml
[0.147s] -- Up-to-date symlink: /home/hareesh/risk/install/kuka_arm_pkg/share/kuka_arm_pkg/src/ros2_grasp_library/grasp_ros2/cfg/test_grasp_ros2.yaml
[0.147s] -- Up-to-date symlink: /home/hareesh/risk/install/kuka_arm_pkg/share/kuka_arm_pkg/src/ros2_grasp_library/grasp_ros2/include/grasp_library/ros2/consts.hpp
[0.147s] -- Up-to-date symlink: /home/hareesh/risk/install/kuka_arm_pkg/share/kuka_arm_pkg/src/ros2_grasp_library/grasp_ros2/include/grasp_library/ros2/grasp_detector_base.hpp
[0.147s] -- Up-to-date symlink: /home/hareesh/risk/install/kuka_arm_pkg/share/kuka_arm_pkg/src/ros2_grasp_library/grasp_ros2/include/grasp_library/ros2/grasp_detector_gpd.hpp
[0.147s] -- Up-to-date symlink: /home/hareesh/risk/install/kuka_arm_pkg/share/kuka_arm_pkg/src/ros2_grasp_library/grasp_ros2/include/grasp_library/ros2/grasp_planner.hpp
[0.147s] -- Up-to-date symlink: /home/hareesh/risk/install/kuka_arm_pkg/share/kuka_arm_pkg/src/ros2_grasp_library/grasp_ros2/include/grasp_library/ros2/ros_params.hpp
[0.147s] -- Up-to-date symlink: /home/hareesh/risk/install/kuka_arm_pkg/share/kuka_arm_pkg/src/ros2_grasp_library/grasp_ros2/package.xml
[0.147s] -- Up-to-date symlink: /home/hareesh/risk/install/kuka_arm_pkg/share/kuka_arm_pkg/src/ros2_grasp_library/grasp_ros2/rviz2/grasp.rviz
[0.147s] -- Up-to-date symlink: /home/hareesh/risk/install/kuka_arm_pkg/share/kuka_arm_pkg/src/ros2_grasp_library/grasp_ros2/src/consts.cpp
[0.148s] -- Up-to-date symlink: /home/hareesh/risk/install/kuka_arm_pkg/share/kuka_arm_pkg/src/ros2_grasp_library/grasp_ros2/src/grasp_composition.cpp
[0.148s] -- Up-to-date symlink: /home/hareesh/risk/install/kuka_arm_pkg/share/kuka_arm_pkg/src/ros2_grasp_library/grasp_ros2/src/grasp_detector_gpd.cpp
[0.148s] -- Up-to-date symlink: /home/hareesh/risk/install/kuka_arm_pkg/share/kuka_arm_pkg/src/ros2_grasp_library/grasp_ros2/src/grasp_planner.cpp
[0.148s] -- Up-to-date symlink: /home/hareesh/risk/install/kuka_arm_pkg/share/kuka_arm_pkg/src/ros2_grasp_library/grasp_ros2/src/ros_params.cpp
[0.148s] -- Up-to-date symlink: /home/hareesh/risk/install/kuka_arm_pkg/share/kuka_arm_pkg/src/ros2_grasp_library/grasp_ros2/tests/CMakeLists.txt
[0.148s] -- Up-to-date symlink: /home/hareesh/risk/install/kuka_arm_pkg/share/kuka_arm_pkg/src/ros2_grasp_library/grasp_ros2/tests/resource/table_top.pcd
[0.148s] -- Up-to-date symlink: /home/hareesh/risk/install/kuka_arm_pkg/share/kuka_arm_pkg/src/ros2_grasp_library/grasp_ros2/tests/tgrasp_ros2.cpp
[0.148s] -- Up-to-date symlink: /home/hareesh/risk/install/kuka_arm_pkg/share/kuka_arm_pkg/src/ros2_grasp_library/grasp_ros2/tests/tgrasp_ros2.h.in
[0.148s] -- Up-to-date symlink: /home/hareesh/risk/install/kuka_arm_pkg/share/kuka_arm_pkg/src/ros2_grasp_library/grasp_tutorials/CMakeLists.txt
[0.148s] -- Up-to-date symlink: /home/hareesh/risk/install/kuka_arm_pkg/share/kuka_arm_pkg/src/ros2_grasp_library/grasp_tutorials/README.md
[0.148s] -- Up-to-date symlink: /home/hareesh/risk/install/kuka_arm_pkg/share/kuka_arm_pkg/src/ros2_grasp_library/grasp_tutorials/_static/images/draw_x_v_1.png
[0.148s] -- Up-to-date symlink: /home/hareesh/risk/install/kuka_arm_pkg/share/kuka_arm_pkg/src/ros2_grasp_library/grasp_tutorials/_static/images/ilc_platform.png
[0.148s] -- Up-to-date symlink: /home/hareesh/risk/install/kuka_arm_pkg/share/kuka_arm_pkg/src/ros2_grasp_library/grasp_tutorials/_static/images/moveit_app_zoo_global_view.png
[0.148s] -- Up-to-date symlink: /home/hareesh/risk/install/kuka_arm_pkg/share/kuka_arm_pkg/src/ros2_grasp_library/grasp_tutorials/_static/images/pick_place.png
[0.148s] -- Up-to-date symlink: /home/hareesh/risk/install/kuka_arm_pkg/share/kuka_arm_pkg/src/ros2_grasp_library/grasp_tutorials/_static/images/random_pick.png
[0.148s] -- Up-to-date symlink: /home/hareesh/risk/install/kuka_arm_pkg/share/kuka_arm_pkg/src/ros2_grasp_library/grasp_tutorials/_static/images/random_pick_rviz.png
[0.148s] -- Up-to-date symlink: /home/hareesh/risk/install/kuka_arm_pkg/share/kuka_arm_pkg/src/ros2_grasp_library/grasp_tutorials/_static/images/recognize_pick.png
[0.148s] -- Up-to-date symlink: /home/hareesh/risk/install/kuka_arm_pkg/share/kuka_arm_pkg/src/ros2_grasp_library/grasp_tutorials/_static/images/ros2_grasp_library.png
[0.149s] -- Up-to-date symlink: /home/hareesh/risk/install/kuka_arm_pkg/share/kuka_arm_pkg/src/ros2_grasp_library/grasp_tutorials/_static/images/table.png
[0.149s] -- Up-to-date symlink: /home/hareesh/risk/install/kuka_arm_pkg/share/kuka_arm_pkg/src/ros2_grasp_library/grasp_tutorials/_static/images/ur5_setup_verify_gazebo.png
[0.149s] -- Up-to-date symlink: /home/hareesh/risk/install/kuka_arm_pkg/share/kuka_arm_pkg/src/ros2_grasp_library/grasp_tutorials/_static/images/ur5_setup_verify_rviz.png
[0.149s] -- Up-to-date symlink: /home/hareesh/risk/install/kuka_arm_pkg/share/kuka_arm_pkg/src/ros2_grasp_library/grasp_tutorials/_static/images/workflow.png
[0.149s] -- Up-to-date symlink: /home/hareesh/risk/install/kuka_arm_pkg/share/kuka_arm_pkg/src/ros2_grasp_library/grasp_tutorials/_static/images/workflow.vsdx
[0.149s] -- Up-to-date symlink: /home/hareesh/risk/install/kuka_arm_pkg/share/kuka_arm_pkg/src/ros2_grasp_library/grasp_tutorials/conf.py
[0.149s] -- Up-to-date symlink: /home/hareesh/risk/install/kuka_arm_pkg/share/kuka_arm_pkg/src/ros2_grasp_library/grasp_tutorials/doc/bringup_robot.rst
[0.149s] -- Up-to-date symlink: /home/hareesh/risk/install/kuka_arm_pkg/share/kuka_arm_pkg/src/ros2_grasp_library/grasp_tutorials/doc/draw_x.rst
[0.149s] -- Up-to-date symlink: /home/hareesh/risk/install/kuka_arm_pkg/share/kuka_arm_pkg/src/ros2_grasp_library/grasp_tutorials/doc/fixed_position_pick.rst
[0.149s] -- Up-to-date symlink: /home/hareesh/risk/install/kuka_arm_pkg/share/kuka_arm_pkg/src/ros2_grasp_library/grasp_tutorials/doc/getting_start.rst
[0.149s] -- Up-to-date symlink: /home/hareesh/risk/install/kuka_arm_pkg/share/kuka_arm_pkg/src/ros2_grasp_library/grasp_tutorials/doc/grasp_api.rst
[0.149s] -- Up-to-date symlink: /home/hareesh/risk/install/kuka_arm_pkg/share/kuka_arm_pkg/src/ros2_grasp_library/grasp_tutorials/doc/grasp_planner.rst
[0.149s] -- Up-to-date symlink: /home/hareesh/risk/install/kuka_arm_pkg/share/kuka_arm_pkg/src/ros2_grasp_library/grasp_tutorials/doc/grasp_ros2/img/ros2_grasp_library.png
[0.149s] -- Up-to-date symlink: /home/hareesh/risk/install/kuka_arm_pkg/share/kuka_arm_pkg/src/ros2_grasp_library/grasp_tutorials/doc/grasp_ros2/install_gpd.md
[0.149s] -- Up-to-date symlink: /home/hareesh/risk/install/kuka_arm_pkg/share/kuka_arm_pkg/src/ros2_grasp_library/grasp_tutorials/doc/grasp_ros2/install_openvino.md
[0.149s] -- Up-to-date symlink: /home/hareesh/risk/install/kuka_arm_pkg/share/kuka_arm_pkg/src/ros2_grasp_library/grasp_tutorials/doc/grasp_ros2/tutorials_1_grasp_ros2_with_camera.md
[0.149s] -- Up-to-date symlink: /home/hareesh/risk/install/kuka_arm_pkg/share/kuka_arm_pkg/src/ros2_grasp_library/grasp_tutorials/doc/grasp_ros2/tutorials_2_grasp_ros2_test.md
[0.149s] -- Up-to-date symlink: /home/hareesh/risk/install/kuka_arm_pkg/share/kuka_arm_pkg/src/ros2_grasp_library/grasp_tutorials/doc/grasp_ros2/tutorials_3_grasp_ros2_launch_options.md
[0.149s] -- Up-to-date symlink: /home/hareesh/risk/install/kuka_arm_pkg/share/kuka_arm_pkg/src/ros2_grasp_library/grasp_tutorials/doc/handeye_calibration.rst
[0.149s] -- Up-to-date symlink: /home/hareesh/risk/install/kuka_arm_pkg/share/kuka_arm_pkg/src/ros2_grasp_library/grasp_tutorials/doc/overview.rst
[0.149s] -- Up-to-date symlink: /home/hareesh/risk/install/kuka_arm_pkg/share/kuka_arm_pkg/src/ros2_grasp_library/grasp_tutorials/doc/random_pick.rst
[0.150s] -- Up-to-date symlink: /home/hareesh/risk/install/kuka_arm_pkg/share/kuka_arm_pkg/src/ros2_grasp_library/grasp_tutorials/doc/recognize_pick.rst
[0.150s] -- Up-to-date symlink: /home/hareesh/risk/install/kuka_arm_pkg/share/kuka_arm_pkg/src/ros2_grasp_library/grasp_tutorials/doc/robot_interface.rst
[0.150s] -- Up-to-date symlink: /home/hareesh/risk/install/kuka_arm_pkg/share/kuka_arm_pkg/src/ros2_grasp_library/grasp_tutorials/doc/template.rst
[0.150s] -- Up-to-date symlink: /home/hareesh/risk/install/kuka_arm_pkg/share/kuka_arm_pkg/src/ros2_grasp_library/grasp_tutorials/index.rst
[0.150s] -- Up-to-date symlink: /home/hareesh/risk/install/kuka_arm_pkg/share/kuka_arm_pkg/src/ros2_grasp_library/grasp_tutorials/package.xml
[0.150s] -- Up-to-date symlink: /home/hareesh/risk/install/kuka_arm_pkg/share/kuka_arm_pkg/src/ros2_grasp_library/grasp_utils/handeye_dashboard/README.md
[0.150s] -- Up-to-date symlink: /home/hareesh/risk/install/kuka_arm_pkg/share/kuka_arm_pkg/src/ros2_grasp_library/grasp_utils/handeye_dashboard/config/Default.perspective
[0.150s] -- Up-to-date symlink: /home/hareesh/risk/install/kuka_arm_pkg/share/kuka_arm_pkg/src/ros2_grasp_library/grasp_utils/handeye_dashboard/data/camera-robot.json
[0.150s] -- Up-to-date symlink: /home/hareesh/risk/install/kuka_arm_pkg/share/kuka_arm_pkg/src/ros2_grasp_library/grasp_utils/handeye_dashboard/data/dataset.json
[0.150s] -- Up-to-date symlink: /home/hareesh/risk/install/kuka_arm_pkg/share/kuka_arm_pkg/src/ros2_grasp_library/grasp_utils/handeye_dashboard/doc/images/handeye_calibration_result.png
[0.150s] -- Up-to-date symlink: /home/hareesh/risk/install/kuka_arm_pkg/share/kuka_arm_pkg/src/ros2_grasp_library/grasp_utils/handeye_dashboard/doc/images/handeye_dashboard.png
[0.150s] -- Up-to-date symlink: /home/hareesh/risk/install/kuka_arm_pkg/share/kuka_arm_pkg/src/ros2_grasp_library/grasp_utils/handeye_dashboard/doc/images/handeye_target_detection.png
[0.150s] -- Up-to-date symlink: /home/hareesh/risk/install/kuka_arm_pkg/share/kuka_arm_pkg/src/ros2_grasp_library/grasp_utils/handeye_dashboard/doc/images/robot_state.png
[0.150s] -- Up-to-date symlink: /home/hareesh/risk/install/kuka_arm_pkg/share/kuka_arm_pkg/src/ros2_grasp_library/grasp_utils/handeye_dashboard/images/Intel.png
[0.150s] -- Up-to-date symlink: /home/hareesh/risk/install/kuka_arm_pkg/share/kuka_arm_pkg/src/ros2_grasp_library/grasp_utils/handeye_dashboard/images/UR5.png
[0.150s] -- Up-to-date symlink: /home/hareesh/risk/install/kuka_arm_pkg/share/kuka_arm_pkg/src/ros2_grasp_library/grasp_utils/handeye_dashboard/images/capture.png
[0.150s] -- Up-to-date symlink: /home/hareesh/risk/install/kuka_arm_pkg/share/kuka_arm_pkg/src/ros2_grasp_library/grasp_utils/handeye_dashboard/images/tool-calibration.png
[0.150s] -- Up-to-date symlink: /home/hareesh/risk/install/kuka_arm_pkg/share/kuka_arm_pkg/src/ros2_grasp_library/grasp_utils/handeye_dashboard/launch/handeye_dashboard.launch.py
[0.150s] -- Up-to-date symlink: /home/hareesh/risk/install/kuka_arm_pkg/share/kuka_arm_pkg/src/ros2_grasp_library/grasp_utils/handeye_dashboard/package.xml
[0.150s] -- Up-to-date symlink: /home/hareesh/risk/install/kuka_arm_pkg/share/kuka_arm_pkg/src/ros2_grasp_library/grasp_utils/handeye_dashboard/plugin.xml
[0.151s] -- Up-to-date symlink: /home/hareesh/risk/install/kuka_arm_pkg/share/kuka_arm_pkg/src/ros2_grasp_library/grasp_utils/handeye_dashboard/resource/handeye_dashboard
[0.151s] -- Up-to-date symlink: /home/hareesh/risk/install/kuka_arm_pkg/share/kuka_arm_pkg/src/ros2_grasp_library/grasp_utils/handeye_dashboard/setup.py
[0.151s] -- Up-to-date symlink: /home/hareesh/risk/install/kuka_arm_pkg/share/kuka_arm_pkg/src/ros2_grasp_library/grasp_utils/handeye_dashboard/src/handeye_dashboard/__init__.py
[0.151s] -- Up-to-date symlink: /home/hareesh/risk/install/kuka_arm_pkg/share/kuka_arm_pkg/src/ros2_grasp_library/grasp_utils/handeye_dashboard/src/handeye_dashboard/handeye_calibration.py
[0.151s] -- Up-to-date symlink: /home/hareesh/risk/install/kuka_arm_pkg/share/kuka_arm_pkg/src/ros2_grasp_library/grasp_utils/handeye_dashboard/src/handeye_dashboard/main.py
[0.151s] -- Up-to-date symlink: /home/hareesh/risk/install/kuka_arm_pkg/share/kuka_arm_pkg/src/ros2_grasp_library/grasp_utils/handeye_dashboard/src/handeye_dashboard/plugin.py
[0.151s] -- Up-to-date symlink: /home/hareesh/risk/install/kuka_arm_pkg/share/kuka_arm_pkg/src/ros2_grasp_library/grasp_utils/handeye_target_detection/.clang-format
[0.151s] -- Up-to-date symlink: /home/hareesh/risk/install/kuka_arm_pkg/share/kuka_arm_pkg/src/ros2_grasp_library/grasp_utils/handeye_target_detection/CMakeLists.txt
[0.151s] -- Up-to-date symlink: /home/hareesh/risk/install/kuka_arm_pkg/share/kuka_arm_pkg/src/ros2_grasp_library/grasp_utils/handeye_target_detection/README.md
[0.151s] -- Up-to-date symlink: /home/hareesh/risk/install/kuka_arm_pkg/share/kuka_arm_pkg/src/ros2_grasp_library/grasp_utils/handeye_target_detection/cfg/handeye.rviz
[0.151s] -- Up-to-date symlink: /home/hareesh/risk/install/kuka_arm_pkg/share/kuka_arm_pkg/src/ros2_grasp_library/grasp_utils/handeye_target_detection/data/detected/aruco/3X4_aruco.png
[0.151s] -- Up-to-date symlink: /home/hareesh/risk/install/kuka_arm_pkg/share/kuka_arm_pkg/src/ros2_grasp_library/grasp_utils/handeye_target_detection/data/detected/aruco/5X7_aruco.png
[0.151s] -- Up-to-date symlink: /home/hareesh/risk/install/kuka_arm_pkg/share/kuka_arm_pkg/src/ros2_grasp_library/grasp_utils/handeye_target_detection/data/detected/charuco/charuco.png
[0.151s] -- Up-to-date symlink: /home/hareesh/risk/install/kuka_arm_pkg/share/kuka_arm_pkg/src/ros2_grasp_library/grasp_utils/handeye_target_detection/data/detected/chessboard/chessboard.png
[0.151s] -- Up-to-date symlink: /home/hareesh/risk/install/kuka_arm_pkg/share/kuka_arm_pkg/src/ros2_grasp_library/grasp_utils/handeye_target_detection/data/detected/circlegrid/3X5_circles_grid.png
[0.151s] -- Up-to-date symlink: /home/hareesh/risk/install/kuka_arm_pkg/share/kuka_arm_pkg/src/ros2_grasp_library/grasp_utils/handeye_target_detection/data/detected/circlegrid/4X11_circles_grid.png
[0.151s] -- Up-to-date symlink: /home/hareesh/risk/install/kuka_arm_pkg/share/kuka_arm_pkg/src/ros2_grasp_library/grasp_utils/handeye_target_detection/data/pattern/aruco_3X4_DICT_4X4_50.png
[0.152s] -- Up-to-date symlink: /home/hareesh/risk/install/kuka_arm_pkg/share/kuka_arm_pkg/src/ros2_grasp_library/grasp_utils/handeye_target_detection/data/pattern/aruco_5X7_DICT_6X6_250.png
[0.152s] -- Up-to-date symlink: /home/hareesh/risk/install/kuka_arm_pkg/share/kuka_arm_pkg/src/ros2_grasp_library/grasp_utils/handeye_target_detection/data/pattern/asymmetric_circles_grid_3X5.png
[0.152s] -- Up-to-date symlink: /home/hareesh/risk/install/kuka_arm_pkg/share/kuka_arm_pkg/src/ros2_grasp_library/grasp_utils/handeye_target_detection/data/pattern/asymmetric_circles_grid_4X11.png
[0.152s] -- Up-to-date symlink: /home/hareesh/risk/install/kuka_arm_pkg/share/kuka_arm_pkg/src/ros2_grasp_library/grasp_utils/handeye_target_detection/data/pattern/charuco_5X7_DICT_6X6_250.jpg
[0.152s] -- Up-to-date symlink: /home/hareesh/risk/install/kuka_arm_pkg/share/kuka_arm_pkg/src/ros2_grasp_library/grasp_utils/handeye_target_detection/data/pattern/chessboard_9X6.png
[0.152s] -- Up-to-date symlink: /home/hareesh/risk/install/kuka_arm_pkg/share/kuka_arm_pkg/src/ros2_grasp_library/grasp_utils/handeye_target_detection/include/PoseEstimator.h
[0.152s] -- Up-to-date symlink: /home/hareesh/risk/install/kuka_arm_pkg/share/kuka_arm_pkg/src/ros2_grasp_library/grasp_utils/handeye_target_detection/launch/pose_estimation.launch.py
[0.152s] -- Up-to-date symlink: /home/hareesh/risk/install/kuka_arm_pkg/share/kuka_arm_pkg/src/ros2_grasp_library/grasp_utils/handeye_target_detection/launch/pose_estimation.yaml
[0.152s] -- Up-to-date symlink: /home/hareesh/risk/install/kuka_arm_pkg/share/kuka_arm_pkg/src/ros2_grasp_library/grasp_utils/handeye_target_detection/package.xml
[0.152s] -- Up-to-date symlink: /home/hareesh/risk/install/kuka_arm_pkg/share/kuka_arm_pkg/src/ros2_grasp_library/grasp_utils/handeye_target_detection/src/pose_estimation_node.cpp
[0.152s] -- Up-to-date symlink: /home/hareesh/risk/install/kuka_arm_pkg/share/kuka_arm_pkg/src/ros2_grasp_library/grasp_utils/handeye_target_detection/src/pose_estimator.cpp
[0.152s] -- Up-to-date symlink: /home/hareesh/risk/install/kuka_arm_pkg/share/kuka_arm_pkg/src/ros2_grasp_library/grasp_utils/handeye_tf_service/CMakeLists.txt
[0.152s] -- Up-to-date symlink: /home/hareesh/risk/install/kuka_arm_pkg/share/kuka_arm_pkg/src/ros2_grasp_library/grasp_utils/handeye_tf_service/README.md
[0.152s] -- Up-to-date symlink: /home/hareesh/risk/install/kuka_arm_pkg/share/kuka_arm_pkg/src/ros2_grasp_library/grasp_utils/handeye_tf_service/package.xml
[0.152s] -- Up-to-date symlink: /home/hareesh/risk/install/kuka_arm_pkg/share/kuka_arm_pkg/src/ros2_grasp_library/grasp_utils/handeye_tf_service/src/handeye_tf_server.cpp
[0.152s] -- Up-to-date symlink: /home/hareesh/risk/install/kuka_arm_pkg/share/kuka_arm_pkg/src/ros2_grasp_library/grasp_utils/handeye_tf_service/srv/HandeyeTF.srv
[0.152s] -- Up-to-date symlink: /home/hareesh/risk/install/kuka_arm_pkg/share/kuka_arm_pkg/src/ros2_grasp_library/grasp_utils/robot_interface/CMakeLists.txt
[0.153s] -- Up-to-date symlink: /home/hareesh/risk/install/kuka_arm_pkg/share/kuka_arm_pkg/src/ros2_grasp_library/grasp_utils/robot_interface/Doxyfile
[0.153s] -- Up-to-date symlink: /home/hareesh/risk/install/kuka_arm_pkg/share/kuka_arm_pkg/src/ros2_grasp_library/grasp_utils/robot_interface/README.md
[0.153s] -- Up-to-date symlink: /home/hareesh/risk/install/kuka_arm_pkg/share/kuka_arm_pkg/src/ros2_grasp_library/grasp_utils/robot_interface/include/robot_interface/control_base.hpp
[0.153s] -- Up-to-date symlink: /home/hareesh/risk/install/kuka_arm_pkg/share/kuka_arm_pkg/src/ros2_grasp_library/grasp_utils/robot_interface/include/robot_interface/control_ur.hpp
[0.153s] -- Up-to-date symlink: /home/hareesh/risk/install/kuka_arm_pkg/share/kuka_arm_pkg/src/ros2_grasp_library/grasp_utils/robot_interface/launch/ur_test.launch.py
[0.153s] -- Up-to-date symlink: /home/hareesh/risk/install/kuka_arm_pkg/share/kuka_arm_pkg/src/ros2_grasp_library/grasp_utils/robot_interface/launch/ur_test.yaml
[0.153s] -- Up-to-date symlink: /home/hareesh/risk/install/kuka_arm_pkg/share/kuka_arm_pkg/src/ros2_grasp_library/grasp_utils/robot_interface/package.xml
[0.153s] -- Up-to-date symlink: /home/hareesh/risk/install/kuka_arm_pkg/share/kuka_arm_pkg/src/ros2_grasp_library/grasp_utils/robot_interface/src/control_base.cpp
[0.153s] -- Up-to-date symlink: /home/hareesh/risk/install/kuka_arm_pkg/share/kuka_arm_pkg/src/ros2_grasp_library/grasp_utils/robot_interface/src/control_ur.cpp
[0.153s] -- Up-to-date symlink: /home/hareesh/risk/install/kuka_arm_pkg/share/kuka_arm_pkg/src/ros2_grasp_library/grasp_utils/robot_interface/test/ur_test_move_command.cpp
[0.153s] -- Up-to-date symlink: /home/hareesh/risk/install/kuka_arm_pkg/share/kuka_arm_pkg/src/ros2_grasp_library/grasp_utils/robot_interface/test/ur_test_state_publish.cpp
[0.153s] -- Up-to-date symlink: /home/hareesh/risk/install/kuka_arm_pkg/share/kuka_arm_pkg/src/ros2_grasp_library/moveit_msgs_light/CMakeLists.txt
[0.153s] -- Up-to-date symlink: /home/hareesh/risk/install/kuka_arm_pkg/share/kuka_arm_pkg/src/ros2_grasp_library/moveit_msgs_light/README.md
[0.153s] -- Up-to-date symlink: /home/hareesh/risk/install/kuka_arm_pkg/share/kuka_arm_pkg/src/ros2_grasp_library/moveit_msgs_light/msg/CollisionObject.msg
[0.153s] -- Up-to-date symlink: /home/hareesh/risk/install/kuka_arm_pkg/share/kuka_arm_pkg/src/ros2_grasp_library/moveit_msgs_light/msg/Grasp.msg
[0.153s] -- Up-to-date symlink: /home/hareesh/risk/install/kuka_arm_pkg/share/kuka_arm_pkg/src/ros2_grasp_library/moveit_msgs_light/msg/GripperTranslation.msg
[0.153s] -- Up-to-date symlink: /home/hareesh/risk/install/kuka_arm_pkg/share/kuka_arm_pkg/src/ros2_grasp_library/moveit_msgs_light/msg/MoveItErrorCodes.msg
[0.153s] -- Up-to-date symlink: /home/hareesh/risk/install/kuka_arm_pkg/share/kuka_arm_pkg/src/ros2_grasp_library/moveit_msgs_light/msg/ObjectType.msg
[0.153s] -- Up-to-date symlink: /home/hareesh/risk/install/kuka_arm_pkg/share/kuka_arm_pkg/src/ros2_grasp_library/moveit_msgs_light/msg/PlaceLocation.msg
[0.153s] -- Up-to-date symlink: /home/hareesh/risk/install/kuka_arm_pkg/share/kuka_arm_pkg/src/ros2_grasp_library/moveit_msgs_light/package.xml
[0.154s] -- Up-to-date symlink: /home/hareesh/risk/install/kuka_arm_pkg/share/kuka_arm_pkg/src/ros2_grasp_library/moveit_msgs_light/srv/GraspPlanning.srv
[0.154s] -- Up-to-date symlink: /home/hareesh/risk/install/kuka_arm_pkg/share/kuka_arm_pkg/urdf/camera.urdf.xacro
[0.154s] -- Up-to-date symlink: /home/hareesh/risk/install/kuka_arm_pkg/share/kuka_arm_pkg/urdf/kr210.gazebo.xacro
[0.154s] -- Up-to-date symlink: /home/hareesh/risk/install/kuka_arm_pkg/share/kuka_arm_pkg/urdf/kr210.ros2control.xacro
[0.154s] -- Up-to-date symlink: /home/hareesh/risk/install/kuka_arm_pkg/share/kuka_arm_pkg/urdf/kr210.urdf.xacro
[0.154s] -- Up-to-date symlink: /home/hareesh/risk/install/kuka_arm_pkg/share/kuka_arm_pkg/urdf/kr210_moveit.urdf.xacro
[0.154s] -- Up-to-date symlink: /home/hareesh/risk/install/kuka_arm_pkg/share/kuka_arm_pkg/urdf/target.urdf.xacro
[0.154s] -- Up-to-date symlink: /home/hareesh/risk/install/kuka_arm_pkg/share/kuka_arm_pkg/meshes/gripper/finger_left.dae
[0.154s] -- Up-to-date symlink: /home/hareesh/risk/install/kuka_arm_pkg/share/kuka_arm_pkg/meshes/gripper/finger_left_collision.dae
[0.154s] -- Up-to-date symlink: /home/hareesh/risk/install/kuka_arm_pkg/share/kuka_arm_pkg/meshes/gripper/finger_right.dae
[0.154s] -- Up-to-date symlink: /home/hareesh/risk/install/kuka_arm_pkg/share/kuka_arm_pkg/meshes/gripper/finger_right_collision.dae
[0.154s] -- Up-to-date symlink: /home/hareesh/risk/install/kuka_arm_pkg/share/kuka_arm_pkg/meshes/gripper/gripper_base.dae
[0.154s] -- Up-to-date symlink: /home/hareesh/risk/install/kuka_arm_pkg/share/kuka_arm_pkg/meshes/kr210l150/README.md
[0.154s] -- Up-to-date symlink: /home/hareesh/risk/install/kuka_arm_pkg/share/kuka_arm_pkg/meshes/kr210l150/collision/base_link.stl
[0.154s] -- Up-to-date symlink: /home/hareesh/risk/install/kuka_arm_pkg/share/kuka_arm_pkg/meshes/kr210l150/collision/link_1.stl
[0.154s] -- Up-to-date symlink: /home/hareesh/risk/install/kuka_arm_pkg/share/kuka_arm_pkg/meshes/kr210l150/collision/link_2.stl
[0.154s] -- Up-to-date symlink: /home/hareesh/risk/install/kuka_arm_pkg/share/kuka_arm_pkg/meshes/kr210l150/collision/link_3.stl
[0.154s] -- Up-to-date symlink: /home/hareesh/risk/install/kuka_arm_pkg/share/kuka_arm_pkg/meshes/kr210l150/collision/link_4.stl
[0.155s] -- Up-to-date symlink: /home/hareesh/risk/install/kuka_arm_pkg/share/kuka_arm_pkg/meshes/kr210l150/collision/link_5.stl
[0.155s] -- Up-to-date symlink: /home/hareesh/risk/install/kuka_arm_pkg/share/kuka_arm_pkg/meshes/kr210l150/collision/link_6.stl
[0.155s] -- Up-to-date symlink: /home/hareesh/risk/install/kuka_arm_pkg/share/kuka_arm_pkg/meshes/kr210l150/visual/base_link.dae
[0.155s] -- Up-to-date symlink: /home/hareesh/risk/install/kuka_arm_pkg/share/kuka_arm_pkg/meshes/kr210l150/visual/link_1.dae
[0.155s] -- Up-to-date symlink: /home/hareesh/risk/install/kuka_arm_pkg/share/kuka_arm_pkg/meshes/kr210l150/visual/link_2.dae
[0.155s] -- Up-to-date symlink: /home/hareesh/risk/install/kuka_arm_pkg/share/kuka_arm_pkg/meshes/kr210l150/visual/link_3.dae
[0.155s] -- Up-to-date symlink: /home/hareesh/risk/install/kuka_arm_pkg/share/kuka_arm_pkg/meshes/kr210l150/visual/link_4.dae
[0.155s] -- Up-to-date symlink: /home/hareesh/risk/install/kuka_arm_pkg/share/kuka_arm_pkg/meshes/kr210l150/visual/link_5.dae
[0.155s] -- Up-to-date symlink: /home/hareesh/risk/install/kuka_arm_pkg/share/kuka_arm_pkg/meshes/kr210l150/visual/link_6.dae
[0.155s] -- Up-to-date symlink: /home/hareesh/risk/install/kuka_arm_pkg/share/kuka_arm_pkg/config/kuka_arm.rviz
[0.155s] -- Up-to-date symlink: /home/hareesh/risk/install/kuka_arm_pkg/share/kuka_arm_pkg/config/kuka_arm_controllers.yaml
[0.155s] -- Up-to-date symlink: /home/hareesh/risk/install/kuka_arm_pkg/share/kuka_arm_pkg/launch/1_rviz_kuka_arm.launch.py
[0.155s] -- Up-to-date symlink: /home/hareesh/risk/install/kuka_arm_pkg/share/kuka_arm_pkg/launch/2_gazebo_kuka_arm.launch.py
[0.155s] -- Up-to-date symlink: /home/hareesh/risk/install/kuka_arm_pkg/share/kuka_arm_pkg/launch/3_moveit_kuka_arm.launch.py
[0.155s] -- Up-to-date symlink: /home/hareesh/risk/install/kuka_arm_pkg/share/kuka_arm_pkg/launch/4_moveit_node_controlling.launch.py
[0.155s] -- Up-to-date symlink: /home/hareesh/risk/install/kuka_arm_pkg/share/kuka_arm_pkg/launch/5_world.launch.py
[0.155s] -- Up-to-date symlink: /home/hareesh/risk/install/kuka_arm_pkg/share/kuka_arm_pkg/models/kinematics_bin/kinematics_bin.dae
[0.156s] -- Up-to-date symlink: /home/hareesh/risk/install/kuka_arm_pkg/share/kuka_arm_pkg/models/kinematics_bin/model.config
[0.156s] -- Up-to-date symlink: /home/hareesh/risk/install/kuka_arm_pkg/share/kuka_arm_pkg/models/kinematics_bin/model.sdf
[0.156s] -- Up-to-date symlink: /home/hareesh/risk/install/kuka_arm_pkg/share/kuka_arm_pkg/models/kinematics_shelf/kinematics_shelf.dae
[0.156s] -- Up-to-date symlink: /home/hareesh/risk/install/kuka_arm_pkg/share/kuka_arm_pkg/models/kinematics_shelf/model.config
[0.156s] -- Up-to-date symlink: /home/hareesh/risk/install/kuka_arm_pkg/share/kuka_arm_pkg/models/kinematics_shelf/model.sdf
[0.156s] -- Up-to-date symlink: /home/hareesh/risk/install/kuka_arm_pkg/share/kuka_arm_pkg/worlds/cafe.world
[0.156s] -- Up-to-date symlink: /home/hareesh/risk/install/kuka_arm_pkg/share/kuka_arm_pkg/worlds/pick_and_place.world
[0.156s] -- Up-to-date symlink: /home/hareesh/risk/install/kuka_arm_pkg/share/kuka_arm_pkg/worlds/workspace.world
[0.156s] -- Up-to-date symlink: /home/hareesh/risk/install/kuka_arm_pkg/lib/kuka_arm_pkg/gazebo_camera_node.py
[0.156s] -- Up-to-date symlink: /home/hareesh/risk/install/kuka_arm_pkg/lib/kuka_arm_pkg/cam_coord.py
[0.156s] -- Up-to-date symlink: /home/hareesh/risk/install/kuka_arm_pkg/lib/kuka_arm_pkg/pick_and_place.py
[0.157s] -- Up-to-date symlink: /home/hareesh/risk/install/kuka_arm_pkg/share/ament_index/resource_index/package_run_dependencies/kuka_arm_pkg
[0.157s] -- Up-to-date symlink: /home/hareesh/risk/install/kuka_arm_pkg/share/ament_index/resource_index/parent_prefix_path/kuka_arm_pkg
[0.157s] -- Up-to-date symlink: /home/hareesh/risk/install/kuka_arm_pkg/share/kuka_arm_pkg/environment/ament_prefix_path.sh
[0.157s] -- Up-to-date symlink: /home/hareesh/risk/install/kuka_arm_pkg/share/kuka_arm_pkg/environment/ament_prefix_path.dsv
[0.157s] -- Up-to-date symlink: /home/hareesh/risk/install/kuka_arm_pkg/share/kuka_arm_pkg/environment/path.sh
[0.157s] -- Up-to-date symlink: /home/hareesh/risk/install/kuka_arm_pkg/share/kuka_arm_pkg/environment/path.dsv
[0.157s] -- Up-to-date symlink: /home/hareesh/risk/install/kuka_arm_pkg/share/kuka_arm_pkg/local_setup.bash
[0.157s] -- Up-to-date symlink: /home/hareesh/risk/install/kuka_arm_pkg/share/kuka_arm_pkg/local_setup.sh
[0.157s] -- Up-to-date symlink: /home/hareesh/risk/install/kuka_arm_pkg/share/kuka_arm_pkg/local_setup.zsh
[0.158s] -- Up-to-date symlink: /home/hareesh/risk/install/kuka_arm_pkg/share/kuka_arm_pkg/local_setup.dsv
[0.158s] -- Symlinking: /home/hareesh/risk/install/kuka_arm_pkg/share/kuka_arm_pkg/package.dsv
[0.162s] -- Up-to-date symlink: /home/hareesh/risk/install/kuka_arm_pkg/share/ament_index/resource_index/packages/kuka_arm_pkg
[0.162s] -- Up-to-date symlink: /home/hareesh/risk/install/kuka_arm_pkg/share/kuka_arm_pkg/cmake/kuka_arm_pkgConfig.cmake
[0.162s] -- Up-to-date symlink: /home/hareesh/risk/install/kuka_arm_pkg/share/kuka_arm_pkg/cmake/kuka_arm_pkgConfig-version.cmake
[0.162s] -- Up-to-date symlink: /home/hareesh/risk/install/kuka_arm_pkg/share/kuka_arm_pkg/package.xml
[0.164s] Invoked command in '/home/hareesh/risk/build/kuka_arm_pkg' returned '0': CMAKE_PREFIX_PATH=/opt/ros/humble /usr/bin/cmake --install /home/hareesh/risk/build/kuka_arm_pkg
