[0.006s] Invoking command in '/home/hareesh/risk/build/kuka_arm_pkg': CMAKE_PREFIX_PATH=/opt/ros/humble /usr/bin/cmake /home/hareesh/risk/kuka_arm_pkg -DAMENT_CMAKE_SYMLINK_INSTALL=1 -DCMAKE_INSTALL_PREFIX=/home/hareesh/risk/install/kuka_arm_pkg
[0.028s] -- Found ament_cmake: 1.3.10 (/opt/ros/humble/share/ament_cmake/cmake)
[0.100s] -- Override CMake install command with custom implementation using symlinks instead of copying resources
[0.112s] -- Found rclcpp: 16.0.10 (/opt/ros/humble/share/rclcpp/cmake)
[0.137s] -- Found rosidl_generator_c: 3.1.5 (/opt/ros/humble/share/rosidl_generator_c/cmake)
[0.139s] -- Found rosidl_adapter: 3.1.5 (/opt/ros/humble/share/rosidl_adapter/cmake)
[0.144s] -- Found rosidl_generator_cpp: 3.1.5 (/opt/ros/humble/share/rosidl_generator_cpp/cmake)
[0.151s] -- Using all available rosidl_typesupport_c: rosidl_typesupport_fastrtps_c;rosidl_typesupport_introspection_c
[0.161s] -- Using all available rosidl_typesupport_cpp: rosidl_typesupport_fastrtps_cpp;rosidl_typesupport_introspection_cpp
[0.185s] -- Found rmw_implementation_cmake: 6.1.2 (/opt/ros/humble/share/rmw_implementation_cmake/cmake)
[0.187s] -- Found rmw_fastrtps_cpp: 6.2.7 (/opt/ros/humble/share/rmw_fastrtps_cpp/cmake)
[0.251s] -- Using RMW implementation 'rmw_fastrtps_cpp' as default
[0.287s] -- Found trajectory_msgs: 4.2.4 (/opt/ros/humble/share/trajectory_msgs/cmake)
[0.305s] -- Found moveit_ros_planning: 2.5.5 (/opt/ros/humble/share/moveit_ros_planning/cmake)
[0.316s] -- Found Boost: /usr/lib/x86_64-linux-gnu/cmake/Boost-1.74.0/BoostConfig.cmake (found version "1.74.0") found components: system filesystem date_time program_options thread chrono 
[0.402s] -- Found Boost: /usr/lib/x86_64-linux-gnu/cmake/Boost-1.74.0/BoostConfig.cmake (found version "1.74.0") found components: chrono date_time filesystem iostreams program_options regex serialization system thread 
[0.408s] -- Found parameter_traits: 0.3.8 (/opt/ros/humble/share/parameter_traits/cmake)
[0.413s] -- Found rclcpp_lifecycle: 16.0.10 (/opt/ros/humble/share/rclcpp_lifecycle/cmake)
[0.429s] -- Found Boost: /usr/lib/x86_64-linux-gnu/cmake/Boost-1.74.0/BoostConfig.cmake (found version "1.74.0") found components: filesystem 
[0.451s] -- library: /usr/lib/x86_64-linux-gnu/libcurl.so
[0.489s] -- Ensuring Eigen3 include directory is part of orocos-kdl CMake target
[0.556s] -- Found moveit_ros_planning_interface: 2.5.5 (/opt/ros/humble/share/moveit_ros_planning_interface/cmake)
[0.559s] -- Found Boost: /usr/lib/x86_64-linux-gnu/cmake/Boost-1.74.0/BoostConfig.cmake (found version "1.74.0") found components: date_time filesystem program_options system thread 
[0.567s] -- Found Boost: /usr/lib/x86_64-linux-gnu/cmake/Boost-1.74.0/BoostConfig.cmake (found version "1.74.0") found components: thread system filesystem regex date_time program_options 
[0.580s] -- Found Boost: /usr/lib/x86_64-linux-gnu/cmake/Boost-1.74.0/BoostConfig.cmake (found version "1.74.0") found components: system filesystem date_time program_options thread 
[0.597s] -- Found graph_msgs: 0.2.0 (/opt/ros/humble/share/graph_msgs/cmake)
[0.648s] -- Configuring done
[0.670s] -- Generating done
[0.671s] -- Build files have been written to: /home/hareesh/risk/build/kuka_arm_pkg
[0.678s] Invoked command in '/home/hareesh/risk/build/kuka_arm_pkg' returned '0': CMAKE_PREFIX_PATH=/opt/ros/humble /usr/bin/cmake /home/hareesh/risk/kuka_arm_pkg -DAMENT_CMAKE_SYMLINK_INSTALL=1 -DCMAKE_INSTALL_PREFIX=/home/hareesh/risk/install/kuka_arm_pkg
[0.679s] Invoking command in '/home/hareesh/risk/build/kuka_arm_pkg': CMAKE_PREFIX_PATH=/opt/ros/humble /usr/bin/cmake --build /home/hareesh/risk/build/kuka_arm_pkg -- -j16 -l16
[0.704s] [35m[1mConsolidate compiler generated dependencies of target moveit_drive[0m
[0.704s] [35m[1mConsolidate compiler generated dependencies of target jtc_node[0m
[0.723s] [ 25%] [32m[1mLinking CXX executable jtc_node[0m
[0.740s] [ 50%] [32mBuilding CXX object CMakeFiles/moveit_drive.dir/src/motion_drive_moveit.cpp.o[0m
[0.854s] [ 75%] Built target jtc_node
[3.272s] [01m[K/home/hareesh/risk/kuka_arm_pkg/src/motion_drive_moveit.cpp:[m[K In constructor ‘[01m[KMoveRobot::MoveRobot()[m[K’:
[3.272s] [01m[K/home/hareesh/risk/kuka_arm_pkg/src/motion_drive_moveit.cpp:9:34:[m[K [01;31m[Kerror: [m[K‘[01m[Krclcpp::Logger::Logger()[m[K’ is private within this context
[3.272s]     9 |   MoveRobot() : Node("move_robot"[01;31m[K)[m[K
[3.272s]       |                                  [01;31m[K^[m[K
[3.272s] In file included from [01m[K/opt/ros/humble/include/rclcpp/rclcpp/logging.hpp:23[m[K,
[3.272s]                  from [01m[K/opt/ros/humble/include/rclcpp/rclcpp/client.hpp:40[m[K,
[3.272s]                  from [01m[K/opt/ros/humble/include/rclcpp/rclcpp/callback_group.hpp:24[m[K,
[3.272s]                  from [01m[K/opt/ros/humble/include/rclcpp/rclcpp/any_executable.hpp:20[m[K,
[3.272s]                  from [01m[K/opt/ros/humble/include/rclcpp/rclcpp/memory_strategy.hpp:25[m[K,
[3.272s]                  from [01m[K/opt/ros/humble/include/rclcpp/rclcpp/memory_strategies.hpp:18[m[K,
[3.272s]                  from [01m[K/opt/ros/humble/include/rclcpp/rclcpp/executor_options.hpp:20[m[K,
[3.272s]                  from [01m[K/opt/ros/humble/include/rclcpp/rclcpp/executor.hpp:37[m[K,
[3.272s]                  from [01m[K/opt/ros/humble/include/rclcpp/rclcpp/executors/multi_threaded_executor.hpp:25[m[K,
[3.272s]                  from [01m[K/opt/ros/humble/include/rclcpp/rclcpp/executors.hpp:21[m[K,
[3.272s]                  from [01m[K/opt/ros/humble/include/rclcpp/rclcpp/rclcpp.hpp:155[m[K,
[3.272s]                  from [01m[K/home/hareesh/risk/kuka_arm_pkg/src/motion_drive_moveit.cpp:2[m[K:
[3.272s] [01m[K/opt/ros/humble/include/rclcpp/rclcpp/logger.hpp:114:3:[m[K [01;36m[Knote: [m[Kdeclared private here
[3.272s]   114 |   [01;36m[KLogger[m[K()
[3.272s]       |   [01;36m[K^~~~~~[m[K
[5.497s] gmake[2]: *** [CMakeFiles/moveit_drive.dir/build.make:76: CMakeFiles/moveit_drive.dir/src/motion_drive_moveit.cpp.o] Error 1
[5.497s] gmake[1]: *** [CMakeFiles/Makefile2:165: CMakeFiles/moveit_drive.dir/all] Error 2
[5.497s] gmake: *** [Makefile:146: all] Error 2
[5.499s] Invoked command in '/home/hareesh/risk/build/kuka_arm_pkg' returned '2': CMAKE_PREFIX_PATH=/opt/ros/humble /usr/bin/cmake --build /home/hareesh/risk/build/kuka_arm_pkg -- -j16 -l16
