[0.100s] DEBUG:colcon:Command line arguments: ['/usr/bin/colcon', 'build', '--symlink-install']
[0.100s] DEBUG:colcon:Parsed command line arguments: Namespace(log_base=None, log_level=None, verb_name='build', build_base='build', install_base='install', merge_install=False, symlink_install=True, test_result_base=None, continue_on_error=False, executor='parallel', parallel_workers=16, event_handlers=None, ignore_user_meta=False, metas=['./colcon.meta'], base_paths=['.'], packages_ignore=None, packages_ignore_regex=None, paths=None, packages_up_to=None, packages_up_to_regex=None, packages_above=None, packages_above_and_dependencies=None, packages_above_depth=None, packages_select_by_dep=None, packages_skip_by_dep=None, packages_skip_up_to=None, packages_select_build_failed=False, packages_skip_build_finished=False, packages_select_test_failures=False, packages_skip_test_passed=False, packages_select=None, packages_skip=None, packages_select_regex=None, packages_skip_regex=None, packages_start=None, packages_end=None, allow_overriding=[], cmake_args=None, cmake_target=None, cmake_target_skip_unavailable=False, cmake_clean_cache=False, cmake_clean_first=False, cmake_force_configure=False, ament_cmake_args=None, catkin_cmake_args=None, catkin_skip_building_tests=False, mixin_files=None, mixin=None, verb_parser=<colcon_mixin.mixin.mixin_argument.MixinArgumentDecorator object at 0x787c5d543a00>, verb_extension=<colcon_core.verb.build.BuildVerb object at 0x787c5d543430>, main=<bound method BuildVerb.main of <colcon_core.verb.build.BuildVerb object at 0x787c5d543430>>, mixin_verb=('build',))
[0.209s] Level 1:colcon.colcon_core.package_discovery:discover_packages(colcon_meta) check parameters
[0.209s] Level 1:colcon.colcon_core.package_discovery:discover_packages(recursive) check parameters
[0.209s] Level 1:colcon.colcon_core.package_discovery:discover_packages(ignore) check parameters
[0.209s] Level 1:colcon.colcon_core.package_discovery:discover_packages(path) check parameters
[0.209s] Level 1:colcon.colcon_core.package_discovery:discover_packages(colcon_meta) discover
[0.209s] Level 1:colcon.colcon_core.package_discovery:discover_packages(recursive) discover
[0.209s] INFO:colcon.colcon_core.package_discovery:Crawling recursively for packages in '/home/hareesh/risk'
[0.209s] Level 1:colcon.colcon_core.package_identification:_identify(.) by extensions ['ignore', 'ignore_ament_install']
[0.209s] Level 1:colcon.colcon_core.package_identification:_identify(.) by extension 'ignore'
[0.209s] Level 1:colcon.colcon_core.package_identification:_identify(.) by extension 'ignore_ament_install'
[0.209s] Level 1:colcon.colcon_core.package_identification:_identify(.) by extensions ['colcon_pkg']
[0.209s] Level 1:colcon.colcon_core.package_identification:_identify(.) by extension 'colcon_pkg'
[0.209s] Level 1:colcon.colcon_core.package_identification:_identify(.) by extensions ['colcon_meta']
[0.209s] Level 1:colcon.colcon_core.package_identification:_identify(.) by extension 'colcon_meta'
[0.209s] Level 1:colcon.colcon_core.package_identification:_identify(.) by extensions ['ros']
[0.209s] Level 1:colcon.colcon_core.package_identification:_identify(.) by extension 'ros'
[0.216s] Level 1:colcon.colcon_core.package_identification:_identify(.) by extensions ['cmake', 'python']
[0.216s] Level 1:colcon.colcon_core.package_identification:_identify(.) by extension 'cmake'
[0.216s] Level 1:colcon.colcon_core.package_identification:_identify(.) by extension 'python'
[0.216s] Level 1:colcon.colcon_core.package_identification:_identify(.) by extensions ['python_setup_py']
[0.216s] Level 1:colcon.colcon_core.package_identification:_identify(.) by extension 'python_setup_py'
[0.216s] Level 1:colcon.colcon_core.package_identification:_identify(build) by extensions ['ignore', 'ignore_ament_install']
[0.216s] Level 1:colcon.colcon_core.package_identification:_identify(build) by extension 'ignore'
[0.216s] Level 1:colcon.colcon_core.package_identification:_identify(build) ignored
[0.217s] Level 1:colcon.colcon_core.package_identification:_identify(home) by extensions ['ignore', 'ignore_ament_install']
[0.217s] Level 1:colcon.colcon_core.package_identification:_identify(home) by extension 'ignore'
[0.217s] Level 1:colcon.colcon_core.package_identification:_identify(home) by extension 'ignore_ament_install'
[0.217s] Level 1:colcon.colcon_core.package_identification:_identify(home) by extensions ['colcon_pkg']
[0.217s] Level 1:colcon.colcon_core.package_identification:_identify(home) by extension 'colcon_pkg'
[0.217s] Level 1:colcon.colcon_core.package_identification:_identify(home) by extensions ['colcon_meta']
[0.217s] Level 1:colcon.colcon_core.package_identification:_identify(home) by extension 'colcon_meta'
[0.217s] Level 1:colcon.colcon_core.package_identification:_identify(home) by extensions ['ros']
[0.217s] Level 1:colcon.colcon_core.package_identification:_identify(home) by extension 'ros'
[0.217s] Level 1:colcon.colcon_core.package_identification:_identify(home) by extensions ['cmake', 'python']
[0.217s] Level 1:colcon.colcon_core.package_identification:_identify(home) by extension 'cmake'
[0.217s] Level 1:colcon.colcon_core.package_identification:_identify(home) by extension 'python'
[0.217s] Level 1:colcon.colcon_core.package_identification:_identify(home) by extensions ['python_setup_py']
[0.217s] Level 1:colcon.colcon_core.package_identification:_identify(home) by extension 'python_setup_py'
[0.217s] Level 1:colcon.colcon_core.package_identification:_identify(home/hareesh) by extensions ['ignore', 'ignore_ament_install']
[0.217s] Level 1:colcon.colcon_core.package_identification:_identify(home/hareesh) by extension 'ignore'
[0.217s] Level 1:colcon.colcon_core.package_identification:_identify(home/hareesh) by extension 'ignore_ament_install'
[0.217s] Level 1:colcon.colcon_core.package_identification:_identify(home/hareesh) by extensions ['colcon_pkg']
[0.217s] Level 1:colcon.colcon_core.package_identification:_identify(home/hareesh) by extension 'colcon_pkg'
[0.218s] Level 1:colcon.colcon_core.package_identification:_identify(home/hareesh) by extensions ['colcon_meta']
[0.218s] Level 1:colcon.colcon_core.package_identification:_identify(home/hareesh) by extension 'colcon_meta'
[0.218s] Level 1:colcon.colcon_core.package_identification:_identify(home/hareesh) by extensions ['ros']
[0.218s] Level 1:colcon.colcon_core.package_identification:_identify(home/hareesh) by extension 'ros'
[0.218s] Level 1:colcon.colcon_core.package_identification:_identify(home/hareesh) by extensions ['cmake', 'python']
[0.218s] Level 1:colcon.colcon_core.package_identification:_identify(home/hareesh) by extension 'cmake'
[0.218s] Level 1:colcon.colcon_core.package_identification:_identify(home/hareesh) by extension 'python'
[0.218s] Level 1:colcon.colcon_core.package_identification:_identify(home/hareesh) by extensions ['python_setup_py']
[0.218s] Level 1:colcon.colcon_core.package_identification:_identify(home/hareesh) by extension 'python_setup_py'
[0.218s] Level 1:colcon.colcon_core.package_identification:_identify(install) by extensions ['ignore', 'ignore_ament_install']
[0.218s] Level 1:colcon.colcon_core.package_identification:_identify(install) by extension 'ignore'
[0.218s] Level 1:colcon.colcon_core.package_identification:_identify(install) ignored
[0.218s] Level 1:colcon.colcon_core.package_identification:_identify(kuka_arm_moveit) by extensions ['ignore', 'ignore_ament_install']
[0.218s] Level 1:colcon.colcon_core.package_identification:_identify(kuka_arm_moveit) by extension 'ignore'
[0.218s] Level 1:colcon.colcon_core.package_identification:_identify(kuka_arm_moveit) by extension 'ignore_ament_install'
[0.218s] Level 1:colcon.colcon_core.package_identification:_identify(kuka_arm_moveit) by extensions ['colcon_pkg']
[0.218s] Level 1:colcon.colcon_core.package_identification:_identify(kuka_arm_moveit) by extension 'colcon_pkg'
[0.218s] Level 1:colcon.colcon_core.package_identification:_identify(kuka_arm_moveit) by extensions ['colcon_meta']
[0.218s] Level 1:colcon.colcon_core.package_identification:_identify(kuka_arm_moveit) by extension 'colcon_meta'
[0.218s] Level 1:colcon.colcon_core.package_identification:_identify(kuka_arm_moveit) by extensions ['ros']
[0.218s] Level 1:colcon.colcon_core.package_identification:_identify(kuka_arm_moveit) by extension 'ros'
[0.220s] DEBUG:colcon.colcon_core.package_identification:Package 'kuka_arm_moveit' with type 'ros.ament_cmake' and name 'kuka_arm_moveit'
[0.220s] Level 1:colcon.colcon_core.package_identification:_identify(kuka_arm_pkg) by extensions ['ignore', 'ignore_ament_install']
[0.220s] Level 1:colcon.colcon_core.package_identification:_identify(kuka_arm_pkg) by extension 'ignore'
[0.220s] Level 1:colcon.colcon_core.package_identification:_identify(kuka_arm_pkg) by extension 'ignore_ament_install'
[0.220s] Level 1:colcon.colcon_core.package_identification:_identify(kuka_arm_pkg) by extensions ['colcon_pkg']
[0.220s] Level 1:colcon.colcon_core.package_identification:_identify(kuka_arm_pkg) by extension 'colcon_pkg'
[0.220s] Level 1:colcon.colcon_core.package_identification:_identify(kuka_arm_pkg) by extensions ['colcon_meta']
[0.220s] Level 1:colcon.colcon_core.package_identification:_identify(kuka_arm_pkg) by extension 'colcon_meta'
[0.220s] Level 1:colcon.colcon_core.package_identification:_identify(kuka_arm_pkg) by extensions ['ros']
[0.220s] Level 1:colcon.colcon_core.package_identification:_identify(kuka_arm_pkg) by extension 'ros'
[0.220s] DEBUG:colcon.colcon_core.package_identification:Package 'kuka_arm_pkg' with type 'ros.ament_cmake' and name 'kuka_arm_pkg'
[0.221s] Level 1:colcon.colcon_core.package_identification:_identify(log) by extensions ['ignore', 'ignore_ament_install']
[0.221s] Level 1:colcon.colcon_core.package_identification:_identify(log) by extension 'ignore'
[0.221s] Level 1:colcon.colcon_core.package_identification:_identify(log) ignored
[0.221s] Level 1:colcon.colcon_core.package_discovery:discover_packages(recursive) using defaults
[0.221s] Level 1:colcon.colcon_core.package_discovery:discover_packages(ignore) discover
[0.221s] Level 1:colcon.colcon_core.package_discovery:discover_packages(ignore) using defaults
[0.221s] Level 1:colcon.colcon_core.package_discovery:discover_packages(path) discover
[0.221s] Level 1:colcon.colcon_core.package_discovery:discover_packages(path) using defaults
[0.241s] Level 1:colcon.colcon_core.package_discovery:discover_packages(prefix_path) check parameters
[0.241s] Level 1:colcon.colcon_core.package_discovery:discover_packages(prefix_path) discover
[0.243s] DEBUG:colcon.colcon_installed_package_information.package_discovery:Found 418 installed packages in /opt/ros/humble
[0.245s] Level 1:colcon.colcon_core.package_discovery:discover_packages(prefix_path) using defaults
[0.273s] Level 5:colcon.colcon_core.verb:set package 'kuka_arm_pkg' build argument 'cmake_args' from command line to 'None'
[0.273s] Level 5:colcon.colcon_core.verb:set package 'kuka_arm_pkg' build argument 'cmake_target' from command line to 'None'
[0.273s] Level 5:colcon.colcon_core.verb:set package 'kuka_arm_pkg' build argument 'cmake_target_skip_unavailable' from command line to 'False'
[0.273s] Level 5:colcon.colcon_core.verb:set package 'kuka_arm_pkg' build argument 'cmake_clean_cache' from command line to 'False'
[0.273s] Level 5:colcon.colcon_core.verb:set package 'kuka_arm_pkg' build argument 'cmake_clean_first' from command line to 'False'
[0.273s] Level 5:colcon.colcon_core.verb:set package 'kuka_arm_pkg' build argument 'cmake_force_configure' from command line to 'False'
[0.273s] Level 5:colcon.colcon_core.verb:set package 'kuka_arm_pkg' build argument 'ament_cmake_args' from command line to 'None'
[0.273s] Level 5:colcon.colcon_core.verb:set package 'kuka_arm_pkg' build argument 'catkin_cmake_args' from command line to 'None'
[0.273s] Level 5:colcon.colcon_core.verb:set package 'kuka_arm_pkg' build argument 'catkin_skip_building_tests' from command line to 'False'
[0.273s] DEBUG:colcon.colcon_core.verb:Building package 'kuka_arm_pkg' with the following arguments: {'ament_cmake_args': None, 'build_base': '/home/hareesh/risk/build/kuka_arm_pkg', 'catkin_cmake_args': None, 'catkin_skip_building_tests': False, 'cmake_args': None, 'cmake_clean_cache': False, 'cmake_clean_first': False, 'cmake_force_configure': False, 'cmake_target': None, 'cmake_target_skip_unavailable': False, 'install_base': '/home/hareesh/risk/install/kuka_arm_pkg', 'merge_install': False, 'path': '/home/hareesh/risk/kuka_arm_pkg', 'symlink_install': True, 'test_result_base': None}
[0.273s] Level 5:colcon.colcon_core.verb:set package 'kuka_arm_moveit' build argument 'cmake_args' from command line to 'None'
[0.273s] Level 5:colcon.colcon_core.verb:set package 'kuka_arm_moveit' build argument 'cmake_target' from command line to 'None'
[0.273s] Level 5:colcon.colcon_core.verb:set package 'kuka_arm_moveit' build argument 'cmake_target_skip_unavailable' from command line to 'False'
[0.273s] Level 5:colcon.colcon_core.verb:set package 'kuka_arm_moveit' build argument 'cmake_clean_cache' from command line to 'False'
[0.274s] Level 5:colcon.colcon_core.verb:set package 'kuka_arm_moveit' build argument 'cmake_clean_first' from command line to 'False'
[0.274s] Level 5:colcon.colcon_core.verb:set package 'kuka_arm_moveit' build argument 'cmake_force_configure' from command line to 'False'
[0.274s] Level 5:colcon.colcon_core.verb:set package 'kuka_arm_moveit' build argument 'ament_cmake_args' from command line to 'None'
[0.274s] Level 5:colcon.colcon_core.verb:set package 'kuka_arm_moveit' build argument 'catkin_cmake_args' from command line to 'None'
[0.274s] Level 5:colcon.colcon_core.verb:set package 'kuka_arm_moveit' build argument 'catkin_skip_building_tests' from command line to 'False'
[0.274s] DEBUG:colcon.colcon_core.verb:Building package 'kuka_arm_moveit' with the following arguments: {'ament_cmake_args': None, 'build_base': '/home/hareesh/risk/build/kuka_arm_moveit', 'catkin_cmake_args': None, 'catkin_skip_building_tests': False, 'cmake_args': None, 'cmake_clean_cache': False, 'cmake_clean_first': False, 'cmake_force_configure': False, 'cmake_target': None, 'cmake_target_skip_unavailable': False, 'install_base': '/home/hareesh/risk/install/kuka_arm_moveit', 'merge_install': False, 'path': '/home/hareesh/risk/kuka_arm_moveit', 'symlink_install': True, 'test_result_base': None}
[0.274s] INFO:colcon.colcon_core.executor:Executing jobs using 'parallel' executor
[0.274s] DEBUG:colcon.colcon_parallel_executor.executor.parallel:run_until_complete
[0.274s] INFO:colcon.colcon_ros.task.ament_cmake.build:Building ROS package in '/home/hareesh/risk/kuka_arm_pkg' with build type 'ament_cmake'
[0.275s] INFO:colcon.colcon_cmake.task.cmake.build:Building CMake package in '/home/hareesh/risk/kuka_arm_pkg'
[0.277s] INFO:colcon.colcon_core.plugin_system:Skipping extension 'colcon_core.shell.bat': Not used on non-Windows systems
[0.278s] INFO:colcon.colcon_core.shell:Skip shell extension 'powershell' for command environment: Not usable outside of PowerShell
[0.278s] DEBUG:colcon.colcon_core.shell:Skip shell extension 'dsv' for command environment
[0.283s] DEBUG:colcon.colcon_core.event_handler.log_command:Invoking command in '/home/hareesh/risk/build/kuka_arm_pkg': CMAKE_PREFIX_PATH=/opt/ros/humble /usr/bin/cmake --build /home/hareesh/risk/build/kuka_arm_pkg -- -j16 -l16
[0.386s] DEBUG:colcon.colcon_core.event_handler.log_command:Invoked command in '/home/hareesh/risk/build/kuka_arm_pkg' returned '0': CMAKE_PREFIX_PATH=/opt/ros/humble /usr/bin/cmake --build /home/hareesh/risk/build/kuka_arm_pkg -- -j16 -l16
[0.410s] DEBUG:colcon.colcon_core.event_handler.log_command:Invoking command in '/home/hareesh/risk/build/kuka_arm_pkg': CMAKE_PREFIX_PATH=/opt/ros/humble /usr/bin/cmake --install /home/hareesh/risk/build/kuka_arm_pkg
[0.439s] Level 1:colcon.colcon_core.environment:create_environment_scripts_only(kuka_arm_pkg)
[0.439s] DEBUG:colcon.colcon_core.event_handler.log_command:Invoked command in '/home/hareesh/risk/build/kuka_arm_pkg' returned '0': CMAKE_PREFIX_PATH=/opt/ros/humble /usr/bin/cmake --install /home/hareesh/risk/build/kuka_arm_pkg
[0.442s] Level 1:colcon.colcon_core.environment:checking '/home/hareesh/risk/install/kuka_arm_pkg' for CMake module files
[0.442s] Level 1:colcon.colcon_core.environment:checking '/home/hareesh/risk/install/kuka_arm_pkg' for CMake config files
[0.444s] Level 1:colcon.colcon_core.shell:create_environment_hook('kuka_arm_pkg', 'cmake_prefix_path')
[0.444s] INFO:colcon.colcon_core.shell:Creating environment hook '/home/hareesh/risk/install/kuka_arm_pkg/share/kuka_arm_pkg/hook/cmake_prefix_path.ps1'
[0.444s] INFO:colcon.colcon_core.shell:Creating environment descriptor '/home/hareesh/risk/install/kuka_arm_pkg/share/kuka_arm_pkg/hook/cmake_prefix_path.dsv'
[0.445s] INFO:colcon.colcon_core.shell:Creating environment hook '/home/hareesh/risk/install/kuka_arm_pkg/share/kuka_arm_pkg/hook/cmake_prefix_path.sh'
[0.445s] Level 1:colcon.colcon_core.environment:checking '/home/hareesh/risk/install/kuka_arm_pkg/lib'
[0.445s] Level 1:colcon.colcon_core.environment:checking '/home/hareesh/risk/install/kuka_arm_pkg/bin'
[0.445s] Level 1:colcon.colcon_core.environment:checking '/home/hareesh/risk/install/kuka_arm_pkg/lib/pkgconfig/kuka_arm_pkg.pc'
[0.445s] Level 1:colcon.colcon_core.environment:checking '/home/hareesh/risk/install/kuka_arm_pkg/lib/python3.10/site-packages'
[0.445s] Level 1:colcon.colcon_core.environment:checking '/home/hareesh/risk/install/kuka_arm_pkg/bin'
[0.446s] INFO:colcon.colcon_core.shell:Creating package script '/home/hareesh/risk/install/kuka_arm_pkg/share/kuka_arm_pkg/package.ps1'
[0.446s] INFO:colcon.colcon_core.shell:Creating package descriptor '/home/hareesh/risk/install/kuka_arm_pkg/share/kuka_arm_pkg/package.dsv'
[0.446s] INFO:colcon.colcon_core.shell:Creating package script '/home/hareesh/risk/install/kuka_arm_pkg/share/kuka_arm_pkg/package.sh'
[0.447s] INFO:colcon.colcon_core.shell:Creating package script '/home/hareesh/risk/install/kuka_arm_pkg/share/kuka_arm_pkg/package.bash'
[0.447s] INFO:colcon.colcon_core.shell:Creating package script '/home/hareesh/risk/install/kuka_arm_pkg/share/kuka_arm_pkg/package.zsh'
[0.448s] Level 1:colcon.colcon_core.environment:create_file_with_runtime_dependencies(/home/hareesh/risk/install/kuka_arm_pkg/share/colcon-core/packages/kuka_arm_pkg)
[0.462s] Level 1:colcon.colcon_core.environment:create_environment_scripts_only(kuka_arm_pkg)
[0.462s] Level 1:colcon.colcon_core.environment:checking '/home/hareesh/risk/install/kuka_arm_pkg' for CMake module files
[0.463s] Level 1:colcon.colcon_core.environment:checking '/home/hareesh/risk/install/kuka_arm_pkg' for CMake config files
[0.464s] Level 1:colcon.colcon_core.shell:create_environment_hook('kuka_arm_pkg', 'cmake_prefix_path')
[0.464s] INFO:colcon.colcon_core.shell:Creating environment hook '/home/hareesh/risk/install/kuka_arm_pkg/share/kuka_arm_pkg/hook/cmake_prefix_path.ps1'
[0.464s] INFO:colcon.colcon_core.shell:Creating environment descriptor '/home/hareesh/risk/install/kuka_arm_pkg/share/kuka_arm_pkg/hook/cmake_prefix_path.dsv'
[0.465s] INFO:colcon.colcon_core.shell:Creating environment hook '/home/hareesh/risk/install/kuka_arm_pkg/share/kuka_arm_pkg/hook/cmake_prefix_path.sh'
[0.465s] Level 1:colcon.colcon_core.environment:checking '/home/hareesh/risk/install/kuka_arm_pkg/lib'
[0.465s] Level 1:colcon.colcon_core.environment:checking '/home/hareesh/risk/install/kuka_arm_pkg/bin'
[0.465s] Level 1:colcon.colcon_core.environment:checking '/home/hareesh/risk/install/kuka_arm_pkg/lib/pkgconfig/kuka_arm_pkg.pc'
[0.465s] Level 1:colcon.colcon_core.environment:checking '/home/hareesh/risk/install/kuka_arm_pkg/lib/python3.10/site-packages'
[0.465s] Level 1:colcon.colcon_core.environment:checking '/home/hareesh/risk/install/kuka_arm_pkg/bin'
[0.465s] INFO:colcon.colcon_core.shell:Creating package script '/home/hareesh/risk/install/kuka_arm_pkg/share/kuka_arm_pkg/package.ps1'
[0.466s] INFO:colcon.colcon_core.shell:Creating package descriptor '/home/hareesh/risk/install/kuka_arm_pkg/share/kuka_arm_pkg/package.dsv'
[0.466s] INFO:colcon.colcon_core.shell:Creating package script '/home/hareesh/risk/install/kuka_arm_pkg/share/kuka_arm_pkg/package.sh'
[0.466s] INFO:colcon.colcon_core.shell:Creating package script '/home/hareesh/risk/install/kuka_arm_pkg/share/kuka_arm_pkg/package.bash'
[0.466s] INFO:colcon.colcon_core.shell:Creating package script '/home/hareesh/risk/install/kuka_arm_pkg/share/kuka_arm_pkg/package.zsh'
[0.466s] Level 1:colcon.colcon_core.environment:create_file_with_runtime_dependencies(/home/hareesh/risk/install/kuka_arm_pkg/share/colcon-core/packages/kuka_arm_pkg)
[0.467s] INFO:colcon.colcon_ros.task.ament_cmake.build:Building ROS package in '/home/hareesh/risk/kuka_arm_moveit' with build type 'ament_cmake'
[0.467s] INFO:colcon.colcon_cmake.task.cmake.build:Building CMake package in '/home/hareesh/risk/kuka_arm_moveit'
[0.467s] INFO:colcon.colcon_core.shell:Skip shell extension 'powershell' for command environment: Not usable outside of PowerShell
[0.467s] DEBUG:colcon.colcon_core.shell:Skip shell extension 'dsv' for command environment
[0.473s] DEBUG:colcon.colcon_core.event_handler.log_command:Invoking command in '/home/hareesh/risk/build/kuka_arm_moveit': AMENT_PREFIX_PATH=/home/hareesh/risk/install/kuka_arm_pkg:${AMENT_PREFIX_PATH} CMAKE_PREFIX_PATH=/home/hareesh/risk/install/kuka_arm_pkg:/opt/ros/humble /usr/bin/cmake --build /home/hareesh/risk/build/kuka_arm_moveit -- -j16 -l16
[0.497s] DEBUG:colcon.colcon_core.event_handler.log_command:Invoked command in '/home/hareesh/risk/build/kuka_arm_moveit' returned '0': AMENT_PREFIX_PATH=/home/hareesh/risk/install/kuka_arm_pkg:${AMENT_PREFIX_PATH} CMAKE_PREFIX_PATH=/home/hareesh/risk/install/kuka_arm_pkg:/opt/ros/humble /usr/bin/cmake --build /home/hareesh/risk/build/kuka_arm_moveit -- -j16 -l16
[0.510s] DEBUG:colcon.colcon_core.event_handler.log_command:Invoking command in '/home/hareesh/risk/build/kuka_arm_moveit': AMENT_PREFIX_PATH=/home/hareesh/risk/install/kuka_arm_pkg:${AMENT_PREFIX_PATH} CMAKE_PREFIX_PATH=/home/hareesh/risk/install/kuka_arm_pkg:/opt/ros/humble /usr/bin/cmake --install /home/hareesh/risk/build/kuka_arm_moveit
[0.524s] Level 1:colcon.colcon_core.environment:create_environment_scripts_only(kuka_arm_moveit)
[0.524s] DEBUG:colcon.colcon_core.event_handler.log_command:Invoked command in '/home/hareesh/risk/build/kuka_arm_moveit' returned '0': AMENT_PREFIX_PATH=/home/hareesh/risk/install/kuka_arm_pkg:${AMENT_PREFIX_PATH} CMAKE_PREFIX_PATH=/home/hareesh/risk/install/kuka_arm_pkg:/opt/ros/humble /usr/bin/cmake --install /home/hareesh/risk/build/kuka_arm_moveit
[0.525s] Level 1:colcon.colcon_core.environment:checking '/home/hareesh/risk/install/kuka_arm_moveit' for CMake module files
[0.525s] Level 1:colcon.colcon_core.environment:checking '/home/hareesh/risk/install/kuka_arm_moveit' for CMake config files
[0.525s] Level 1:colcon.colcon_core.shell:create_environment_hook('kuka_arm_moveit', 'cmake_prefix_path')
[0.525s] INFO:colcon.colcon_core.shell:Creating environment hook '/home/hareesh/risk/install/kuka_arm_moveit/share/kuka_arm_moveit/hook/cmake_prefix_path.ps1'
[0.525s] INFO:colcon.colcon_core.shell:Creating environment descriptor '/home/hareesh/risk/install/kuka_arm_moveit/share/kuka_arm_moveit/hook/cmake_prefix_path.dsv'
[0.526s] INFO:colcon.colcon_core.shell:Creating environment hook '/home/hareesh/risk/install/kuka_arm_moveit/share/kuka_arm_moveit/hook/cmake_prefix_path.sh'
[0.526s] Level 1:colcon.colcon_core.environment:checking '/home/hareesh/risk/install/kuka_arm_moveit/bin'
[0.526s] Level 1:colcon.colcon_core.environment:checking '/home/hareesh/risk/install/kuka_arm_moveit/lib/pkgconfig/kuka_arm_moveit.pc'
[0.526s] Level 1:colcon.colcon_core.environment:checking '/home/hareesh/risk/install/kuka_arm_moveit/lib/python3.10/site-packages'
[0.526s] Level 1:colcon.colcon_core.environment:checking '/home/hareesh/risk/install/kuka_arm_moveit/bin'
[0.526s] INFO:colcon.colcon_core.shell:Creating package script '/home/hareesh/risk/install/kuka_arm_moveit/share/kuka_arm_moveit/package.ps1'
[0.527s] INFO:colcon.colcon_core.shell:Creating package descriptor '/home/hareesh/risk/install/kuka_arm_moveit/share/kuka_arm_moveit/package.dsv'
[0.527s] INFO:colcon.colcon_core.shell:Creating package script '/home/hareesh/risk/install/kuka_arm_moveit/share/kuka_arm_moveit/package.sh'
[0.527s] INFO:colcon.colcon_core.shell:Creating package script '/home/hareesh/risk/install/kuka_arm_moveit/share/kuka_arm_moveit/package.bash'
[0.527s] INFO:colcon.colcon_core.shell:Creating package script '/home/hareesh/risk/install/kuka_arm_moveit/share/kuka_arm_moveit/package.zsh'
[0.527s] Level 1:colcon.colcon_core.environment:create_file_with_runtime_dependencies(/home/hareesh/risk/install/kuka_arm_moveit/share/colcon-core/packages/kuka_arm_moveit)
[0.538s] Level 1:colcon.colcon_core.environment:create_environment_scripts_only(kuka_arm_moveit)
[0.538s] Level 1:colcon.colcon_core.environment:checking '/home/hareesh/risk/install/kuka_arm_moveit' for CMake module files
[0.539s] Level 1:colcon.colcon_core.environment:checking '/home/hareesh/risk/install/kuka_arm_moveit' for CMake config files
[0.539s] Level 1:colcon.colcon_core.shell:create_environment_hook('kuka_arm_moveit', 'cmake_prefix_path')
[0.539s] INFO:colcon.colcon_core.shell:Creating environment hook '/home/hareesh/risk/install/kuka_arm_moveit/share/kuka_arm_moveit/hook/cmake_prefix_path.ps1'
[0.539s] INFO:colcon.colcon_core.shell:Creating environment descriptor '/home/hareesh/risk/install/kuka_arm_moveit/share/kuka_arm_moveit/hook/cmake_prefix_path.dsv'
[0.539s] INFO:colcon.colcon_core.shell:Creating environment hook '/home/hareesh/risk/install/kuka_arm_moveit/share/kuka_arm_moveit/hook/cmake_prefix_path.sh'
[0.540s] Level 1:colcon.colcon_core.environment:checking '/home/hareesh/risk/install/kuka_arm_moveit/bin'
[0.540s] Level 1:colcon.colcon_core.environment:checking '/home/hareesh/risk/install/kuka_arm_moveit/lib/pkgconfig/kuka_arm_moveit.pc'
[0.540s] Level 1:colcon.colcon_core.environment:checking '/home/hareesh/risk/install/kuka_arm_moveit/lib/python3.10/site-packages'
[0.540s] Level 1:colcon.colcon_core.environment:checking '/home/hareesh/risk/install/kuka_arm_moveit/bin'
[0.540s] INFO:colcon.colcon_core.shell:Creating package script '/home/hareesh/risk/install/kuka_arm_moveit/share/kuka_arm_moveit/package.ps1'
[0.540s] INFO:colcon.colcon_core.shell:Creating package descriptor '/home/hareesh/risk/install/kuka_arm_moveit/share/kuka_arm_moveit/package.dsv'
[0.540s] INFO:colcon.colcon_core.shell:Creating package script '/home/hareesh/risk/install/kuka_arm_moveit/share/kuka_arm_moveit/package.sh'
[0.540s] INFO:colcon.colcon_core.shell:Creating package script '/home/hareesh/risk/install/kuka_arm_moveit/share/kuka_arm_moveit/package.bash'
[0.541s] INFO:colcon.colcon_core.shell:Creating package script '/home/hareesh/risk/install/kuka_arm_moveit/share/kuka_arm_moveit/package.zsh'
[0.541s] Level 1:colcon.colcon_core.environment:create_file_with_runtime_dependencies(/home/hareesh/risk/install/kuka_arm_moveit/share/colcon-core/packages/kuka_arm_moveit)
[0.541s] DEBUG:colcon.colcon_parallel_executor.executor.parallel:closing loop
[0.541s] DEBUG:colcon.colcon_parallel_executor.executor.parallel:loop closed
[0.541s] DEBUG:colcon.colcon_parallel_executor.executor.parallel:run_until_complete finished with '0'
[0.541s] DEBUG:colcon.colcon_core.event_reactor:joining thread
[0.545s] INFO:colcon.colcon_core.plugin_system:Skipping extension 'colcon_notification.desktop_notification.terminal_notifier': Not used on non-Darwin systems
[0.545s] INFO:colcon.colcon_core.plugin_system:Skipping extension 'colcon_notification.desktop_notification.win32': Not used on non-Windows systems
[0.545s] INFO:colcon.colcon_notification.desktop_notification:Sending desktop notification using 'notify2'
[0.557s] DEBUG:colcon.colcon_core.event_reactor:joined thread
[0.558s] INFO:colcon.colcon_core.shell:Creating prefix script '/home/hareesh/risk/install/local_setup.ps1'
[0.558s] INFO:colcon.colcon_core.shell:Creating prefix util module '/home/hareesh/risk/install/_local_setup_util_ps1.py'
[0.559s] INFO:colcon.colcon_core.shell:Creating prefix chain script '/home/hareesh/risk/install/setup.ps1'
[0.560s] INFO:colcon.colcon_core.shell:Creating prefix script '/home/hareesh/risk/install/local_setup.sh'
[0.560s] INFO:colcon.colcon_core.shell:Creating prefix util module '/home/hareesh/risk/install/_local_setup_util_sh.py'
[0.561s] INFO:colcon.colcon_core.shell:Creating prefix chain script '/home/hareesh/risk/install/setup.sh'
[0.561s] INFO:colcon.colcon_core.shell:Creating prefix script '/home/hareesh/risk/install/local_setup.bash'
[0.562s] INFO:colcon.colcon_core.shell:Creating prefix chain script '/home/hareesh/risk/install/setup.bash'
[0.562s] INFO:colcon.colcon_core.shell:Creating prefix script '/home/hareesh/risk/install/local_setup.zsh'
[0.563s] INFO:colcon.colcon_core.shell:Creating prefix chain script '/home/hareesh/risk/install/setup.zsh'
