[0.006s] Invoking command in '/home/hareesh/risk/build/kuka_arm_pkg': CMAKE_PREFIX_PATH=${CMAKE_PREFIX_PATH}:/opt/ros/humble /usr/bin/cmake --build /home/hareesh/risk/build/kuka_arm_pkg -- -j16 -l16
[0.021s] -- Found ament_cmake: 1.3.10 (/opt/ros/humble/share/ament_cmake/cmake)
[0.090s] -- Override CMake install command with custom implementation using symlinks instead of copying resources
[0.094s] -- Found rclcpp: 16.0.10 (/opt/ros/humble/share/rclcpp/cmake)
[0.111s] -- Found rosidl_generator_c: 3.1.5 (/opt/ros/humble/share/rosidl_generator_c/cmake)
[0.112s] -- Found rosidl_adapter: 3.1.5 (/opt/ros/humble/share/rosidl_adapter/cmake)
[0.115s] -- Found rosidl_generator_cpp: 3.1.5 (/opt/ros/humble/share/rosidl_generator_cpp/cmake)
[0.120s] -- Using all available rosidl_typesupport_c: rosidl_typesupport_fastrtps_c;rosidl_typesupport_introspection_c
[0.127s] -- Using all available rosidl_typesupport_cpp: rosidl_typesupport_fastrtps_cpp;rosidl_typesupport_introspection_cpp
[0.145s] -- Found rmw_implementation_cmake: 6.1.2 (/opt/ros/humble/share/rmw_implementation_cmake/cmake)
[0.145s] -- Found rmw_fastrtps_cpp: 6.2.7 (/opt/ros/humble/share/rmw_fastrtps_cpp/cmake)
[0.206s] -- Using RMW implementation 'rmw_fastrtps_cpp' as default
[0.232s] -- Found trajectory_msgs: 4.2.4 (/opt/ros/humble/share/trajectory_msgs/cmake)
[0.247s] -- Found moveit_ros_planning: 2.5.5 (/opt/ros/humble/share/moveit_ros_planning/cmake)
[0.254s] -- Found Boost: /usr/lib/x86_64-linux-gnu/cmake/Boost-1.74.0/BoostConfig.cmake (found version "1.74.0") found components: system filesystem date_time program_options thread chrono 
[0.321s] -- Found Boost: /usr/lib/x86_64-linux-gnu/cmake/Boost-1.74.0/BoostConfig.cmake (found version "1.74.0") found components: chrono date_time filesystem iostreams program_options regex serialization system thread 
[0.325s] -- Found parameter_traits: 0.3.8 (/opt/ros/humble/share/parameter_traits/cmake)
[0.328s] -- Found rclcpp_lifecycle: 16.0.10 (/opt/ros/humble/share/rclcpp_lifecycle/cmake)
[0.340s] -- Found Boost: /usr/lib/x86_64-linux-gnu/cmake/Boost-1.74.0/BoostConfig.cmake (found version "1.74.0") found components: filesystem 
[0.359s] -- library: /usr/lib/x86_64-linux-gnu/libcurl.so
[0.391s] -- Ensuring Eigen3 include directory is part of orocos-kdl CMake target
[0.452s] -- Found moveit_ros_planning_interface: 2.5.5 (/opt/ros/humble/share/moveit_ros_planning_interface/cmake)
[0.455s] -- Found Boost: /usr/lib/x86_64-linux-gnu/cmake/Boost-1.74.0/BoostConfig.cmake (found version "1.74.0") found components: date_time filesystem program_options system thread 
[0.463s] -- Found Boost: /usr/lib/x86_64-linux-gnu/cmake/Boost-1.74.0/BoostConfig.cmake (found version "1.74.0") found components: thread system filesystem regex date_time program_options 
[0.475s] -- Found Boost: /usr/lib/x86_64-linux-gnu/cmake/Boost-1.74.0/BoostConfig.cmake (found version "1.74.0") found components: system filesystem date_time program_options thread 
[0.490s] -- Found graph_msgs: 0.2.0 (/opt/ros/humble/share/graph_msgs/cmake)
[0.541s] -- Configuring done
[0.563s] -- Generating done
[0.564s] -- Build files have been written to: /home/hareesh/risk/build/kuka_arm_pkg
[0.582s] [35m[1mConsolidate compiler generated dependencies of target jtc_node[0m
[0.583s] [35m[1mConsolidate compiler generated dependencies of target moveit_drive[0m
[0.587s] [ 16%] [32mBuilding CXX object CMakeFiles/pick_place.dir/src/pick_place_gazebo.cpp.o[0m
[0.595s] [ 50%] Built target jtc_node
[0.599s] [ 83%] Built target moveit_drive
[0.810s] [01m[K/home/hareesh/risk/kuka_arm_pkg/src/pick_place_gazebo.cpp:2:10:[m[K [01;31m[Kfatal error: [m[Kmoveit/planning_interface/planning_scene_interface.hpp: No such file or directory
[0.810s]     2 | #include [01;31m[K<moveit/planning_interface/planning_scene_interface.hpp>[m[K
[0.810s]       |          [01;31m[K^~~~~~~~~~~~~~~~~~~~~~~~~~~~~~~~~~~~~~~~~~~~~~~~~~~~~~~~[m[K
[0.810s] compilation terminated.
[0.812s] gmake[2]: *** [CMakeFiles/pick_place.dir/build.make:76: CMakeFiles/pick_place.dir/src/pick_place_gazebo.cpp.o] Error 1
[0.812s] gmake[1]: *** [CMakeFiles/Makefile2:193: CMakeFiles/pick_place.dir/all] Error 2
[0.812s] gmake: *** [Makefile:146: all] Error 2
[0.814s] Invoked command in '/home/hareesh/risk/build/kuka_arm_pkg' returned '2': CMAKE_PREFIX_PATH=${CMAKE_PREFIX_PATH}:/opt/ros/humble /usr/bin/cmake --build /home/hareesh/risk/build/kuka_arm_pkg -- -j16 -l16
