[0.004s] Invoking command in '/home/hareesh/risk/build/kuka_arm_moveit': AMENT_PREFIX_PATH=/home/hareesh/risk/install/kuka_arm_pkg:${AMENT_PREFIX_PATH} CMAKE_PREFIX_PATH=/home/hareesh/risk/install/kuka_arm_pkg:/opt/ros/humble /usr/bin/cmake /home/hareesh/risk/kuka_arm_moveit -DCMAKE_INSTALL_PREFIX=/home/hareesh/risk/install/kuka_arm_moveit
[0.033s] -- The C compiler identification is GNU 11.4.0
[0.064s] -- The CXX compiler identification is GNU 11.4.0
[0.068s] -- Detecting C compiler ABI info
[0.106s] -- Detecting C compiler ABI info - done
[0.113s] -- Check for working C compiler: /usr/bin/cc - skipped
[0.113s] -- Detecting C compile features
[0.113s] -- Detecting C compile features - done
[0.116s] -- Detecting CXX compiler ABI info
[0.159s] -- Detecting CXX compiler ABI info - done
[0.163s] -- Check for working CXX compiler: /usr/bin/c++ - skipped
[0.164s] -- Detecting CXX compile features
[0.164s] -- Detecting CXX compile features - done
[0.165s] -- Found ament_cmake: 1.3.10 (/opt/ros/humble/share/ament_cmake/cmake)
[0.481s] -- Found Python3: /usr/bin/python3 (found version "3.10.12") found components: Interpreter 
[0.568s] -- Configuring done
[0.570s] -- Generating done
[0.570s] -- Build files have been written to: /home/hareesh/risk/build/kuka_arm_moveit
[0.574s] Invoked command in '/home/hareesh/risk/build/kuka_arm_moveit' returned '0': AMENT_PREFIX_PATH=/home/hareesh/risk/install/kuka_arm_pkg:${AMENT_PREFIX_PATH} CMAKE_PREFIX_PATH=/home/hareesh/risk/install/kuka_arm_pkg:/opt/ros/humble /usr/bin/cmake /home/hareesh/risk/kuka_arm_moveit -DCMAKE_INSTALL_PREFIX=/home/hareesh/risk/install/kuka_arm_moveit
[0.574s] Invoking command in '/home/hareesh/risk/build/kuka_arm_moveit': AMENT_PREFIX_PATH=/home/hareesh/risk/install/kuka_arm_pkg:${AMENT_PREFIX_PATH} CMAKE_PREFIX_PATH=/home/hareesh/risk/install/kuka_arm_pkg:/opt/ros/humble /usr/bin/cmake --build /home/hareesh/risk/build/kuka_arm_moveit -- -j16 -l16
[0.595s] Invoked command in '/home/hareesh/risk/build/kuka_arm_moveit' returned '0': AMENT_PREFIX_PATH=/home/hareesh/risk/install/kuka_arm_pkg:${AMENT_PREFIX_PATH} CMAKE_PREFIX_PATH=/home/hareesh/risk/install/kuka_arm_pkg:/opt/ros/humble /usr/bin/cmake --build /home/hareesh/risk/build/kuka_arm_moveit -- -j16 -l16
[0.607s] Invoking command in '/home/hareesh/risk/build/kuka_arm_moveit': AMENT_PREFIX_PATH=/home/hareesh/risk/install/kuka_arm_pkg:${AMENT_PREFIX_PATH} CMAKE_PREFIX_PATH=/home/hareesh/risk/install/kuka_arm_pkg:/opt/ros/humble /usr/bin/cmake --install /home/hareesh/risk/build/kuka_arm_moveit
[0.610s] -- Install configuration: ""
[0.611s] -- Installing: /home/hareesh/risk/install/kuka_arm_moveit/share/ament_index/resource_index/package_run_dependencies/kuka_arm_moveit
[0.611s] -- Installing: /home/hareesh/risk/install/kuka_arm_moveit/share/ament_index/resource_index/parent_prefix_path/kuka_arm_moveit
[0.611s] -- Installing: /home/hareesh/risk/install/kuka_arm_moveit/share/kuka_arm_moveit/environment/ament_prefix_path.sh
[0.611s] -- Installing: /home/hareesh/risk/install/kuka_arm_moveit/share/kuka_arm_moveit/environment/ament_prefix_path.dsv
[0.611s] -- Installing: /home/hareesh/risk/install/kuka_arm_moveit/share/kuka_arm_moveit/environment/path.sh
[0.611s] -- Installing: /home/hareesh/risk/install/kuka_arm_moveit/share/kuka_arm_moveit/environment/path.dsv
[0.611s] -- Installing: /home/hareesh/risk/install/kuka_arm_moveit/share/kuka_arm_moveit/local_setup.bash
[0.611s] -- Installing: /home/hareesh/risk/install/kuka_arm_moveit/share/kuka_arm_moveit/local_setup.sh
[0.611s] -- Installing: /home/hareesh/risk/install/kuka_arm_moveit/share/kuka_arm_moveit/local_setup.zsh
[0.611s] -- Installing: /home/hareesh/risk/install/kuka_arm_moveit/share/kuka_arm_moveit/local_setup.dsv
[0.611s] -- Installing: /home/hareesh/risk/install/kuka_arm_moveit/share/kuka_arm_moveit/package.dsv
[0.611s] -- Installing: /home/hareesh/risk/install/kuka_arm_moveit/share/ament_index/resource_index/packages/kuka_arm_moveit
[0.611s] -- Installing: /home/hareesh/risk/install/kuka_arm_moveit/share/kuka_arm_moveit/cmake/kuka_arm_moveitConfig.cmake
[0.612s] -- Installing: /home/hareesh/risk/install/kuka_arm_moveit/share/kuka_arm_moveit/cmake/kuka_arm_moveitConfig-version.cmake
[0.612s] -- Installing: /home/hareesh/risk/install/kuka_arm_moveit/share/kuka_arm_moveit/package.xml
[0.612s] -- Installing: /home/hareesh/risk/install/kuka_arm_moveit/share/kuka_arm_moveit/launch
[0.612s] -- Installing: /home/hareesh/risk/install/kuka_arm_moveit/share/kuka_arm_moveit/launch/setup_assistant.launch.py
[0.612s] -- Installing: /home/hareesh/risk/install/kuka_arm_moveit/share/kuka_arm_moveit/launch/warehouse_db.launch.py
[0.612s] -- Installing: /home/hareesh/risk/install/kuka_arm_moveit/share/kuka_arm_moveit/launch/static_virtual_joint_tfs.launch.py
[0.612s] -- Installing: /home/hareesh/risk/install/kuka_arm_moveit/share/kuka_arm_moveit/launch/rsp.launch.py
[0.612s] -- Installing: /home/hareesh/risk/install/kuka_arm_moveit/share/kuka_arm_moveit/launch/spawn_controllers.launch.py
[0.612s] -- Installing: /home/hareesh/risk/install/kuka_arm_moveit/share/kuka_arm_moveit/launch/move_group.launch.py
[0.612s] -- Installing: /home/hareesh/risk/install/kuka_arm_moveit/share/kuka_arm_moveit/launch/demo.launch.py
[0.612s] -- Installing: /home/hareesh/risk/install/kuka_arm_moveit/share/kuka_arm_moveit/launch/moveit_rviz.launch.py
[0.612s] -- Installing: /home/hareesh/risk/install/kuka_arm_moveit/share/kuka_arm_moveit/config
[0.612s] -- Installing: /home/hareesh/risk/install/kuka_arm_moveit/share/kuka_arm_moveit/config/kr210_arm.ros2_control.xacro
[0.613s] -- Installing: /home/hareesh/risk/install/kuka_arm_moveit/share/kuka_arm_moveit/config/moveit.rviz
[0.613s] -- Installing: /home/hareesh/risk/install/kuka_arm_moveit/share/kuka_arm_moveit/config/initial_positions.yaml
[0.613s] -- Installing: /home/hareesh/risk/install/kuka_arm_moveit/share/kuka_arm_moveit/config/moveit_controllers.yaml
[0.613s] -- Installing: /home/hareesh/risk/install/kuka_arm_moveit/share/kuka_arm_moveit/config/joint_limits.yaml
[0.613s] -- Installing: /home/hareesh/risk/install/kuka_arm_moveit/share/kuka_arm_moveit/config/pilz_cartesian_limits.yaml
[0.614s] -- Installing: /home/hareesh/risk/install/kuka_arm_moveit/share/kuka_arm_moveit/config/kr210_arm.urdf.xacro
[0.614s] -- Installing: /home/hareesh/risk/install/kuka_arm_moveit/share/kuka_arm_moveit/config/ros2_controllers.yaml
[0.614s] -- Installing: /home/hareesh/risk/install/kuka_arm_moveit/share/kuka_arm_moveit/config/kr210_arm.srdf
[0.614s] -- Installing: /home/hareesh/risk/install/kuka_arm_moveit/share/kuka_arm_moveit/config/kinematics.yaml
[0.614s] -- Installing: /home/hareesh/risk/install/kuka_arm_moveit/share/kuka_arm_moveit/.setup_assistant
[0.616s] Invoked command in '/home/hareesh/risk/build/kuka_arm_moveit' returned '0': AMENT_PREFIX_PATH=/home/hareesh/risk/install/kuka_arm_pkg:${AMENT_PREFIX_PATH} CMAKE_PREFIX_PATH=/home/hareesh/risk/install/kuka_arm_pkg:/opt/ros/humble /usr/bin/cmake --install /home/hareesh/risk/build/kuka_arm_moveit
