[35m[1mConsolidate compiler generated dependencies of target moveit_drive[0m
[ 50%] Built target jtc_node
[ 75%] [32mBuilding CXX object CMakeFiles/moveit_drive.dir/src/motion_drive_moveit.cpp.o[0m
[100%] [32m[1mLinking CXX executable moveit_drive[0m
[100%] Built target moveit_drive
-- Install configuration: ""
-- Execute custom install script
-- Symlinking: /home/hareesh/risk/install/kuka_arm_pkg/lib/kuka_arm_pkg/jtc_node
-- Symlinking: /home/hareesh/risk/install/kuka_arm_pkg/lib/kuka_arm_pkg/moveit_drive
-- Symlinking: /home/hareesh/risk/install/kuka_arm_pkg/share/kuka_arm_pkg/src/cam_coord.py
-- Symlinking: /home/hareesh/risk/install/kuka_arm_pkg/share/kuka_arm_pkg/src/gazebo_camera_node.py
-- Symlinking: /home/hareesh/risk/install/kuka_arm_pkg/share/kuka_arm_pkg/src/joint_trajectory_controller.cpp
-- Symlinking: /home/hareesh/risk/install/kuka_arm_pkg/share/kuka_arm_pkg/src/motion_drive_moveit.cpp
-- Symlinking: /home/hareesh/risk/install/kuka_arm_pkg/share/kuka_arm_pkg/urdf/camera.urdf.xacro
-- Symlinking: /home/hareesh/risk/install/kuka_arm_pkg/share/kuka_arm_pkg/urdf/kr210.gazebo.xacro
-- Symlinking: /home/hareesh/risk/install/kuka_arm_pkg/share/kuka_arm_pkg/urdf/kr210.ros2control.xacro
-- Symlinking: /home/hareesh/risk/install/kuka_arm_pkg/share/kuka_arm_pkg/urdf/kr210.urdf.xacro
-- Symlinking: /home/hareesh/risk/install/kuka_arm_pkg/share/kuka_arm_pkg/urdf/kr210_moveit.urdf.xacro
-- Symlinking: /home/hareesh/risk/install/kuka_arm_pkg/share/kuka_arm_pkg/urdf/target.urdf.xacro
-- Symlinking: /home/hareesh/risk/install/kuka_arm_pkg/share/kuka_arm_pkg/meshes/gripper/finger_left.dae
-- Symlinking: /home/hareesh/risk/install/kuka_arm_pkg/share/kuka_arm_pkg/meshes/gripper/finger_left_collision.dae
-- Symlinking: /home/hareesh/risk/install/kuka_arm_pkg/share/kuka_arm_pkg/meshes/gripper/finger_right.dae
-- Symlinking: /home/hareesh/risk/install/kuka_arm_pkg/share/kuka_arm_pkg/meshes/gripper/finger_right_collision.dae
-- Symlinking: /home/hareesh/risk/install/kuka_arm_pkg/share/kuka_arm_pkg/meshes/gripper/gripper_base.dae
-- Symlinking: /home/hareesh/risk/install/kuka_arm_pkg/share/kuka_arm_pkg/meshes/kr210l150/README.md
-- Symlinking: /home/hareesh/risk/install/kuka_arm_pkg/share/kuka_arm_pkg/meshes/kr210l150/collision/base_link.stl
-- Symlinking: /home/hareesh/risk/install/kuka_arm_pkg/share/kuka_arm_pkg/meshes/kr210l150/collision/link_1.stl
-- Symlinking: /home/hareesh/risk/install/kuka_arm_pkg/share/kuka_arm_pkg/meshes/kr210l150/collision/link_2.stl
-- Symlinking: /home/hareesh/risk/install/kuka_arm_pkg/share/kuka_arm_pkg/meshes/kr210l150/collision/link_3.stl
-- Symlinking: /home/hareesh/risk/install/kuka_arm_pkg/share/kuka_arm_pkg/meshes/kr210l150/collision/link_4.stl
-- Symlinking: /home/hareesh/risk/install/kuka_arm_pkg/share/kuka_arm_pkg/meshes/kr210l150/collision/link_5.stl
-- Symlinking: /home/hareesh/risk/install/kuka_arm_pkg/share/kuka_arm_pkg/meshes/kr210l150/collision/link_6.stl
-- Symlinking: /home/hareesh/risk/install/kuka_arm_pkg/share/kuka_arm_pkg/meshes/kr210l150/visual/base_link.dae
-- Symlinking: /home/hareesh/risk/install/kuka_arm_pkg/share/kuka_arm_pkg/meshes/kr210l150/visual/link_1.dae
-- Symlinking: /home/hareesh/risk/install/kuka_arm_pkg/share/kuka_arm_pkg/meshes/kr210l150/visual/link_2.dae
-- Symlinking: /home/hareesh/risk/install/kuka_arm_pkg/share/kuka_arm_pkg/meshes/kr210l150/visual/link_3.dae
-- Symlinking: /home/hareesh/risk/install/kuka_arm_pkg/share/kuka_arm_pkg/meshes/kr210l150/visual/link_4.dae
-- Symlinking: /home/hareesh/risk/install/kuka_arm_pkg/share/kuka_arm_pkg/meshes/kr210l150/visual/link_5.dae
-- Symlinking: /home/hareesh/risk/install/kuka_arm_pkg/share/kuka_arm_pkg/meshes/kr210l150/visual/link_6.dae
-- Symlinking: /home/hareesh/risk/install/kuka_arm_pkg/share/kuka_arm_pkg/config/kuka_arm.rviz
-- Symlinking: /home/hareesh/risk/install/kuka_arm_pkg/share/kuka_arm_pkg/config/kuka_arm_controllers.yaml
-- Symlinking: /home/hareesh/risk/install/kuka_arm_pkg/share/kuka_arm_pkg/launch/1_rviz_kuka_arm.launch.py
-- Symlinking: /home/hareesh/risk/install/kuka_arm_pkg/share/kuka_arm_pkg/launch/2_gazebo_kuka_arm.launch.py
-- Symlinking: /home/hareesh/risk/install/kuka_arm_pkg/share/kuka_arm_pkg/launch/3_moveit_kuka_arm.launch.py
-- Symlinking: /home/hareesh/risk/install/kuka_arm_pkg/share/kuka_arm_pkg/launch/4_moveit_node_controlling.launch.py
-- Symlinking: /home/hareesh/risk/install/kuka_arm_pkg/share/kuka_arm_pkg/launch/5_world.launch.py
-- Symlinking: /home/hareesh/risk/install/kuka_arm_pkg/share/kuka_arm_pkg/models/kinematics_bin/kinematics_bin.dae
-- Symlinking: /home/hareesh/risk/install/kuka_arm_pkg/share/kuka_arm_pkg/models/kinematics_bin/model.config
-- Symlinking: /home/hareesh/risk/install/kuka_arm_pkg/share/kuka_arm_pkg/models/kinematics_bin/model.sdf
-- Symlinking: /home/hareesh/risk/install/kuka_arm_pkg/share/kuka_arm_pkg/models/kinematics_shelf/kinematics_shelf.dae
-- Symlinking: /home/hareesh/risk/install/kuka_arm_pkg/share/kuka_arm_pkg/models/kinematics_shelf/model.config
-- Symlinking: /home/hareesh/risk/install/kuka_arm_pkg/share/kuka_arm_pkg/models/kinematics_shelf/model.sdf
-- Symlinking: /home/hareesh/risk/install/kuka_arm_pkg/share/kuka_arm_pkg/worlds/cafe.world
-- Symlinking: /home/hareesh/risk/install/kuka_arm_pkg/share/kuka_arm_pkg/worlds/workspace.world
-- Symlinking: /home/hareesh/risk/install/kuka_arm_pkg/lib/kuka_arm_pkg/gazebo_camera_node.py
-- Symlinking: /home/hareesh/risk/install/kuka_arm_pkg/share/ament_index/resource_index/package_run_dependencies/kuka_arm_pkg
-- Symlinking: /home/hareesh/risk/install/kuka_arm_pkg/share/ament_index/resource_index/parent_prefix_path/kuka_arm_pkg
-- Symlinking: /home/hareesh/risk/install/kuka_arm_pkg/share/kuka_arm_pkg/environment/ament_prefix_path.sh
-- Symlinking: /home/hareesh/risk/install/kuka_arm_pkg/share/kuka_arm_pkg/environment/ament_prefix_path.dsv
-- Symlinking: /home/hareesh/risk/install/kuka_arm_pkg/share/kuka_arm_pkg/environment/path.sh
-- Symlinking: /home/hareesh/risk/install/kuka_arm_pkg/share/kuka_arm_pkg/environment/path.dsv
-- Symlinking: /home/hareesh/risk/install/kuka_arm_pkg/share/kuka_arm_pkg/local_setup.bash
-- Symlinking: /home/hareesh/risk/install/kuka_arm_pkg/share/kuka_arm_pkg/local_setup.sh
-- Symlinking: /home/hareesh/risk/install/kuka_arm_pkg/share/kuka_arm_pkg/local_setup.zsh
-- Symlinking: /home/hareesh/risk/install/kuka_arm_pkg/share/kuka_arm_pkg/local_setup.dsv
-- Symlinking: /home/hareesh/risk/install/kuka_arm_pkg/share/kuka_arm_pkg/package.dsv
-- Symlinking: /home/hareesh/risk/install/kuka_arm_pkg/share/ament_index/resource_index/packages/kuka_arm_pkg
-- Symlinking: /home/hareesh/risk/install/kuka_arm_pkg/share/kuka_arm_pkg/cmake/kuka_arm_pkgConfig.cmake
-- Symlinking: /home/hareesh/risk/install/kuka_arm_pkg/share/kuka_arm_pkg/cmake/kuka_arm_pkgConfig-version.cmake
-- Symlinking: /home/hareesh/risk/install/kuka_arm_pkg/share/kuka_arm_pkg/package.xml
