[0.065s] DEBUG:colcon:Command line arguments: ['/usr/bin/colcon', 'build']
[0.065s] DEBUG:colcon:Parsed command line arguments: Namespace(log_base=None, log_level=None, verb_name='build', build_base='build', install_base='install', merge_install=False, symlink_install=False, test_result_base=None, continue_on_error=False, executor='parallel', parallel_workers=16, event_handlers=None, ignore_user_meta=False, metas=['./colcon.meta'], base_paths=['.'], packages_ignore=None, packages_ignore_regex=None, paths=None, packages_up_to=None, packages_up_to_regex=None, packages_above=None, packages_above_and_dependencies=None, packages_above_depth=None, packages_select_by_dep=None, packages_skip_by_dep=None, packages_skip_up_to=None, packages_select_build_failed=False, packages_skip_build_finished=False, packages_select_test_failures=False, packages_skip_test_passed=False, packages_select=None, packages_skip=None, packages_select_regex=None, packages_skip_regex=None, packages_start=None, packages_end=None, allow_overriding=[], cmake_args=None, cmake_target=None, cmake_target_skip_unavailable=False, cmake_clean_cache=False, cmake_clean_first=False, cmake_force_configure=False, ament_cmake_args=None, catkin_cmake_args=None, catkin_skip_building_tests=False, mixin_files=None, mixin=None, verb_parser=<colcon_mixin.mixin.mixin_argument.MixinArgumentDecorator object at 0x7e49f0e37940>, verb_extension=<colcon_core.verb.build.BuildVerb object at 0x7e49f0e37370>, main=<bound method BuildVerb.main of <colcon_core.verb.build.BuildVerb object at 0x7e49f0e37370>>, mixin_verb=('build',))
[0.155s] Level 1:colcon.colcon_core.package_discovery:discover_packages(colcon_meta) check parameters
[0.156s] Level 1:colcon.colcon_core.package_discovery:discover_packages(recursive) check parameters
[0.156s] Level 1:colcon.colcon_core.package_discovery:discover_packages(ignore) check parameters
[0.156s] Level 1:colcon.colcon_core.package_discovery:discover_packages(path) check parameters
[0.156s] Level 1:colcon.colcon_core.package_discovery:discover_packages(colcon_meta) discover
[0.156s] Level 1:colcon.colcon_core.package_discovery:discover_packages(recursive) discover
[0.156s] INFO:colcon.colcon_core.package_discovery:Crawling recursively for packages in '/home/hareesh/risk'
[0.156s] Level 1:colcon.colcon_core.package_identification:_identify(.) by extensions ['ignore', 'ignore_ament_install']
[0.156s] Level 1:colcon.colcon_core.package_identification:_identify(.) by extension 'ignore'
[0.156s] Level 1:colcon.colcon_core.package_identification:_identify(.) by extension 'ignore_ament_install'
[0.156s] Level 1:colcon.colcon_core.package_identification:_identify(.) by extensions ['colcon_pkg']
[0.156s] Level 1:colcon.colcon_core.package_identification:_identify(.) by extension 'colcon_pkg'
[0.156s] Level 1:colcon.colcon_core.package_identification:_identify(.) by extensions ['colcon_meta']
[0.156s] Level 1:colcon.colcon_core.package_identification:_identify(.) by extension 'colcon_meta'
[0.156s] Level 1:colcon.colcon_core.package_identification:_identify(.) by extensions ['ros']
[0.156s] Level 1:colcon.colcon_core.package_identification:_identify(.) by extension 'ros'
[0.163s] Level 1:colcon.colcon_core.package_identification:_identify(.) by extensions ['cmake', 'python']
[0.163s] Level 1:colcon.colcon_core.package_identification:_identify(.) by extension 'cmake'
[0.163s] Level 1:colcon.colcon_core.package_identification:_identify(.) by extension 'python'
[0.163s] Level 1:colcon.colcon_core.package_identification:_identify(.) by extensions ['python_setup_py']
[0.163s] Level 1:colcon.colcon_core.package_identification:_identify(.) by extension 'python_setup_py'
[0.163s] Level 1:colcon.colcon_core.package_identification:_identify(build) by extensions ['ignore', 'ignore_ament_install']
[0.163s] Level 1:colcon.colcon_core.package_identification:_identify(build) by extension 'ignore'
[0.163s] Level 1:colcon.colcon_core.package_identification:_identify(build) ignored
[0.164s] Level 1:colcon.colcon_core.package_identification:_identify(install) by extensions ['ignore', 'ignore_ament_install']
[0.164s] Level 1:colcon.colcon_core.package_identification:_identify(install) by extension 'ignore'
[0.164s] Level 1:colcon.colcon_core.package_identification:_identify(install) ignored
[0.164s] Level 1:colcon.colcon_core.package_identification:_identify(kuka_arm_moveit) by extensions ['ignore', 'ignore_ament_install']
[0.164s] Level 1:colcon.colcon_core.package_identification:_identify(kuka_arm_moveit) by extension 'ignore'
[0.164s] Level 1:colcon.colcon_core.package_identification:_identify(kuka_arm_moveit) by extension 'ignore_ament_install'
[0.164s] Level 1:colcon.colcon_core.package_identification:_identify(kuka_arm_moveit) by extensions ['colcon_pkg']
[0.164s] Level 1:colcon.colcon_core.package_identification:_identify(kuka_arm_moveit) by extension 'colcon_pkg'
[0.164s] Level 1:colcon.colcon_core.package_identification:_identify(kuka_arm_moveit) by extensions ['colcon_meta']
[0.164s] Level 1:colcon.colcon_core.package_identification:_identify(kuka_arm_moveit) by extension 'colcon_meta'
[0.164s] Level 1:colcon.colcon_core.package_identification:_identify(kuka_arm_moveit) by extensions ['ros']
[0.164s] Level 1:colcon.colcon_core.package_identification:_identify(kuka_arm_moveit) by extension 'ros'
[0.166s] DEBUG:colcon.colcon_core.package_identification:Package 'kuka_arm_moveit' with type 'ros.ament_cmake' and name 'kuka_arm_moveit'
[0.166s] Level 1:colcon.colcon_core.package_identification:_identify(kuka_arm_pkg) by extensions ['ignore', 'ignore_ament_install']
[0.166s] Level 1:colcon.colcon_core.package_identification:_identify(kuka_arm_pkg) by extension 'ignore'
[0.166s] Level 1:colcon.colcon_core.package_identification:_identify(kuka_arm_pkg) by extension 'ignore_ament_install'
[0.166s] Level 1:colcon.colcon_core.package_identification:_identify(kuka_arm_pkg) by extensions ['colcon_pkg']
[0.166s] Level 1:colcon.colcon_core.package_identification:_identify(kuka_arm_pkg) by extension 'colcon_pkg'
[0.166s] Level 1:colcon.colcon_core.package_identification:_identify(kuka_arm_pkg) by extensions ['colcon_meta']
[0.166s] Level 1:colcon.colcon_core.package_identification:_identify(kuka_arm_pkg) by extension 'colcon_meta'
[0.166s] Level 1:colcon.colcon_core.package_identification:_identify(kuka_arm_pkg) by extensions ['ros']
[0.166s] Level 1:colcon.colcon_core.package_identification:_identify(kuka_arm_pkg) by extension 'ros'
[0.167s] DEBUG:colcon.colcon_core.package_identification:Package 'kuka_arm_pkg' with type 'ros.ament_cmake' and name 'kuka_arm_pkg'
[0.167s] Level 1:colcon.colcon_core.package_identification:_identify(log) by extensions ['ignore', 'ignore_ament_install']
[0.167s] Level 1:colcon.colcon_core.package_identification:_identify(log) by extension 'ignore'
[0.167s] Level 1:colcon.colcon_core.package_identification:_identify(log) ignored
[0.167s] Level 1:colcon.colcon_core.package_discovery:discover_packages(recursive) using defaults
[0.167s] Level 1:colcon.colcon_core.package_discovery:discover_packages(ignore) discover
[0.167s] Level 1:colcon.colcon_core.package_discovery:discover_packages(ignore) using defaults
[0.167s] Level 1:colcon.colcon_core.package_discovery:discover_packages(path) discover
[0.167s] Level 1:colcon.colcon_core.package_discovery:discover_packages(path) using defaults
[0.183s] Level 1:colcon.colcon_core.package_discovery:discover_packages(prefix_path) check parameters
[0.183s] Level 1:colcon.colcon_core.package_discovery:discover_packages(prefix_path) discover
[0.185s] DEBUG:colcon.colcon_installed_package_information.package_discovery:Found 417 installed packages in /opt/ros/humble
[0.186s] Level 1:colcon.colcon_core.package_discovery:discover_packages(prefix_path) using defaults
[0.210s] Level 5:colcon.colcon_core.verb:set package 'kuka_arm_pkg' build argument 'cmake_args' from command line to 'None'
[0.210s] Level 5:colcon.colcon_core.verb:set package 'kuka_arm_pkg' build argument 'cmake_target' from command line to 'None'
[0.210s] Level 5:colcon.colcon_core.verb:set package 'kuka_arm_pkg' build argument 'cmake_target_skip_unavailable' from command line to 'False'
[0.210s] Level 5:colcon.colcon_core.verb:set package 'kuka_arm_pkg' build argument 'cmake_clean_cache' from command line to 'False'
[0.210s] Level 5:colcon.colcon_core.verb:set package 'kuka_arm_pkg' build argument 'cmake_clean_first' from command line to 'False'
[0.210s] Level 5:colcon.colcon_core.verb:set package 'kuka_arm_pkg' build argument 'cmake_force_configure' from command line to 'False'
[0.210s] Level 5:colcon.colcon_core.verb:set package 'kuka_arm_pkg' build argument 'ament_cmake_args' from command line to 'None'
[0.210s] Level 5:colcon.colcon_core.verb:set package 'kuka_arm_pkg' build argument 'catkin_cmake_args' from command line to 'None'
[0.210s] Level 5:colcon.colcon_core.verb:set package 'kuka_arm_pkg' build argument 'catkin_skip_building_tests' from command line to 'False'
[0.210s] DEBUG:colcon.colcon_core.verb:Building package 'kuka_arm_pkg' with the following arguments: {'ament_cmake_args': None, 'build_base': '/home/hareesh/risk/build/kuka_arm_pkg', 'catkin_cmake_args': None, 'catkin_skip_building_tests': False, 'cmake_args': None, 'cmake_clean_cache': False, 'cmake_clean_first': False, 'cmake_force_configure': False, 'cmake_target': None, 'cmake_target_skip_unavailable': False, 'install_base': '/home/hareesh/risk/install/kuka_arm_pkg', 'merge_install': False, 'path': '/home/hareesh/risk/kuka_arm_pkg', 'symlink_install': False, 'test_result_base': None}
[0.211s] Level 5:colcon.colcon_core.verb:set package 'kuka_arm_moveit' build argument 'cmake_args' from command line to 'None'
[0.211s] Level 5:colcon.colcon_core.verb:set package 'kuka_arm_moveit' build argument 'cmake_target' from command line to 'None'
[0.211s] Level 5:colcon.colcon_core.verb:set package 'kuka_arm_moveit' build argument 'cmake_target_skip_unavailable' from command line to 'False'
[0.211s] Level 5:colcon.colcon_core.verb:set package 'kuka_arm_moveit' build argument 'cmake_clean_cache' from command line to 'False'
[0.211s] Level 5:colcon.colcon_core.verb:set package 'kuka_arm_moveit' build argument 'cmake_clean_first' from command line to 'False'
[0.211s] Level 5:colcon.colcon_core.verb:set package 'kuka_arm_moveit' build argument 'cmake_force_configure' from command line to 'False'
[0.211s] Level 5:colcon.colcon_core.verb:set package 'kuka_arm_moveit' build argument 'ament_cmake_args' from command line to 'None'
[0.211s] Level 5:colcon.colcon_core.verb:set package 'kuka_arm_moveit' build argument 'catkin_cmake_args' from command line to 'None'
[0.211s] Level 5:colcon.colcon_core.verb:set package 'kuka_arm_moveit' build argument 'catkin_skip_building_tests' from command line to 'False'
[0.211s] DEBUG:colcon.colcon_core.verb:Building package 'kuka_arm_moveit' with the following arguments: {'ament_cmake_args': None, 'build_base': '/home/hareesh/risk/build/kuka_arm_moveit', 'catkin_cmake_args': None, 'catkin_skip_building_tests': False, 'cmake_args': None, 'cmake_clean_cache': False, 'cmake_clean_first': False, 'cmake_force_configure': False, 'cmake_target': None, 'cmake_target_skip_unavailable': False, 'install_base': '/home/hareesh/risk/install/kuka_arm_moveit', 'merge_install': False, 'path': '/home/hareesh/risk/kuka_arm_moveit', 'symlink_install': False, 'test_result_base': None}
[0.211s] INFO:colcon.colcon_core.executor:Executing jobs using 'parallel' executor
[0.211s] DEBUG:colcon.colcon_parallel_executor.executor.parallel:run_until_complete
[0.212s] INFO:colcon.colcon_ros.task.ament_cmake.build:Building ROS package in '/home/hareesh/risk/kuka_arm_pkg' with build type 'ament_cmake'
[0.212s] INFO:colcon.colcon_cmake.task.cmake.build:Building CMake package in '/home/hareesh/risk/kuka_arm_pkg'
[0.213s] INFO:colcon.colcon_core.plugin_system:Skipping extension 'colcon_core.shell.bat': Not used on non-Windows systems
[0.214s] INFO:colcon.colcon_core.shell:Skip shell extension 'powershell' for command environment: Not usable outside of PowerShell
[0.214s] DEBUG:colcon.colcon_core.shell:Skip shell extension 'dsv' for command environment
[0.218s] DEBUG:colcon.colcon_core.event_handler.log_command:Invoking command in '/home/hareesh/risk/build/kuka_arm_pkg': CMAKE_PREFIX_PATH=/opt/ros/humble /usr/bin/cmake /home/hareesh/risk/kuka_arm_pkg -DCMAKE_INSTALL_PREFIX=/home/hareesh/risk/install/kuka_arm_pkg
[1.581s] DEBUG:colcon.colcon_core.event_handler.log_command:Invoked command in '/home/hareesh/risk/build/kuka_arm_pkg' returned '0': CMAKE_PREFIX_PATH=/opt/ros/humble /usr/bin/cmake /home/hareesh/risk/kuka_arm_pkg -DCMAKE_INSTALL_PREFIX=/home/hareesh/risk/install/kuka_arm_pkg
[1.583s] DEBUG:colcon.colcon_core.event_handler.log_command:Invoking command in '/home/hareesh/risk/build/kuka_arm_pkg': CMAKE_PREFIX_PATH=/opt/ros/humble /usr/bin/cmake --build /home/hareesh/risk/build/kuka_arm_pkg -- -j16 -l16
[5.863s] DEBUG:colcon.colcon_core.event_handler.log_command:Invoked command in '/home/hareesh/risk/build/kuka_arm_pkg' returned '0': CMAKE_PREFIX_PATH=/opt/ros/humble /usr/bin/cmake --build /home/hareesh/risk/build/kuka_arm_pkg -- -j16 -l16
[5.882s] DEBUG:colcon.colcon_core.event_handler.log_command:Invoking command in '/home/hareesh/risk/build/kuka_arm_pkg': CMAKE_PREFIX_PATH=/opt/ros/humble /usr/bin/cmake --install /home/hareesh/risk/build/kuka_arm_pkg
[5.913s] Level 1:colcon.colcon_core.environment:create_environment_scripts_only(kuka_arm_pkg)
[5.914s] DEBUG:colcon.colcon_core.event_handler.log_command:Invoked command in '/home/hareesh/risk/build/kuka_arm_pkg' returned '0': CMAKE_PREFIX_PATH=/opt/ros/humble /usr/bin/cmake --install /home/hareesh/risk/build/kuka_arm_pkg
[5.916s] Level 1:colcon.colcon_core.environment:checking '/home/hareesh/risk/install/kuka_arm_pkg' for CMake module files
[5.916s] Level 1:colcon.colcon_core.environment:checking '/home/hareesh/risk/install/kuka_arm_pkg' for CMake config files
[5.916s] Level 1:colcon.colcon_core.shell:create_environment_hook('kuka_arm_pkg', 'cmake_prefix_path')
[5.916s] INFO:colcon.colcon_core.shell:Creating environment hook '/home/hareesh/risk/install/kuka_arm_pkg/share/kuka_arm_pkg/hook/cmake_prefix_path.ps1'
[5.917s] INFO:colcon.colcon_core.shell:Creating environment descriptor '/home/hareesh/risk/install/kuka_arm_pkg/share/kuka_arm_pkg/hook/cmake_prefix_path.dsv'
[5.917s] INFO:colcon.colcon_core.shell:Creating environment hook '/home/hareesh/risk/install/kuka_arm_pkg/share/kuka_arm_pkg/hook/cmake_prefix_path.sh'
[5.918s] Level 1:colcon.colcon_core.environment:checking '/home/hareesh/risk/install/kuka_arm_pkg/lib'
[5.918s] Level 1:colcon.colcon_core.environment:checking '/home/hareesh/risk/install/kuka_arm_pkg/bin'
[5.918s] Level 1:colcon.colcon_core.environment:checking '/home/hareesh/risk/install/kuka_arm_pkg/lib/pkgconfig/kuka_arm_pkg.pc'
[5.918s] Level 1:colcon.colcon_core.environment:checking '/home/hareesh/risk/install/kuka_arm_pkg/lib/python3.10/site-packages'
[5.918s] Level 1:colcon.colcon_core.environment:checking '/home/hareesh/risk/install/kuka_arm_pkg/bin'
[5.918s] INFO:colcon.colcon_core.shell:Creating package script '/home/hareesh/risk/install/kuka_arm_pkg/share/kuka_arm_pkg/package.ps1'
[5.919s] INFO:colcon.colcon_core.shell:Creating package descriptor '/home/hareesh/risk/install/kuka_arm_pkg/share/kuka_arm_pkg/package.dsv'
[5.919s] INFO:colcon.colcon_core.shell:Creating package script '/home/hareesh/risk/install/kuka_arm_pkg/share/kuka_arm_pkg/package.sh'
[5.919s] INFO:colcon.colcon_core.shell:Creating package script '/home/hareesh/risk/install/kuka_arm_pkg/share/kuka_arm_pkg/package.bash'
[5.920s] INFO:colcon.colcon_core.shell:Creating package script '/home/hareesh/risk/install/kuka_arm_pkg/share/kuka_arm_pkg/package.zsh'
[5.920s] Level 1:colcon.colcon_core.environment:create_file_with_runtime_dependencies(/home/hareesh/risk/install/kuka_arm_pkg/share/colcon-core/packages/kuka_arm_pkg)
[5.934s] Level 1:colcon.colcon_core.environment:create_environment_scripts_only(kuka_arm_pkg)
[5.934s] Level 1:colcon.colcon_core.environment:checking '/home/hareesh/risk/install/kuka_arm_pkg' for CMake module files
[5.934s] Level 1:colcon.colcon_core.environment:checking '/home/hareesh/risk/install/kuka_arm_pkg' for CMake config files
[5.934s] Level 1:colcon.colcon_core.shell:create_environment_hook('kuka_arm_pkg', 'cmake_prefix_path')
[5.934s] INFO:colcon.colcon_core.shell:Creating environment hook '/home/hareesh/risk/install/kuka_arm_pkg/share/kuka_arm_pkg/hook/cmake_prefix_path.ps1'
[5.935s] INFO:colcon.colcon_core.shell:Creating environment descriptor '/home/hareesh/risk/install/kuka_arm_pkg/share/kuka_arm_pkg/hook/cmake_prefix_path.dsv'
[5.935s] INFO:colcon.colcon_core.shell:Creating environment hook '/home/hareesh/risk/install/kuka_arm_pkg/share/kuka_arm_pkg/hook/cmake_prefix_path.sh'
[5.935s] Level 1:colcon.colcon_core.environment:checking '/home/hareesh/risk/install/kuka_arm_pkg/lib'
[5.935s] Level 1:colcon.colcon_core.environment:checking '/home/hareesh/risk/install/kuka_arm_pkg/bin'
[5.935s] Level 1:colcon.colcon_core.environment:checking '/home/hareesh/risk/install/kuka_arm_pkg/lib/pkgconfig/kuka_arm_pkg.pc'
[5.935s] Level 1:colcon.colcon_core.environment:checking '/home/hareesh/risk/install/kuka_arm_pkg/lib/python3.10/site-packages'
[5.935s] Level 1:colcon.colcon_core.environment:checking '/home/hareesh/risk/install/kuka_arm_pkg/bin'
[5.936s] INFO:colcon.colcon_core.shell:Creating package script '/home/hareesh/risk/install/kuka_arm_pkg/share/kuka_arm_pkg/package.ps1'
[5.936s] INFO:colcon.colcon_core.shell:Creating package descriptor '/home/hareesh/risk/install/kuka_arm_pkg/share/kuka_arm_pkg/package.dsv'
[5.936s] INFO:colcon.colcon_core.shell:Creating package script '/home/hareesh/risk/install/kuka_arm_pkg/share/kuka_arm_pkg/package.sh'
[5.936s] INFO:colcon.colcon_core.shell:Creating package script '/home/hareesh/risk/install/kuka_arm_pkg/share/kuka_arm_pkg/package.bash'
[5.936s] INFO:colcon.colcon_core.shell:Creating package script '/home/hareesh/risk/install/kuka_arm_pkg/share/kuka_arm_pkg/package.zsh'
[5.937s] Level 1:colcon.colcon_core.environment:create_file_with_runtime_dependencies(/home/hareesh/risk/install/kuka_arm_pkg/share/colcon-core/packages/kuka_arm_pkg)
[5.937s] INFO:colcon.colcon_ros.task.ament_cmake.build:Building ROS package in '/home/hareesh/risk/kuka_arm_moveit' with build type 'ament_cmake'
[5.937s] INFO:colcon.colcon_cmake.task.cmake.build:Building CMake package in '/home/hareesh/risk/kuka_arm_moveit'
[5.937s] INFO:colcon.colcon_core.shell:Skip shell extension 'powershell' for command environment: Not usable outside of PowerShell
[5.937s] DEBUG:colcon.colcon_core.shell:Skip shell extension 'dsv' for command environment
[5.941s] DEBUG:colcon.colcon_core.event_handler.log_command:Invoking command in '/home/hareesh/risk/build/kuka_arm_moveit': AMENT_PREFIX_PATH=/home/hareesh/risk/install/kuka_arm_pkg:${AMENT_PREFIX_PATH} CMAKE_PREFIX_PATH=/home/hareesh/risk/install/kuka_arm_pkg:/opt/ros/humble /usr/bin/cmake /home/hareesh/risk/kuka_arm_moveit -DCMAKE_INSTALL_PREFIX=/home/hareesh/risk/install/kuka_arm_moveit
[6.512s] DEBUG:colcon.colcon_core.event_handler.log_command:Invoked command in '/home/hareesh/risk/build/kuka_arm_moveit' returned '0': AMENT_PREFIX_PATH=/home/hareesh/risk/install/kuka_arm_pkg:${AMENT_PREFIX_PATH} CMAKE_PREFIX_PATH=/home/hareesh/risk/install/kuka_arm_pkg:/opt/ros/humble /usr/bin/cmake /home/hareesh/risk/kuka_arm_moveit -DCMAKE_INSTALL_PREFIX=/home/hareesh/risk/install/kuka_arm_moveit
[6.512s] DEBUG:colcon.colcon_core.event_handler.log_command:Invoking command in '/home/hareesh/risk/build/kuka_arm_moveit': AMENT_PREFIX_PATH=/home/hareesh/risk/install/kuka_arm_pkg:${AMENT_PREFIX_PATH} CMAKE_PREFIX_PATH=/home/hareesh/risk/install/kuka_arm_pkg:/opt/ros/humble /usr/bin/cmake --build /home/hareesh/risk/build/kuka_arm_moveit -- -j16 -l16
[6.532s] DEBUG:colcon.colcon_core.event_handler.log_command:Invoked command in '/home/hareesh/risk/build/kuka_arm_moveit' returned '0': AMENT_PREFIX_PATH=/home/hareesh/risk/install/kuka_arm_pkg:${AMENT_PREFIX_PATH} CMAKE_PREFIX_PATH=/home/hareesh/risk/install/kuka_arm_pkg:/opt/ros/humble /usr/bin/cmake --build /home/hareesh/risk/build/kuka_arm_moveit -- -j16 -l16
[6.544s] DEBUG:colcon.colcon_core.event_handler.log_command:Invoking command in '/home/hareesh/risk/build/kuka_arm_moveit': AMENT_PREFIX_PATH=/home/hareesh/risk/install/kuka_arm_pkg:${AMENT_PREFIX_PATH} CMAKE_PREFIX_PATH=/home/hareesh/risk/install/kuka_arm_pkg:/opt/ros/humble /usr/bin/cmake --install /home/hareesh/risk/build/kuka_arm_moveit
[6.553s] Level 1:colcon.colcon_core.environment:create_environment_scripts_only(kuka_arm_moveit)
[6.553s] Level 1:colcon.colcon_core.environment:checking '/home/hareesh/risk/install/kuka_arm_moveit' for CMake module files
[6.553s] DEBUG:colcon.colcon_core.event_handler.log_command:Invoked command in '/home/hareesh/risk/build/kuka_arm_moveit' returned '0': AMENT_PREFIX_PATH=/home/hareesh/risk/install/kuka_arm_pkg:${AMENT_PREFIX_PATH} CMAKE_PREFIX_PATH=/home/hareesh/risk/install/kuka_arm_pkg:/opt/ros/humble /usr/bin/cmake --install /home/hareesh/risk/build/kuka_arm_moveit
[6.554s] Level 1:colcon.colcon_core.environment:checking '/home/hareesh/risk/install/kuka_arm_moveit' for CMake config files
[6.554s] Level 1:colcon.colcon_core.shell:create_environment_hook('kuka_arm_moveit', 'cmake_prefix_path')
[6.554s] INFO:colcon.colcon_core.shell:Creating environment hook '/home/hareesh/risk/install/kuka_arm_moveit/share/kuka_arm_moveit/hook/cmake_prefix_path.ps1'
[6.554s] INFO:colcon.colcon_core.shell:Creating environment descriptor '/home/hareesh/risk/install/kuka_arm_moveit/share/kuka_arm_moveit/hook/cmake_prefix_path.dsv'
[6.554s] INFO:colcon.colcon_core.shell:Creating environment hook '/home/hareesh/risk/install/kuka_arm_moveit/share/kuka_arm_moveit/hook/cmake_prefix_path.sh'
[6.555s] Level 1:colcon.colcon_core.environment:checking '/home/hareesh/risk/install/kuka_arm_moveit/bin'
[6.555s] Level 1:colcon.colcon_core.environment:checking '/home/hareesh/risk/install/kuka_arm_moveit/lib/pkgconfig/kuka_arm_moveit.pc'
[6.555s] Level 1:colcon.colcon_core.environment:checking '/home/hareesh/risk/install/kuka_arm_moveit/lib/python3.10/site-packages'
[6.555s] Level 1:colcon.colcon_core.environment:checking '/home/hareesh/risk/install/kuka_arm_moveit/bin'
[6.555s] INFO:colcon.colcon_core.shell:Creating package script '/home/hareesh/risk/install/kuka_arm_moveit/share/kuka_arm_moveit/package.ps1'
[6.555s] INFO:colcon.colcon_core.shell:Creating package descriptor '/home/hareesh/risk/install/kuka_arm_moveit/share/kuka_arm_moveit/package.dsv'
[6.555s] INFO:colcon.colcon_core.shell:Creating package script '/home/hareesh/risk/install/kuka_arm_moveit/share/kuka_arm_moveit/package.sh'
[6.556s] INFO:colcon.colcon_core.shell:Creating package script '/home/hareesh/risk/install/kuka_arm_moveit/share/kuka_arm_moveit/package.bash'
[6.556s] INFO:colcon.colcon_core.shell:Creating package script '/home/hareesh/risk/install/kuka_arm_moveit/share/kuka_arm_moveit/package.zsh'
[6.556s] Level 1:colcon.colcon_core.environment:create_file_with_runtime_dependencies(/home/hareesh/risk/install/kuka_arm_moveit/share/colcon-core/packages/kuka_arm_moveit)
[6.567s] Level 1:colcon.colcon_core.environment:create_environment_scripts_only(kuka_arm_moveit)
[6.567s] Level 1:colcon.colcon_core.environment:checking '/home/hareesh/risk/install/kuka_arm_moveit' for CMake module files
[6.568s] Level 1:colcon.colcon_core.environment:checking '/home/hareesh/risk/install/kuka_arm_moveit' for CMake config files
[6.568s] Level 1:colcon.colcon_core.shell:create_environment_hook('kuka_arm_moveit', 'cmake_prefix_path')
[6.568s] INFO:colcon.colcon_core.shell:Creating environment hook '/home/hareesh/risk/install/kuka_arm_moveit/share/kuka_arm_moveit/hook/cmake_prefix_path.ps1'
[6.568s] INFO:colcon.colcon_core.shell:Creating environment descriptor '/home/hareesh/risk/install/kuka_arm_moveit/share/kuka_arm_moveit/hook/cmake_prefix_path.dsv'
[6.569s] INFO:colcon.colcon_core.shell:Creating environment hook '/home/hareesh/risk/install/kuka_arm_moveit/share/kuka_arm_moveit/hook/cmake_prefix_path.sh'
[6.569s] Level 1:colcon.colcon_core.environment:checking '/home/hareesh/risk/install/kuka_arm_moveit/bin'
[6.569s] Level 1:colcon.colcon_core.environment:checking '/home/hareesh/risk/install/kuka_arm_moveit/lib/pkgconfig/kuka_arm_moveit.pc'
[6.569s] Level 1:colcon.colcon_core.environment:checking '/home/hareesh/risk/install/kuka_arm_moveit/lib/python3.10/site-packages'
[6.569s] Level 1:colcon.colcon_core.environment:checking '/home/hareesh/risk/install/kuka_arm_moveit/bin'
[6.570s] INFO:colcon.colcon_core.shell:Creating package script '/home/hareesh/risk/install/kuka_arm_moveit/share/kuka_arm_moveit/package.ps1'
[6.570s] INFO:colcon.colcon_core.shell:Creating package descriptor '/home/hareesh/risk/install/kuka_arm_moveit/share/kuka_arm_moveit/package.dsv'
[6.570s] INFO:colcon.colcon_core.shell:Creating package script '/home/hareesh/risk/install/kuka_arm_moveit/share/kuka_arm_moveit/package.sh'
[6.570s] INFO:colcon.colcon_core.shell:Creating package script '/home/hareesh/risk/install/kuka_arm_moveit/share/kuka_arm_moveit/package.bash'
[6.571s] INFO:colcon.colcon_core.shell:Creating package script '/home/hareesh/risk/install/kuka_arm_moveit/share/kuka_arm_moveit/package.zsh'
[6.571s] Level 1:colcon.colcon_core.environment:create_file_with_runtime_dependencies(/home/hareesh/risk/install/kuka_arm_moveit/share/colcon-core/packages/kuka_arm_moveit)
[6.571s] DEBUG:colcon.colcon_parallel_executor.executor.parallel:closing loop
[6.571s] DEBUG:colcon.colcon_parallel_executor.executor.parallel:loop closed
[6.571s] DEBUG:colcon.colcon_parallel_executor.executor.parallel:run_until_complete finished with '0'
[6.571s] DEBUG:colcon.colcon_core.event_reactor:joining thread
[6.575s] INFO:colcon.colcon_core.plugin_system:Skipping extension 'colcon_notification.desktop_notification.terminal_notifier': Not used on non-Darwin systems
[6.575s] INFO:colcon.colcon_core.plugin_system:Skipping extension 'colcon_notification.desktop_notification.win32': Not used on non-Windows systems
[6.575s] INFO:colcon.colcon_notification.desktop_notification:Sending desktop notification using 'notify2'
[6.589s] DEBUG:colcon.colcon_core.event_reactor:joined thread
[6.589s] INFO:colcon.colcon_core.shell:Creating prefix script '/home/hareesh/risk/install/local_setup.ps1'
[6.590s] INFO:colcon.colcon_core.shell:Creating prefix util module '/home/hareesh/risk/install/_local_setup_util_ps1.py'
[6.591s] INFO:colcon.colcon_core.shell:Creating prefix chain script '/home/hareesh/risk/install/setup.ps1'
[6.592s] INFO:colcon.colcon_core.shell:Creating prefix script '/home/hareesh/risk/install/local_setup.sh'
[6.593s] INFO:colcon.colcon_core.shell:Creating prefix util module '/home/hareesh/risk/install/_local_setup_util_sh.py'
[6.593s] INFO:colcon.colcon_core.shell:Creating prefix chain script '/home/hareesh/risk/install/setup.sh'
[6.594s] INFO:colcon.colcon_core.shell:Creating prefix script '/home/hareesh/risk/install/local_setup.bash'
[6.595s] INFO:colcon.colcon_core.shell:Creating prefix chain script '/home/hareesh/risk/install/setup.bash'
[6.595s] INFO:colcon.colcon_core.shell:Creating prefix script '/home/hareesh/risk/install/local_setup.zsh'
[6.595s] INFO:colcon.colcon_core.shell:Creating prefix chain script '/home/hareesh/risk/install/setup.zsh'
