[0.008s] Invoking command in '/home/hareesh/risk/build/kuka_arm_pkg': CMAKE_PREFIX_PATH=/opt/ros/humble /usr/bin/cmake --build /home/hareesh/risk/build/kuka_arm_pkg -- -j16 -l16
[0.045s] -- Found ament_cmake: 1.3.10 (/opt/ros/humble/share/ament_cmake/cmake)
[0.128s] -- Override CMake install command with custom implementation using symlinks instead of copying resources
[0.137s] -- Found rclcpp: 16.0.10 (/opt/ros/humble/share/rclcpp/cmake)
[0.162s] -- Found rosidl_generator_c: 3.1.5 (/opt/ros/humble/share/rosidl_generator_c/cmake)
[0.164s] -- Found rosidl_adapter: 3.1.5 (/opt/ros/humble/share/rosidl_adapter/cmake)
[0.168s] -- Found rosidl_generator_cpp: 3.1.5 (/opt/ros/humble/share/rosidl_generator_cpp/cmake)
[0.176s] -- Using all available rosidl_typesupport_c: rosidl_typesupport_fastrtps_c;rosidl_typesupport_introspection_c
[0.184s] -- Using all available rosidl_typesupport_cpp: rosidl_typesupport_fastrtps_cpp;rosidl_typesupport_introspection_cpp
[0.207s] -- Found rmw_implementation_cmake: 6.1.2 (/opt/ros/humble/share/rmw_implementation_cmake/cmake)
[0.209s] -- Found rmw_fastrtps_cpp: 6.2.7 (/opt/ros/humble/share/rmw_fastrtps_cpp/cmake)
[0.270s] -- Using RMW implementation 'rmw_fastrtps_cpp' as default
[0.303s] -- Found trajectory_msgs: 4.2.4 (/opt/ros/humble/share/trajectory_msgs/cmake)
[0.322s] -- Found moveit_ros_planning: 2.5.5 (/opt/ros/humble/share/moveit_ros_planning/cmake)
[0.331s] -- Found Boost: /usr/lib/x86_64-linux-gnu/cmake/Boost-1.74.0/BoostConfig.cmake (found version "1.74.0") found components: system filesystem date_time program_options thread chrono 
[0.413s] -- Found Boost: /usr/lib/x86_64-linux-gnu/cmake/Boost-1.74.0/BoostConfig.cmake (found version "1.74.0") found components: chrono date_time filesystem iostreams program_options regex serialization system thread 
[0.418s] -- Found parameter_traits: 0.3.8 (/opt/ros/humble/share/parameter_traits/cmake)
[0.424s] -- Found rclcpp_lifecycle: 16.0.10 (/opt/ros/humble/share/rclcpp_lifecycle/cmake)
[0.438s] -- Found Boost: /usr/lib/x86_64-linux-gnu/cmake/Boost-1.74.0/BoostConfig.cmake (found version "1.74.0") found components: filesystem 
[0.459s] -- library: /usr/lib/x86_64-linux-gnu/libcurl.so
[0.496s] -- Ensuring Eigen3 include directory is part of orocos-kdl CMake target
[0.561s] -- Found moveit_ros_planning_interface: 2.5.5 (/opt/ros/humble/share/moveit_ros_planning_interface/cmake)
[0.564s] -- Found Boost: /usr/lib/x86_64-linux-gnu/cmake/Boost-1.74.0/BoostConfig.cmake (found version "1.74.0") found components: date_time filesystem program_options system thread 
[0.572s] -- Found Boost: /usr/lib/x86_64-linux-gnu/cmake/Boost-1.74.0/BoostConfig.cmake (found version "1.74.0") found components: thread system filesystem regex date_time program_options 
[0.584s] -- Found Boost: /usr/lib/x86_64-linux-gnu/cmake/Boost-1.74.0/BoostConfig.cmake (found version "1.74.0") found components: system filesystem date_time program_options thread 
[0.601s] -- Found graph_msgs: 0.2.0 (/opt/ros/humble/share/graph_msgs/cmake)
[0.651s] -- Configuring done
[0.673s] -- Generating done
[0.674s] -- Build files have been written to: /home/hareesh/risk/build/kuka_arm_pkg
[0.692s] [35m[1mConsolidate compiler generated dependencies of target jtc_node[0m
[0.693s] [35m[1mConsolidate compiler generated dependencies of target moveit_drive[0m
[0.709s] [ 50%] Built target jtc_node
[0.721s] [100%] Built target moveit_drive
[0.728s] Invoked command in '/home/hareesh/risk/build/kuka_arm_pkg' returned '0': CMAKE_PREFIX_PATH=/opt/ros/humble /usr/bin/cmake --build /home/hareesh/risk/build/kuka_arm_pkg -- -j16 -l16
[0.749s] Invoking command in '/home/hareesh/risk/build/kuka_arm_pkg': CMAKE_PREFIX_PATH=/opt/ros/humble /usr/bin/cmake --install /home/hareesh/risk/build/kuka_arm_pkg
[0.753s] -- Install configuration: ""
[0.754s] -- Execute custom install script
[0.754s] -- Up-to-date symlink: /home/hareesh/risk/install/kuka_arm_pkg/lib/kuka_arm_pkg/jtc_node
[0.754s] -- Up-to-date symlink: /home/hareesh/risk/install/kuka_arm_pkg/lib/kuka_arm_pkg/moveit_drive
[0.754s] -- Up-to-date symlink: /home/hareesh/risk/install/kuka_arm_pkg/share/kuka_arm_pkg/src/cam_coord.py
[0.754s] -- Up-to-date symlink: /home/hareesh/risk/install/kuka_arm_pkg/share/kuka_arm_pkg/src/gazebo_camera_node.py
[0.754s] -- Up-to-date symlink: /home/hareesh/risk/install/kuka_arm_pkg/share/kuka_arm_pkg/src/joint_trajectory_controller.cpp
[0.754s] -- Up-to-date symlink: /home/hareesh/risk/install/kuka_arm_pkg/share/kuka_arm_pkg/src/motion_drive_moveit.cpp
[0.754s] -- Up-to-date symlink: /home/hareesh/risk/install/kuka_arm_pkg/share/kuka_arm_pkg/src/pick_and_place.py
[0.755s] -- Up-to-date symlink: /home/hareesh/risk/install/kuka_arm_pkg/share/kuka_arm_pkg/urdf/camera.urdf.xacro
[0.755s] -- Up-to-date symlink: /home/hareesh/risk/install/kuka_arm_pkg/share/kuka_arm_pkg/urdf/kr210.gazebo.xacro
[0.755s] -- Up-to-date symlink: /home/hareesh/risk/install/kuka_arm_pkg/share/kuka_arm_pkg/urdf/kr210.ros2control.xacro
[0.755s] -- Up-to-date symlink: /home/hareesh/risk/install/kuka_arm_pkg/share/kuka_arm_pkg/urdf/kr210.urdf.xacro
[0.755s] -- Up-to-date symlink: /home/hareesh/risk/install/kuka_arm_pkg/share/kuka_arm_pkg/urdf/kr210_moveit.urdf.xacro
[0.755s] -- Up-to-date symlink: /home/hareesh/risk/install/kuka_arm_pkg/share/kuka_arm_pkg/urdf/target.urdf.xacro
[0.755s] -- Up-to-date symlink: /home/hareesh/risk/install/kuka_arm_pkg/share/kuka_arm_pkg/meshes/gripper/finger_left.dae
[0.755s] -- Up-to-date symlink: /home/hareesh/risk/install/kuka_arm_pkg/share/kuka_arm_pkg/meshes/gripper/finger_left_collision.dae
[0.755s] -- Up-to-date symlink: /home/hareesh/risk/install/kuka_arm_pkg/share/kuka_arm_pkg/meshes/gripper/finger_right.dae
[0.755s] -- Up-to-date symlink: /home/hareesh/risk/install/kuka_arm_pkg/share/kuka_arm_pkg/meshes/gripper/finger_right_collision.dae
[0.755s] -- Up-to-date symlink: /home/hareesh/risk/install/kuka_arm_pkg/share/kuka_arm_pkg/meshes/gripper/gripper_base.dae
[0.755s] -- Up-to-date symlink: /home/hareesh/risk/install/kuka_arm_pkg/share/kuka_arm_pkg/meshes/kr210l150/README.md
[0.755s] -- Up-to-date symlink: /home/hareesh/risk/install/kuka_arm_pkg/share/kuka_arm_pkg/meshes/kr210l150/collision/base_link.stl
[0.755s] -- Up-to-date symlink: /home/hareesh/risk/install/kuka_arm_pkg/share/kuka_arm_pkg/meshes/kr210l150/collision/link_1.stl
[0.755s] -- Up-to-date symlink: /home/hareesh/risk/install/kuka_arm_pkg/share/kuka_arm_pkg/meshes/kr210l150/collision/link_2.stl
[0.755s] -- Up-to-date symlink: /home/hareesh/risk/install/kuka_arm_pkg/share/kuka_arm_pkg/meshes/kr210l150/collision/link_3.stl
[0.755s] -- Up-to-date symlink: /home/hareesh/risk/install/kuka_arm_pkg/share/kuka_arm_pkg/meshes/kr210l150/collision/link_4.stl
[0.755s] -- Up-to-date symlink: /home/hareesh/risk/install/kuka_arm_pkg/share/kuka_arm_pkg/meshes/kr210l150/collision/link_5.stl
[0.755s] -- Up-to-date symlink: /home/hareesh/risk/install/kuka_arm_pkg/share/kuka_arm_pkg/meshes/kr210l150/collision/link_6.stl
[0.755s] -- Up-to-date symlink: /home/hareesh/risk/install/kuka_arm_pkg/share/kuka_arm_pkg/meshes/kr210l150/visual/base_link.dae
[0.755s] -- Up-to-date symlink: /home/hareesh/risk/install/kuka_arm_pkg/share/kuka_arm_pkg/meshes/kr210l150/visual/link_1.dae
[0.756s] -- Up-to-date symlink: /home/hareesh/risk/install/kuka_arm_pkg/share/kuka_arm_pkg/meshes/kr210l150/visual/link_2.dae
[0.756s] -- Up-to-date symlink: /home/hareesh/risk/install/kuka_arm_pkg/share/kuka_arm_pkg/meshes/kr210l150/visual/link_3.dae
[0.756s] -- Up-to-date symlink: /home/hareesh/risk/install/kuka_arm_pkg/share/kuka_arm_pkg/meshes/kr210l150/visual/link_4.dae
[0.756s] -- Up-to-date symlink: /home/hareesh/risk/install/kuka_arm_pkg/share/kuka_arm_pkg/meshes/kr210l150/visual/link_5.dae
[0.756s] -- Up-to-date symlink: /home/hareesh/risk/install/kuka_arm_pkg/share/kuka_arm_pkg/meshes/kr210l150/visual/link_6.dae
[0.756s] -- Up-to-date symlink: /home/hareesh/risk/install/kuka_arm_pkg/share/kuka_arm_pkg/config/kuka_arm.rviz
[0.756s] -- Up-to-date symlink: /home/hareesh/risk/install/kuka_arm_pkg/share/kuka_arm_pkg/config/kuka_arm_controllers.yaml
[0.756s] -- Up-to-date symlink: /home/hareesh/risk/install/kuka_arm_pkg/share/kuka_arm_pkg/launch/1_rviz_kuka_arm.launch.py
[0.756s] -- Up-to-date symlink: /home/hareesh/risk/install/kuka_arm_pkg/share/kuka_arm_pkg/launch/2_gazebo_kuka_arm.launch.py
[0.756s] -- Up-to-date symlink: /home/hareesh/risk/install/kuka_arm_pkg/share/kuka_arm_pkg/launch/3_moveit_kuka_arm.launch.py
[0.756s] -- Up-to-date symlink: /home/hareesh/risk/install/kuka_arm_pkg/share/kuka_arm_pkg/launch/4_moveit_node_controlling.launch.py
[0.756s] -- Up-to-date symlink: /home/hareesh/risk/install/kuka_arm_pkg/share/kuka_arm_pkg/launch/5_world.launch.py
[0.756s] -- Up-to-date symlink: /home/hareesh/risk/install/kuka_arm_pkg/share/kuka_arm_pkg/models/kinematics_bin/kinematics_bin.dae
[0.756s] -- Up-to-date symlink: /home/hareesh/risk/install/kuka_arm_pkg/share/kuka_arm_pkg/models/kinematics_bin/model.config
[0.756s] -- Up-to-date symlink: /home/hareesh/risk/install/kuka_arm_pkg/share/kuka_arm_pkg/models/kinematics_bin/model.sdf
[0.756s] -- Up-to-date symlink: /home/hareesh/risk/install/kuka_arm_pkg/share/kuka_arm_pkg/models/kinematics_shelf/kinematics_shelf.dae
[0.756s] -- Up-to-date symlink: /home/hareesh/risk/install/kuka_arm_pkg/share/kuka_arm_pkg/models/kinematics_shelf/model.config
[0.757s] -- Up-to-date symlink: /home/hareesh/risk/install/kuka_arm_pkg/share/kuka_arm_pkg/models/kinematics_shelf/model.sdf
[0.757s] -- Up-to-date symlink: /home/hareesh/risk/install/kuka_arm_pkg/share/kuka_arm_pkg/worlds/cafe.world
[0.757s] -- Up-to-date symlink: /home/hareesh/risk/install/kuka_arm_pkg/share/kuka_arm_pkg/worlds/pick_and_place.world
[0.757s] -- Up-to-date symlink: /home/hareesh/risk/install/kuka_arm_pkg/share/kuka_arm_pkg/worlds/workspace.world
[0.757s] -- Up-to-date symlink: /home/hareesh/risk/install/kuka_arm_pkg/lib/kuka_arm_pkg/gazebo_camera_node.py
[0.757s] -- Up-to-date symlink: /home/hareesh/risk/install/kuka_arm_pkg/lib/kuka_arm_pkg/cam_coord.py
[0.757s] -- Up-to-date symlink: /home/hareesh/risk/install/kuka_arm_pkg/lib/kuka_arm_pkg/pick_and_place.py
[0.757s] -- Up-to-date symlink: /home/hareesh/risk/install/kuka_arm_pkg/share/ament_index/resource_index/package_run_dependencies/kuka_arm_pkg
[0.757s] -- Up-to-date symlink: /home/hareesh/risk/install/kuka_arm_pkg/share/ament_index/resource_index/parent_prefix_path/kuka_arm_pkg
[0.757s] -- Up-to-date symlink: /home/hareesh/risk/install/kuka_arm_pkg/share/kuka_arm_pkg/environment/ament_prefix_path.sh
[0.757s] -- Up-to-date symlink: /home/hareesh/risk/install/kuka_arm_pkg/share/kuka_arm_pkg/environment/ament_prefix_path.dsv
[0.757s] -- Up-to-date symlink: /home/hareesh/risk/install/kuka_arm_pkg/share/kuka_arm_pkg/environment/path.sh
[0.757s] -- Up-to-date symlink: /home/hareesh/risk/install/kuka_arm_pkg/share/kuka_arm_pkg/environment/path.dsv
[0.757s] -- Up-to-date symlink: /home/hareesh/risk/install/kuka_arm_pkg/share/kuka_arm_pkg/local_setup.bash
[0.757s] -- Up-to-date symlink: /home/hareesh/risk/install/kuka_arm_pkg/share/kuka_arm_pkg/local_setup.sh
[0.758s] -- Up-to-date symlink: /home/hareesh/risk/install/kuka_arm_pkg/share/kuka_arm_pkg/local_setup.zsh
[0.758s] -- Up-to-date symlink: /home/hareesh/risk/install/kuka_arm_pkg/share/kuka_arm_pkg/local_setup.dsv
[0.758s] -- Symlinking: /home/hareesh/risk/install/kuka_arm_pkg/share/kuka_arm_pkg/package.dsv
[0.763s] -- Up-to-date symlink: /home/hareesh/risk/install/kuka_arm_pkg/share/ament_index/resource_index/packages/kuka_arm_pkg
[0.763s] -- Up-to-date symlink: /home/hareesh/risk/install/kuka_arm_pkg/share/kuka_arm_pkg/cmake/kuka_arm_pkgConfig.cmake
[0.763s] -- Up-to-date symlink: /home/hareesh/risk/install/kuka_arm_pkg/share/kuka_arm_pkg/cmake/kuka_arm_pkgConfig-version.cmake
[0.763s] -- Up-to-date symlink: /home/hareesh/risk/install/kuka_arm_pkg/share/kuka_arm_pkg/package.xml
[0.764s] Invoked command in '/home/hareesh/risk/build/kuka_arm_pkg' returned '0': CMAKE_PREFIX_PATH=/opt/ros/humble /usr/bin/cmake --install /home/hareesh/risk/build/kuka_arm_pkg
