[0.004s] Invoking command in '/home/hareesh/risk/build/kuka_arm_moveit': AMENT_PREFIX_PATH=/home/hareesh/risk/install/kuka_arm_pkg:${AMENT_PREFIX_PATH} CMAKE_PREFIX_PATH=/home/hareesh/risk/install/kuka_arm_pkg:/opt/ros/humble /usr/bin/cmake /home/hareesh/risk/kuka_arm_moveit -DAMENT_CMAKE_SYMLINK_INSTALL=1 -DCMAKE_INSTALL_PREFIX=/home/hareesh/risk/install/kuka_arm_moveit
[0.011s] -- Found ament_cmake: 1.3.10 (/opt/ros/humble/share/ament_cmake/cmake)
[0.079s] -- Override CMake install command with custom implementation using symlinks instead of copying resources
[0.121s] -- Configuring done
[0.123s] -- Generating done
[0.123s] -- Build files have been written to: /home/hareesh/risk/build/kuka_arm_moveit
[0.125s] Invoked command in '/home/hareesh/risk/build/kuka_arm_moveit' returned '0': AMENT_PREFIX_PATH=/home/hareesh/risk/install/kuka_arm_pkg:${AMENT_PREFIX_PATH} CMAKE_PREFIX_PATH=/home/hareesh/risk/install/kuka_arm_pkg:/opt/ros/humble /usr/bin/cmake /home/hareesh/risk/kuka_arm_moveit -DAMENT_CMAKE_SYMLINK_INSTALL=1 -DCMAKE_INSTALL_PREFIX=/home/hareesh/risk/install/kuka_arm_moveit
[0.126s] Invoking command in '/home/hareesh/risk/build/kuka_arm_moveit': AMENT_PREFIX_PATH=/home/hareesh/risk/install/kuka_arm_pkg:${AMENT_PREFIX_PATH} CMAKE_PREFIX_PATH=/home/hareesh/risk/install/kuka_arm_pkg:/opt/ros/humble /usr/bin/cmake --build /home/hareesh/risk/build/kuka_arm_moveit -- -j16 -l16
[0.146s] Invoked command in '/home/hareesh/risk/build/kuka_arm_moveit' returned '0': AMENT_PREFIX_PATH=/home/hareesh/risk/install/kuka_arm_pkg:${AMENT_PREFIX_PATH} CMAKE_PREFIX_PATH=/home/hareesh/risk/install/kuka_arm_pkg:/opt/ros/humble /usr/bin/cmake --build /home/hareesh/risk/build/kuka_arm_moveit -- -j16 -l16
[0.158s] Invoking command in '/home/hareesh/risk/build/kuka_arm_moveit': AMENT_PREFIX_PATH=/home/hareesh/risk/install/kuka_arm_pkg:${AMENT_PREFIX_PATH} CMAKE_PREFIX_PATH=/home/hareesh/risk/install/kuka_arm_pkg:/opt/ros/humble /usr/bin/cmake --install /home/hareesh/risk/build/kuka_arm_moveit
[0.162s] -- Install configuration: ""
[0.162s] -- Execute custom install script
[0.163s] -- Symlinking: /home/hareesh/risk/install/kuka_arm_moveit/share/ament_index/resource_index/package_run_dependencies/kuka_arm_moveit
[0.167s] -- Symlinking: /home/hareesh/risk/install/kuka_arm_moveit/share/ament_index/resource_index/parent_prefix_path/kuka_arm_moveit
[0.171s] -- Symlinking: /home/hareesh/risk/install/kuka_arm_moveit/share/kuka_arm_moveit/environment/ament_prefix_path.sh
[0.176s] -- Symlinking: /home/hareesh/risk/install/kuka_arm_moveit/share/kuka_arm_moveit/environment/ament_prefix_path.dsv
[0.180s] -- Symlinking: /home/hareesh/risk/install/kuka_arm_moveit/share/kuka_arm_moveit/environment/path.sh
[0.185s] -- Symlinking: /home/hareesh/risk/install/kuka_arm_moveit/share/kuka_arm_moveit/environment/path.dsv
[0.189s] -- Symlinking: /home/hareesh/risk/install/kuka_arm_moveit/share/kuka_arm_moveit/local_setup.bash
[0.193s] -- Symlinking: /home/hareesh/risk/install/kuka_arm_moveit/share/kuka_arm_moveit/local_setup.sh
[0.198s] -- Symlinking: /home/hareesh/risk/install/kuka_arm_moveit/share/kuka_arm_moveit/local_setup.zsh
[0.202s] -- Symlinking: /home/hareesh/risk/install/kuka_arm_moveit/share/kuka_arm_moveit/local_setup.dsv
[0.207s] -- Symlinking: /home/hareesh/risk/install/kuka_arm_moveit/share/kuka_arm_moveit/package.dsv
[0.212s] -- Symlinking: /home/hareesh/risk/install/kuka_arm_moveit/share/ament_index/resource_index/packages/kuka_arm_moveit
[0.217s] -- Symlinking: /home/hareesh/risk/install/kuka_arm_moveit/share/kuka_arm_moveit/cmake/kuka_arm_moveitConfig.cmake
[0.221s] -- Symlinking: /home/hareesh/risk/install/kuka_arm_moveit/share/kuka_arm_moveit/cmake/kuka_arm_moveitConfig-version.cmake
[0.225s] -- Symlinking: /home/hareesh/risk/install/kuka_arm_moveit/share/kuka_arm_moveit/package.xml
[0.230s] -- Symlinking: /home/hareesh/risk/install/kuka_arm_moveit/share/kuka_arm_moveit/launch/demo.launch.py
[0.235s] -- Symlinking: /home/hareesh/risk/install/kuka_arm_moveit/share/kuka_arm_moveit/launch/move_group.launch.py
[0.239s] -- Symlinking: /home/hareesh/risk/install/kuka_arm_moveit/share/kuka_arm_moveit/launch/moveit_rviz.launch.py
[0.244s] -- Symlinking: /home/hareesh/risk/install/kuka_arm_moveit/share/kuka_arm_moveit/launch/rsp.launch.py
[0.249s] -- Symlinking: /home/hareesh/risk/install/kuka_arm_moveit/share/kuka_arm_moveit/launch/setup_assistant.launch.py
[0.253s] -- Symlinking: /home/hareesh/risk/install/kuka_arm_moveit/share/kuka_arm_moveit/launch/spawn_controllers.launch.py
[0.259s] -- Symlinking: /home/hareesh/risk/install/kuka_arm_moveit/share/kuka_arm_moveit/launch/static_virtual_joint_tfs.launch.py
[0.263s] -- Symlinking: /home/hareesh/risk/install/kuka_arm_moveit/share/kuka_arm_moveit/launch/warehouse_db.launch.py
[0.268s] -- Symlinking: /home/hareesh/risk/install/kuka_arm_moveit/share/kuka_arm_moveit/config/initial_positions.yaml
[0.272s] -- Symlinking: /home/hareesh/risk/install/kuka_arm_moveit/share/kuka_arm_moveit/config/joint_limits.yaml
[0.277s] -- Symlinking: /home/hareesh/risk/install/kuka_arm_moveit/share/kuka_arm_moveit/config/kinematics.yaml
[0.281s] -- Symlinking: /home/hareesh/risk/install/kuka_arm_moveit/share/kuka_arm_moveit/config/kr210_arm.ros2_control.xacro
[0.285s] -- Symlinking: /home/hareesh/risk/install/kuka_arm_moveit/share/kuka_arm_moveit/config/kr210_arm.srdf
[0.289s] -- Symlinking: /home/hareesh/risk/install/kuka_arm_moveit/share/kuka_arm_moveit/config/kr210_arm.urdf.xacro
[0.294s] -- Symlinking: /home/hareesh/risk/install/kuka_arm_moveit/share/kuka_arm_moveit/config/moveit.rviz
[0.298s] -- Symlinking: /home/hareesh/risk/install/kuka_arm_moveit/share/kuka_arm_moveit/config/moveit_controllers.yaml
[0.302s] -- Symlinking: /home/hareesh/risk/install/kuka_arm_moveit/share/kuka_arm_moveit/config/pilz_cartesian_limits.yaml
[0.306s] -- Symlinking: /home/hareesh/risk/install/kuka_arm_moveit/share/kuka_arm_moveit/config/ros2_controllers.yaml
[0.311s] -- Symlinking: /home/hareesh/risk/install/kuka_arm_moveit/share/kuka_arm_moveit/.setup_assistant
[0.317s] Invoked command in '/home/hareesh/risk/build/kuka_arm_moveit' returned '0': AMENT_PREFIX_PATH=/home/hareesh/risk/install/kuka_arm_pkg:${AMENT_PREFIX_PATH} CMAKE_PREFIX_PATH=/home/hareesh/risk/install/kuka_arm_pkg:/opt/ros/humble /usr/bin/cmake --install /home/hareesh/risk/build/kuka_arm_moveit
