[35m[1mConsolidate compiler generated dependencies of target moveit_drive[0m
[ 50%] Built target jtc_node
[ 75%] [32mBuilding CXX object CMakeFiles/moveit_drive.dir/src/motion_drive_moveit.cpp.o[0m
[01m[K/home/hareesh/risk/kuka_arm_pkg/src/motion_drive_moveit.cpp:[m[K In constructor ‘[01m[KMoveRobot::MoveRobot()[m[K’:
[01m[K/home/hareesh/risk/kuka_arm_pkg/src/motion_drive_moveit.cpp:9:34:[m[K [01;31m[Kerror: [m[K‘[01m[Krclcpp::Logger::Logger()[m[K’ is private within this context
    9 |   MoveRobot() : Node("move_robot"[01;31m[K)[m[K
      |                                  [01;31m[K^[m[K
In file included from [01m[K/opt/ros/humble/include/rclcpp/rclcpp/logging.hpp:23[m[K,
                 from [01m[K/opt/ros/humble/include/rclcpp/rclcpp/client.hpp:40[m[K,
                 from [01m[K/opt/ros/humble/include/rclcpp/rclcpp/callback_group.hpp:24[m[K,
                 from [01m[K/opt/ros/humble/include/rclcpp/rclcpp/any_executable.hpp:20[m[K,
                 from [01m[K/opt/ros/humble/include/rclcpp/rclcpp/memory_strategy.hpp:25[m[K,
                 from [01m[K/opt/ros/humble/include/rclcpp/rclcpp/memory_strategies.hpp:18[m[K,
                 from [01m[K/opt/ros/humble/include/rclcpp/rclcpp/executor_options.hpp:20[m[K,
                 from [01m[K/opt/ros/humble/include/rclcpp/rclcpp/executor.hpp:37[m[K,
                 from [01m[K/opt/ros/humble/include/rclcpp/rclcpp/executors/multi_threaded_executor.hpp:25[m[K,
                 from [01m[K/opt/ros/humble/include/rclcpp/rclcpp/executors.hpp:21[m[K,
                 from [01m[K/opt/ros/humble/include/rclcpp/rclcpp/rclcpp.hpp:155[m[K,
                 from [01m[K/home/hareesh/risk/kuka_arm_pkg/src/motion_drive_moveit.cpp:2[m[K:
[01m[K/opt/ros/humble/include/rclcpp/rclcpp/logger.hpp:114:3:[m[K [01;36m[Knote: [m[Kdeclared private here
  114 |   [01;36m[KLogger[m[K()
      |   [01;36m[K^~~~~~[m[K
gmake[2]: *** [CMakeFiles/moveit_drive.dir/build.make:76: CMakeFiles/moveit_drive.dir/src/motion_drive_moveit.cpp.o] Error 1
gmake[1]: *** [CMakeFiles/Makefile2:165: CMakeFiles/moveit_drive.dir/all] Error 2
gmake: *** [Makefile:146: all] Error 2
